21:39:26 **** Build of configuration Debug for project Addressing_modes ****
make -r all 
Building target: Addressing_modes.axf
Invoking: MCU Linker
arm-none-eabi-gcc -nostdlib -L"C:\Users\Nick\Documents\LPCXpresso_8.2.2_650\workspace\lpc_board_nxp_lpcxpresso_1549\Debug" -L"C:\Users\Nick\Documents\LPCXpresso_8.2.2_650\workspace\lpc_chip_15xx\Debug" -Xlinker -Map="Addressing_modes.map" -Xlinker --gc-sections -Xlinker -print-memory-usage -mcpu=cortex-m3 -mthumb -T "Addressing_modes_Debug.ld" -o "Addressing_modes.axf"  ./src/Addressing_modes.o ./src/cr_startup_lpc15xx.o ./src/crp.o ./src/sysinit.o   -llpc_board_nxp_lpcxpresso_1549 -llpc_chip_15xx
Memory region         Used Size  Region Size  %age Used
       MFlash256:        4676 B       256 KB      1.78%
         Ram0_16:           8 B        16 KB      0.05%
         Ram1_16:          0 GB        16 KB      0.00%
          Ram2_4:          0 GB         4 KB      0.00%
Finished building target: Addressing_modes.axf
 
make --no-print-directory post-build
Performing post-build steps
arm-none-eabi-size "Addressing_modes.axf"; # arm-none-eabi-objcopy -v -O binary "Addressing_modes.axf" "Addressing_modes.bin" ; # checksum -p LPC1549 -d "Addressing_modes.bin";
   text	   data	    bss	    dec	    hex	filename
   4676	      0	      8	   4684	   124c	Addressing_modes.axf
 

21:39:27 Build Finished (took 407ms)

