15:20:14 **** Incremental Build of configuration Debug for project lpc_board_nxp_lpcxpresso_1549 ****
make -r all 
make: Nothing to be done for `all'.
15:20:15 **** Incremental Build of configuration Debug for project lpc_chip_15xx ****
make -r all 
make: Nothing to be done for `all'.
15:20:16 **** Incremental Build of configuration Debug for project Lab6 ****
make -r all 
Building file: ../src/Lab6.cpp
Invoking: MCU C++ Compiler
arm-none-eabi-c++ -D__NEWLIB__ -DDEBUG -D__CODE_RED -DCORE_M3 -D__USE_LPCOPEN -DCPP_USE_HEAP -D__LPC15XX__ -I"C:\Users\Nick\Documents\LPCXpresso_8.2.2_650\workspace\lpc_board_nxp_lpcxpresso_1549\inc" -I"C:\Users\Nick\Documents\LPCXpresso_8.2.2_650\workspace\lpc_chip_15xx\inc" -O0 -fno-common -g3 -Wall -c -fmessage-length=0 -fno-builtin -ffunction-sections -fdata-sections -fno-rtti -fno-exceptions -mcpu=cortex-m3 -mthumb -MMD -MP -MF"src/Lab6.d" -MT"src/Lab6.o" -MT"src/Lab6.d" -o "src/Lab6.o" "../src/Lab6.cpp"
In file included from ../src/Lab6.cpp:21:0:
../src/DeltaTime.h: In function 'void SysTick_Handler()':
../src/DeltaTime.h:29:14: warning: unused variable 'blink' [-Wunused-variable]
  static bool blink;
              ^
../src/Lab6.cpp: In function 'void SysTick_Handler()':
../src/Lab6.cpp:36:6: error: redefinition of 'void SysTick_Handler()'
 void SysTick_Handler(void){
      ^
In file included from ../src/Lab6.cpp:21:0:
../src/DeltaTime.h:26:6: note: 'void SysTick_Handler()' previously defined here
 void SysTick_Handler(void){
      ^
../src/Lab6.cpp:39:14: warning: unused variable 'blink' [-Wunused-variable]
  static bool blink;
              ^
../src/Lab6.cpp: In function 'bool enter_critical()':
../src/Lab6.cpp:53:6: error: redefinition of 'bool enter_critical()'
 bool enter_critical(void)
      ^
In file included from ../src/Lab6.cpp:21:0:
../src/DeltaTime.h:43:6: note: 'bool enter_critical()' previously defined here
 bool enter_critical(void)
      ^
../src/Lab6.cpp: In function 'void Sleep(uint32_t)':
../src/Lab6.cpp:62:6: error: redefinition of 'void Sleep(uint32_t)'
 void Sleep(uint32_t time)
      ^
In file included from ../src/Lab6.cpp:21:0:
../src/DeltaTime.h:52:6: note: 'void Sleep(uint32_t)' previously defined here
 void Sleep(uint32_t time)
      ^
../src/Lab6.cpp: In function 'int main()':
../src/Lab6.cpp:92:10: warning: unused variable 'button1state' [-Wunused-variable]
     bool button1state;
          ^
../src/Lab6.cpp:93:10: warning: unused variable 'button2state' [-Wunused-variable]
     bool button2state;
          ^
../src/Lab6.cpp:94:9: warning: unused variable 'counting' [-Wunused-variable]
     int counting = 0;
         ^
In file included from ../src/StateMachine.h:13:0,
                 from ../src/Lab6.cpp:22:
../src/BoardLED.h: At global scope:
../src/BoardLED.h:20:16: warning: 'lightport' defined but not used [-Wunused-variable]
 static uint8_t lightport[] = { 0, 1, 0, 0, 0 };
                ^
../src/BoardLED.h:21:16: warning: 'lightpins' defined but not used [-Wunused-variable]
 static uint8_t lightpins[] = { 24, 0, 27, 28, 12 };
                ^
make: *** [src/Lab6.o] Error 1
15:21:25 **** Incremental Build of configuration Debug for project lpc_board_nxp_lpcxpresso_1549 ****
make -r all 
make: Nothing to be done for `all'.
15:21:25 **** Incremental Build of configuration Debug for project lpc_chip_15xx ****
make -r all 
make: Nothing to be done for `all'.
15:21:26 **** Incremental Build of configuration Debug for project Lab6 ****
make -r all 
Building file: ../src/DeltaTime.cpp
Invoking: MCU C++ Compiler
arm-none-eabi-c++ -D__NEWLIB__ -DDEBUG -D__CODE_RED -DCORE_M3 -D__USE_LPCOPEN -DCPP_USE_HEAP -D__LPC15XX__ -I"C:\Users\Nick\Documents\LPCXpresso_8.2.2_650\workspace\lpc_board_nxp_lpcxpresso_1549\inc" -I"C:\Users\Nick\Documents\LPCXpresso_8.2.2_650\workspace\lpc_chip_15xx\inc" -O0 -fno-common -g3 -Wall -c -fmessage-length=0 -fno-builtin -ffunction-sections -fdata-sections -fno-rtti -fno-exceptions -mcpu=cortex-m3 -mthumb -MMD -MP -MF"src/DeltaTime.d" -MT"src/DeltaTime.o" -MT"src/DeltaTime.d" -o "src/DeltaTime.o" "../src/DeltaTime.cpp"
Finished building: ../src/DeltaTime.cpp
 
Building file: ../src/Lab6.cpp
Invoking: MCU C++ Compiler
arm-none-eabi-c++ -D__NEWLIB__ -DDEBUG -D__CODE_RED -DCORE_M3 -D__USE_LPCOPEN -DCPP_USE_HEAP -D__LPC15XX__ -I"C:\Users\Nick\Documents\LPCXpresso_8.2.2_650\workspace\lpc_board_nxp_lpcxpresso_1549\inc" -I"C:\Users\Nick\Documents\LPCXpresso_8.2.2_650\workspace\lpc_chip_15xx\inc" -O0 -fno-common -g3 -Wall -c -fmessage-length=0 -fno-builtin -ffunction-sections -fdata-sections -fno-rtti -fno-exceptions -mcpu=cortex-m3 -mthumb -MMD -MP -MF"src/Lab6.d" -MT"src/Lab6.o" -MT"src/Lab6.d" -o "src/Lab6.o" "../src/Lab6.cpp"
../src/Lab6.cpp:29:32: error: conflicting declaration 'const uint8_t lightport []'
 static const uint8_t lightport[] = { 0, 1, 0, 0, 0 };
                                ^
In file included from ../src/StateMachine.h:13:0,
                 from ../src/Lab6.cpp:22:
../src/BoardLED.h:20:16: note: previous declaration as 'uint8_t lightport [5]'
 static uint8_t lightport[] = { 0, 1, 0, 0, 0 };
                ^
../src/Lab6.cpp:30:32: error: conflicting declaration 'const uint8_t lightpins []'
 static const uint8_t lightpins[] = { 24, 0, 27, 28, 12 };
                                ^
In file included from ../src/StateMachine.h:13:0,
                 from ../src/Lab6.cpp:22:
../src/BoardLED.h:21:16: note: previous declaration as 'uint8_t lightpins [5]'
 static uint8_t lightpins[] = { 24, 0, 27, 28, 12 };
                ^
../src/Lab6.cpp: In function 'void SysTick_Handler()':
../src/Lab6.cpp:42:14: warning: unused variable 'blink' [-Wunused-variable]
  static bool blink;
              ^
../src/Lab6.cpp: In function 'int main()':
../src/Lab6.cpp:95:10: warning: unused variable 'button1state' [-Wunused-variable]
     bool button1state;
          ^
../src/Lab6.cpp:96:10: warning: unused variable 'button2state' [-Wunused-variable]
     bool button2state;
          ^
../src/Lab6.cpp:97:9: warning: unused variable 'counting' [-Wunused-variable]
     int counting = 0;
         ^
In file included from ../src/StateMachine.h:13:0,
                 from ../src/Lab6.cpp:22:
../src/BoardLED.h: At global scope:
../src/BoardLED.h:20:16: warning: 'lightport' defined but not used [-Wunused-variable]
 static uint8_t lightport[] = { 0, 1, 0, 0, 0 };
                ^
../src/BoardLED.h:21:16: warning: 'lightpins' defined but not used [-Wunused-variable]
 static uint8_t lightpins[] = { 24, 0, 27, 28, 12 };
                ^
make: *** [src/Lab6.o] Error 1
15:21:36 **** Incremental Build of configuration Debug for project lpc_board_nxp_lpcxpresso_1549 ****
make -r all 
make: Nothing to be done for `all'.
15:21:37 **** Incremental Build of configuration Debug for project lpc_chip_15xx ****
make -r all 
make: Nothing to be done for `all'.
15:21:38 **** Incremental Build of configuration Debug for project Lab6 ****
make -r all 
Building file: ../src/Lab6.cpp
Invoking: MCU C++ Compiler
arm-none-eabi-c++ -D__NEWLIB__ -DDEBUG -D__CODE_RED -DCORE_M3 -D__USE_LPCOPEN -DCPP_USE_HEAP -D__LPC15XX__ -I"C:\Users\Nick\Documents\LPCXpresso_8.2.2_650\workspace\lpc_board_nxp_lpcxpresso_1549\inc" -I"C:\Users\Nick\Documents\LPCXpresso_8.2.2_650\workspace\lpc_chip_15xx\inc" -O0 -fno-common -g3 -Wall -c -fmessage-length=0 -fno-builtin -ffunction-sections -fdata-sections -fno-rtti -fno-exceptions -mcpu=cortex-m3 -mthumb -MMD -MP -MF"src/Lab6.d" -MT"src/Lab6.o" -MT"src/Lab6.d" -o "src/Lab6.o" "../src/Lab6.cpp"
../src/Lab6.cpp: In function 'void SysTick_Handler()':
../src/Lab6.cpp:41:14: warning: unused variable 'blink' [-Wunused-variable]
  static bool blink;
              ^
../src/Lab6.cpp: In function 'int main()':
../src/Lab6.cpp:94:10: warning: unused variable 'button1state' [-Wunused-variable]
     bool button1state;
          ^
../src/Lab6.cpp:95:10: warning: unused variable 'button2state' [-Wunused-variable]
     bool button2state;
          ^
../src/Lab6.cpp:96:9: warning: unused variable 'counting' [-Wunused-variable]
     int counting = 0;
         ^
In file included from ../src/StateMachine.h:13:0,
                 from ../src/Lab6.cpp:22:
../src/BoardLED.h: At global scope:
../src/BoardLED.h:20:16: warning: 'lightport' defined but not used [-Wunused-variable]
 static uint8_t lightport[] = { 0, 1, 0, 0, 0 };
                ^
../src/BoardLED.h:21:16: warning: 'lightpins' defined but not used [-Wunused-variable]
 static uint8_t lightpins[] = { 24, 0, 27, 28, 12 };
                ^
Finished building: ../src/Lab6.cpp
 
Building file: ../src/StateMachine.cpp
Invoking: MCU C++ Compiler
arm-none-eabi-c++ -D__NEWLIB__ -DDEBUG -D__CODE_RED -DCORE_M3 -D__USE_LPCOPEN -DCPP_USE_HEAP -D__LPC15XX__ -I"C:\Users\Nick\Documents\LPCXpresso_8.2.2_650\workspace\lpc_board_nxp_lpcxpresso_1549\inc" -I"C:\Users\Nick\Documents\LPCXpresso_8.2.2_650\workspace\lpc_chip_15xx\inc" -O0 -fno-common -g3 -Wall -c -fmessage-length=0 -fno-builtin -ffunction-sections -fdata-sections -fno-rtti -fno-exceptions -mcpu=cortex-m3 -mthumb -MMD -MP -MF"src/StateMachine.d" -MT"src/StateMachine.o" -MT"src/StateMachine.d" -o "src/StateMachine.o" "../src/StateMachine.cpp"
In file included from ../src/StateMachine.h:13:0,
                 from ../src/StateMachine.cpp:8:
../src/BoardLED.h:20:16: warning: 'lightport' defined but not used [-Wunused-variable]
 static uint8_t lightport[] = { 0, 1, 0, 0, 0 };
                ^
../src/BoardLED.h:21:16: warning: 'lightpins' defined but not used [-Wunused-variable]
 static uint8_t lightpins[] = { 24, 0, 27, 28, 12 };
                ^
Finished building: ../src/StateMachine.cpp
 
Building target: Lab6.axf
Invoking: MCU C++ Linker
arm-none-eabi-c++ -nostdlib -L"C:\Users\Nick\Documents\LPCXpresso_8.2.2_650\workspace\lpc_board_nxp_lpcxpresso_1549\Debug" -L"C:\Users\Nick\Documents\LPCXpresso_8.2.2_650\workspace\lpc_chip_15xx\Debug" -Xlinker -Map="Lab6.map" -Xlinker --gc-sections -Xlinker -print-memory-usage -mcpu=cortex-m3 -mthumb -T "Lab6_Debug.ld" -o "Lab6.axf"  ./src/BarGraph.o ./src/DeltaTime.o ./src/DigitalIOPin.o ./src/ITM_write.o ./src/Lab6.o ./src/LiquidCrystal.o ./src/NewBarGraph.o ./src/StateMachine.o ./src/boardLED.o ./src/cr_cpp_config.o ./src/cr_startup_lpc15xx.o ./src/crp.o ./src/sysinit.o   -llpc_board_nxp_lpcxpresso_1549 -llpc_chip_15xx
Memory region         Used Size  Region Size  %age Used
       MFlash256:        9924 B       256 KB      3.79%
         Ram0_16:        2220 B        16 KB     13.55%
         Ram1_16:          0 GB        16 KB      0.00%
          Ram2_4:          0 GB         4 KB      0.00%
Finished building target: Lab6.axf
 
make --no-print-directory post-build
Performing post-build steps
arm-none-eabi-size "Lab6.axf"; # arm-none-eabi-objcopy -v -O binary "Lab6.axf" "Lab6.bin" ; # checksum -p LPC1549 -d "Lab6.bin";
   text	   data	    bss	    dec	    hex	filename
   7800	   2124	     96	  10020	   2724	Lab6.axf
 
15:24:19 **** Incremental Build of configuration Debug for project lpc_board_nxp_lpcxpresso_1549 ****
make -r all 
make: Nothing to be done for `all'.
15:24:20 **** Incremental Build of configuration Debug for project lpc_chip_15xx ****
make -r all 
make: Nothing to be done for `all'.
15:24:21 **** Incremental Build of configuration Debug for project Lab6 ****
make -r all 
Building file: ../src/DeltaTime.cpp
Invoking: MCU C++ Compiler
arm-none-eabi-c++ -D__NEWLIB__ -DDEBUG -D__CODE_RED -DCORE_M3 -D__USE_LPCOPEN -DCPP_USE_HEAP -D__LPC15XX__ -I"C:\Users\Nick\Documents\LPCXpresso_8.2.2_650\workspace\lpc_board_nxp_lpcxpresso_1549\inc" -I"C:\Users\Nick\Documents\LPCXpresso_8.2.2_650\workspace\lpc_chip_15xx\inc" -O0 -fno-common -g3 -Wall -c -fmessage-length=0 -fno-builtin -ffunction-sections -fdata-sections -fno-rtti -fno-exceptions -mcpu=cortex-m3 -mthumb -MMD -MP -MF"src/DeltaTime.d" -MT"src/DeltaTime.o" -MT"src/DeltaTime.d" -o "src/DeltaTime.o" "../src/DeltaTime.cpp"
../src/DeltaTime.cpp: In constructor 'DeltaTime::DeltaTime()':
../src/DeltaTime.cpp:11:10: error: 'ticks' was not declared in this scope
  start = ticks;
          ^
../src/DeltaTime.cpp: In member function 'void DeltaTime::startWait(uint32_t)':
../src/DeltaTime.cpp:16:10: error: 'ticks' was not declared in this scope
  start = ticks;
          ^
../src/DeltaTime.cpp: In member function 'bool DeltaTime::isDone()':
../src/DeltaTime.cpp:21:6: error: 'ticks' was not declared in this scope
  if (ticks >= until) { return true; }
      ^
../src/DeltaTime.cpp: In member function 'uint32_t DeltaTime::hasWaited()':
../src/DeltaTime.cpp:26:9: error: 'ticks' was not declared in this scope
  return ticks - start;
         ^
make: *** [src/DeltaTime.o] Error 1
15:25:07 **** Incremental Build of configuration Debug for project lpc_board_nxp_lpcxpresso_1549 ****
make -r all 
make: Nothing to be done for `all'.
15:25:08 **** Incremental Build of configuration Debug for project lpc_chip_15xx ****
make -r all 
make: Nothing to be done for `all'.
15:25:09 **** Incremental Build of configuration Debug for project Lab6 ****
make -r all 
Building file: ../src/DeltaTime.cpp
Invoking: MCU C++ Compiler
arm-none-eabi-c++ -D__NEWLIB__ -DDEBUG -D__CODE_RED -DCORE_M3 -D__USE_LPCOPEN -DCPP_USE_HEAP -D__LPC15XX__ -I"C:\Users\Nick\Documents\LPCXpresso_8.2.2_650\workspace\lpc_board_nxp_lpcxpresso_1549\inc" -I"C:\Users\Nick\Documents\LPCXpresso_8.2.2_650\workspace\lpc_chip_15xx\inc" -O0 -fno-common -g3 -Wall -c -fmessage-length=0 -fno-builtin -ffunction-sections -fdata-sections -fno-rtti -fno-exceptions -mcpu=cortex-m3 -mthumb -MMD -MP -MF"src/DeltaTime.d" -MT"src/DeltaTime.o" -MT"src/DeltaTime.d" -o "src/DeltaTime.o" "../src/DeltaTime.cpp"
Finished building: ../src/DeltaTime.cpp
 
Building file: ../src/Lab6.cpp
Invoking: MCU C++ Compiler
arm-none-eabi-c++ -D__NEWLIB__ -DDEBUG -D__CODE_RED -DCORE_M3 -D__USE_LPCOPEN -DCPP_USE_HEAP -D__LPC15XX__ -I"C:\Users\Nick\Documents\LPCXpresso_8.2.2_650\workspace\lpc_board_nxp_lpcxpresso_1549\inc" -I"C:\Users\Nick\Documents\LPCXpresso_8.2.2_650\workspace\lpc_chip_15xx\inc" -O0 -fno-common -g3 -Wall -c -fmessage-length=0 -fno-builtin -ffunction-sections -fdata-sections -fno-rtti -fno-exceptions -mcpu=cortex-m3 -mthumb -MMD -MP -MF"src/Lab6.d" -MT"src/Lab6.o" -MT"src/Lab6.d" -o "src/Lab6.o" "../src/Lab6.cpp"
../src/Lab6.cpp: In function 'void SysTick_Handler()':
../src/Lab6.cpp:39:14: warning: unused variable 'blink' [-Wunused-variable]
  static bool blink;
              ^
../src/Lab6.cpp: In function 'int main()':
../src/Lab6.cpp:92:10: warning: unused variable 'button1state' [-Wunused-variable]
     bool button1state;
          ^
../src/Lab6.cpp:93:10: warning: unused variable 'button2state' [-Wunused-variable]
     bool button2state;
          ^
../src/Lab6.cpp:94:9: warning: unused variable 'counting' [-Wunused-variable]
     int counting = 0;
         ^
In file included from ../src/StateMachine.h:13:0,
                 from ../src/Lab6.cpp:22:
../src/BoardLED.h: At global scope:
../src/BoardLED.h:20:16: warning: 'lightport' defined but not used [-Wunused-variable]
 static uint8_t lightport[] = { 0, 1, 0, 0, 0 };
                ^
../src/BoardLED.h:21:16: warning: 'lightpins' defined but not used [-Wunused-variable]
 static uint8_t lightpins[] = { 24, 0, 27, 28, 12 };
                ^
Finished building: ../src/Lab6.cpp
 
Building file: ../src/StateMachine.cpp
Invoking: MCU C++ Compiler
arm-none-eabi-c++ -D__NEWLIB__ -DDEBUG -D__CODE_RED -DCORE_M3 -D__USE_LPCOPEN -DCPP_USE_HEAP -D__LPC15XX__ -I"C:\Users\Nick\Documents\LPCXpresso_8.2.2_650\workspace\lpc_board_nxp_lpcxpresso_1549\inc" -I"C:\Users\Nick\Documents\LPCXpresso_8.2.2_650\workspace\lpc_chip_15xx\inc" -O0 -fno-common -g3 -Wall -c -fmessage-length=0 -fno-builtin -ffunction-sections -fdata-sections -fno-rtti -fno-exceptions -mcpu=cortex-m3 -mthumb -MMD -MP -MF"src/StateMachine.d" -MT"src/StateMachine.o" -MT"src/StateMachine.d" -o "src/StateMachine.o" "../src/StateMachine.cpp"
In file included from ../src/StateMachine.h:13:0,
                 from ../src/StateMachine.cpp:8:
../src/BoardLED.h:20:16: warning: 'lightport' defined but not used [-Wunused-variable]
 static uint8_t lightport[] = { 0, 1, 0, 0, 0 };
                ^
../src/BoardLED.h:21:16: warning: 'lightpins' defined but not used [-Wunused-variable]
 static uint8_t lightpins[] = { 24, 0, 27, 28, 12 };
                ^
Finished building: ../src/StateMachine.cpp
 
Building target: Lab6.axf
Invoking: MCU C++ Linker
arm-none-eabi-c++ -nostdlib -L"C:\Users\Nick\Documents\LPCXpresso_8.2.2_650\workspace\lpc_board_nxp_lpcxpresso_1549\Debug" -L"C:\Users\Nick\Documents\LPCXpresso_8.2.2_650\workspace\lpc_chip_15xx\Debug" -Xlinker -Map="Lab6.map" -Xlinker --gc-sections -Xlinker -print-memory-usage -mcpu=cortex-m3 -mthumb -T "Lab6_Debug.ld" -o "Lab6.axf"  ./src/BarGraph.o ./src/DeltaTime.o ./src/DigitalIOPin.o ./src/ITM_write.o ./src/Lab6.o ./src/LiquidCrystal.o ./src/NewBarGraph.o ./src/StateMachine.o ./src/boardLED.o ./src/cr_cpp_config.o ./src/cr_startup_lpc15xx.o ./src/crp.o ./src/sysinit.o   -llpc_board_nxp_lpcxpresso_1549 -llpc_chip_15xx
Memory region         Used Size  Region Size  %age Used
       MFlash256:        9924 B       256 KB      3.79%
         Ram0_16:        2220 B        16 KB     13.55%
         Ram1_16:          0 GB        16 KB      0.00%
          Ram2_4:          0 GB         4 KB      0.00%
Finished building target: Lab6.axf
 
make --no-print-directory post-build
Performing post-build steps
arm-none-eabi-size "Lab6.axf"; # arm-none-eabi-objcopy -v -O binary "Lab6.axf" "Lab6.bin" ; # checksum -p LPC1549 -d "Lab6.bin";
   text	   data	    bss	    dec	    hex	filename
   7800	   2124	     96	  10020	   2724	Lab6.axf
 
15:40:44 **** Incremental Build of configuration Debug for project lpc_board_nxp_lpcxpresso_1549 ****
make -r all 
make: Nothing to be done for `all'.
15:40:46 **** Incremental Build of configuration Debug for project lpc_chip_15xx ****
make -r all 
make: Nothing to be done for `all'.
15:40:47 **** Incremental Build of configuration Debug for project Lab6 ****
make -r all 
Building file: ../src/Lab6.cpp
Invoking: MCU C++ Compiler
arm-none-eabi-c++ -D__NEWLIB__ -DDEBUG -D__CODE_RED -DCORE_M3 -D__USE_LPCOPEN -DCPP_USE_HEAP -D__LPC15XX__ -I"C:\Users\Nick\Documents\LPCXpresso_8.2.2_650\workspace\lpc_board_nxp_lpcxpresso_1549\inc" -I"C:\Users\Nick\Documents\LPCXpresso_8.2.2_650\workspace\lpc_chip_15xx\inc" -O0 -fno-common -g3 -Wall -c -fmessage-length=0 -fno-builtin -ffunction-sections -fdata-sections -fno-rtti -fno-exceptions -mcpu=cortex-m3 -mthumb -MMD -MP -MF"src/Lab6.d" -MT"src/Lab6.o" -MT"src/Lab6.d" -o "src/Lab6.o" "../src/Lab6.cpp"
../src/Lab6.cpp: In function 'void SysTick_Handler()':
../src/Lab6.cpp:40:14: warning: unused variable 'blink' [-Wunused-variable]
  static bool blink;
              ^
../src/Lab6.cpp: In function 'int main()':
../src/Lab6.cpp:93:10: warning: unused variable 'button1state' [-Wunused-variable]
     bool button1state;
          ^
../src/Lab6.cpp:94:10: warning: unused variable 'button2state' [-Wunused-variable]
     bool button2state;
          ^
../src/Lab6.cpp:95:9: warning: unused variable 'counting' [-Wunused-variable]
     int counting = 0;
         ^
In file included from ../src/StateMachine.h:13:0,
                 from ../src/Lab6.cpp:22:
../src/BoardLED.h: At global scope:
../src/BoardLED.h:20:16: warning: 'lightport' defined but not used [-Wunused-variable]
 static uint8_t lightport[] = { 0, 1, 0, 0, 0 };
                ^
../src/BoardLED.h:21:16: warning: 'lightpins' defined but not used [-Wunused-variable]
 static uint8_t lightpins[] = { 24, 0, 27, 28, 12 };
                ^
Finished building: ../src/Lab6.cpp
 
Building file: ../src/StateMachine.cpp
Invoking: MCU C++ Compiler
arm-none-eabi-c++ -D__NEWLIB__ -DDEBUG -D__CODE_RED -DCORE_M3 -D__USE_LPCOPEN -DCPP_USE_HEAP -D__LPC15XX__ -I"C:\Users\Nick\Documents\LPCXpresso_8.2.2_650\workspace\lpc_board_nxp_lpcxpresso_1549\inc" -I"C:\Users\Nick\Documents\LPCXpresso_8.2.2_650\workspace\lpc_chip_15xx\inc" -O0 -fno-common -g3 -Wall -c -fmessage-length=0 -fno-builtin -ffunction-sections -fdata-sections -fno-rtti -fno-exceptions -mcpu=cortex-m3 -mthumb -MMD -MP -MF"src/StateMachine.d" -MT"src/StateMachine.o" -MT"src/StateMachine.d" -o "src/StateMachine.o" "../src/StateMachine.cpp"
../src/StateMachine.cpp: In member function 'void StateMachine::HandleState(bool, bool)':
../src/StateMachine.cpp:31:28: warning: format '%d' expects argument of type 'int', but argument 3 has type 'uint32_t {aka long unsigned int}' [-Wformat=]
   sprintf(count, "%d", time);
                            ^
In file included from ../src/StateMachine.h:13:0,
                 from ../src/StateMachine.cpp:8:
../src/BoardLED.h: At global scope:
../src/BoardLED.h:20:16: warning: 'lightport' defined but not used [-Wunused-variable]
 static uint8_t lightport[] = { 0, 1, 0, 0, 0 };
                ^
../src/BoardLED.h:21:16: warning: 'lightpins' defined but not used [-Wunused-variable]
 static uint8_t lightpins[] = { 24, 0, 27, 28, 12 };
                ^
Finished building: ../src/StateMachine.cpp
 
Building target: Lab6.axf
Invoking: MCU C++ Linker
arm-none-eabi-c++ -nostdlib -L"C:\Users\Nick\Documents\LPCXpresso_8.2.2_650\workspace\lpc_board_nxp_lpcxpresso_1549\Debug" -L"C:\Users\Nick\Documents\LPCXpresso_8.2.2_650\workspace\lpc_chip_15xx\Debug" -Xlinker -Map="Lab6.map" -Xlinker --gc-sections -Xlinker -print-memory-usage -mcpu=cortex-m3 -mthumb -T "Lab6_Debug.ld" -o "Lab6.axf"  ./src/BarGraph.o ./src/DeltaTime.o ./src/DigitalIOPin.o ./src/ITM_write.o ./src/Lab6.o ./src/LiquidCrystal.o ./src/NewBarGraph.o ./src/StateMachine.o ./src/boardLED.o ./src/cr_cpp_config.o ./src/cr_startup_lpc15xx.o ./src/crp.o ./src/sysinit.o   -llpc_board_nxp_lpcxpresso_1549 -llpc_chip_15xx
Memory region         Used Size  Region Size  %age Used
       MFlash256:       28004 B       256 KB     10.68%
         Ram0_16:        2284 B        16 KB     13.94%
         Ram1_16:          0 GB        16 KB      0.00%
          Ram2_4:          0 GB         4 KB      0.00%
Finished building target: Lab6.axf
 
make --no-print-directory post-build
Performing post-build steps
arm-none-eabi-size "Lab6.axf"; # arm-none-eabi-objcopy -v -O binary "Lab6.axf" "Lab6.bin" ; # checksum -p LPC1549 -d "Lab6.bin";
   text	   data	    bss	    dec	    hex	filename
  25824	   2180	    104	  28108	   6dcc	Lab6.axf
 
15:40:57 **** Incremental Build of configuration Debug for project lpc_board_nxp_lpcxpresso_1549 ****
make -r all 
make: Nothing to be done for `all'.
15:40:57 **** Incremental Build of configuration Debug for project lpc_chip_15xx ****
make -r all 
make: Nothing to be done for `all'.
15:40:58 **** Incremental Build of configuration Debug for project Lab6 ****
make -r all 
make: Nothing to be done for `all'.
15:40:59 **** Incremental Build of configuration Debug for project Lab6 ****
make -r all 
make: Nothing to be done for `all'.
15:44:49 **** Incremental Build of configuration Debug for project lpc_board_nxp_lpcxpresso_1549 ****
make -r all 
make: Nothing to be done for `all'.
15:44:50 **** Incremental Build of configuration Debug for project lpc_chip_15xx ****
make -r all 
make: Nothing to be done for `all'.
15:44:51 **** Incremental Build of configuration Debug for project Lab6 ****
make -r all 
Building file: ../src/Lab6.cpp
Invoking: MCU C++ Compiler
arm-none-eabi-c++ -D__NEWLIB__ -DDEBUG -D__CODE_RED -DCORE_M3 -D__USE_LPCOPEN -DCPP_USE_HEAP -D__LPC15XX__ -I"C:\Users\Nick\Documents\LPCXpresso_8.2.2_650\workspace\lpc_board_nxp_lpcxpresso_1549\inc" -I"C:\Users\Nick\Documents\LPCXpresso_8.2.2_650\workspace\lpc_chip_15xx\inc" -O0 -fno-common -g3 -Wall -c -fmessage-length=0 -fno-builtin -ffunction-sections -fdata-sections -fno-rtti -fno-exceptions -mcpu=cortex-m3 -mthumb -MMD -MP -MF"src/Lab6.d" -MT"src/Lab6.o" -MT"src/Lab6.d" -o "src/Lab6.o" "../src/Lab6.cpp"
../src/Lab6.cpp: In function 'void SysTick_Handler()':
../src/Lab6.cpp:40:14: warning: unused variable 'blink' [-Wunused-variable]
  static bool blink;
              ^
../src/Lab6.cpp: In function 'int main()':
../src/Lab6.cpp:93:10: warning: unused variable 'button1state' [-Wunused-variable]
     bool button1state;
          ^
../src/Lab6.cpp:94:10: warning: unused variable 'button2state' [-Wunused-variable]
     bool button2state;
          ^
../src/Lab6.cpp:95:9: warning: unused variable 'counting' [-Wunused-variable]
     int counting = 0;
         ^
In file included from ../src/StateMachine.h:13:0,
                 from ../src/Lab6.cpp:22:
../src/BoardLED.h: At global scope:
../src/BoardLED.h:20:16: warning: 'lightport' defined but not used [-Wunused-variable]
 static uint8_t lightport[] = { 0, 1, 0, 0, 0 };
                ^
../src/BoardLED.h:21:16: warning: 'lightpins' defined but not used [-Wunused-variable]
 static uint8_t lightpins[] = { 24, 0, 27, 28, 12 };
                ^
Finished building: ../src/Lab6.cpp
 
Building target: Lab6.axf
Invoking: MCU C++ Linker
arm-none-eabi-c++ -nostdlib -L"C:\Users\Nick\Documents\LPCXpresso_8.2.2_650\workspace\lpc_board_nxp_lpcxpresso_1549\Debug" -L"C:\Users\Nick\Documents\LPCXpresso_8.2.2_650\workspace\lpc_chip_15xx\Debug" -Xlinker -Map="Lab6.map" -Xlinker --gc-sections -Xlinker -print-memory-usage -mcpu=cortex-m3 -mthumb -T "Lab6_Debug.ld" -o "Lab6.axf"  ./src/BarGraph.o ./src/DeltaTime.o ./src/DigitalIOPin.o ./src/ITM_write.o ./src/Lab6.o ./src/LiquidCrystal.o ./src/NewBarGraph.o ./src/StateMachine.o ./src/boardLED.o ./src/cr_cpp_config.o ./src/cr_startup_lpc15xx.o ./src/crp.o ./src/sysinit.o   -llpc_board_nxp_lpcxpresso_1549 -llpc_chip_15xx
Memory region         Used Size  Region Size  %age Used
       MFlash256:       28020 B       256 KB     10.69%
         Ram0_16:        2284 B        16 KB     13.94%
         Ram1_16:          0 GB        16 KB      0.00%
          Ram2_4:          0 GB         4 KB      0.00%
Finished building target: Lab6.axf
 
make --no-print-directory post-build
Performing post-build steps
arm-none-eabi-size "Lab6.axf"; # arm-none-eabi-objcopy -v -O binary "Lab6.axf" "Lab6.bin" ; # checksum -p LPC1549 -d "Lab6.bin";
   text	   data	    bss	    dec	    hex	filename
  25840	   2180	    104	  28124	   6ddc	Lab6.axf
 
15:44:54 **** Incremental Build of configuration Debug for project Lab6 ****
make -r all 
make: Nothing to be done for `all'.
15:46:01 **** Incremental Build of configuration Debug for project lpc_board_nxp_lpcxpresso_1549 ****
make -r all 
make: Nothing to be done for `all'.
15:46:02 **** Incremental Build of configuration Debug for project lpc_chip_15xx ****
make -r all 
make: Nothing to be done for `all'.
15:46:03 **** Incremental Build of configuration Debug for project Lab6 ****
make -r all 
Building file: ../src/Lab6.cpp
Invoking: MCU C++ Compiler
arm-none-eabi-c++ -D__NEWLIB__ -DDEBUG -D__CODE_RED -DCORE_M3 -D__USE_LPCOPEN -DCPP_USE_HEAP -D__LPC15XX__ -I"C:\Users\Nick\Documents\LPCXpresso_8.2.2_650\workspace\lpc_board_nxp_lpcxpresso_1549\inc" -I"C:\Users\Nick\Documents\LPCXpresso_8.2.2_650\workspace\lpc_chip_15xx\inc" -O0 -fno-common -g3 -Wall -c -fmessage-length=0 -fno-builtin -ffunction-sections -fdata-sections -fno-rtti -fno-exceptions -mcpu=cortex-m3 -mthumb -MMD -MP -MF"src/Lab6.d" -MT"src/Lab6.o" -MT"src/Lab6.d" -o "src/Lab6.o" "../src/Lab6.cpp"
../src/Lab6.cpp: In function 'void SysTick_Handler()':
../src/Lab6.cpp:40:14: warning: unused variable 'blink' [-Wunused-variable]
  static bool blink;
              ^
../src/Lab6.cpp: In function 'int main()':
../src/Lab6.cpp:93:10: warning: unused variable 'button1state' [-Wunused-variable]
     bool button1state;
          ^
../src/Lab6.cpp:94:10: warning: unused variable 'button2state' [-Wunused-variable]
     bool button2state;
          ^
../src/Lab6.cpp:95:9: warning: unused variable 'counting' [-Wunused-variable]
     int counting = 0;
         ^
In file included from ../src/StateMachine.h:13:0,
                 from ../src/Lab6.cpp:22:
../src/BoardLED.h: At global scope:
../src/BoardLED.h:20:16: warning: 'lightport' defined but not used [-Wunused-variable]
 static uint8_t lightport[] = { 0, 1, 0, 0, 0 };
                ^
../src/BoardLED.h:21:16: warning: 'lightpins' defined but not used [-Wunused-variable]
 static uint8_t lightpins[] = { 24, 0, 27, 28, 12 };
                ^
Finished building: ../src/Lab6.cpp
 
Building target: Lab6.axf
Invoking: MCU C++ Linker
arm-none-eabi-c++ -nostdlib -L"C:\Users\Nick\Documents\LPCXpresso_8.2.2_650\workspace\lpc_board_nxp_lpcxpresso_1549\Debug" -L"C:\Users\Nick\Documents\LPCXpresso_8.2.2_650\workspace\lpc_chip_15xx\Debug" -Xlinker -Map="Lab6.map" -Xlinker --gc-sections -Xlinker -print-memory-usage -mcpu=cortex-m3 -mthumb -T "Lab6_Debug.ld" -o "Lab6.axf"  ./src/BarGraph.o ./src/DeltaTime.o ./src/DigitalIOPin.o ./src/ITM_write.o ./src/Lab6.o ./src/LiquidCrystal.o ./src/NewBarGraph.o ./src/StateMachine.o ./src/boardLED.o ./src/cr_cpp_config.o ./src/cr_startup_lpc15xx.o ./src/crp.o ./src/sysinit.o   -llpc_board_nxp_lpcxpresso_1549 -llpc_chip_15xx
Memory region         Used Size  Region Size  %age Used
       MFlash256:       28020 B       256 KB     10.69%
         Ram0_16:        2284 B        16 KB     13.94%
         Ram1_16:          0 GB        16 KB      0.00%
          Ram2_4:          0 GB         4 KB      0.00%
Finished building target: Lab6.axf
 
make --no-print-directory post-build
Performing post-build steps
arm-none-eabi-size "Lab6.axf"; # arm-none-eabi-objcopy -v -O binary "Lab6.axf" "Lab6.bin" ; # checksum -p LPC1549 -d "Lab6.bin";
   text	   data	    bss	    dec	    hex	filename
  25840	   2180	    104	  28124	   6ddc	Lab6.axf
 
15:46:05 **** Incremental Build of configuration Debug for project Lab6 ****
make -r all 
make: Nothing to be done for `all'.
15:47:21 **** Incremental Build of configuration Debug for project lpc_board_nxp_lpcxpresso_1549 ****
make -r all 
make: Nothing to be done for `all'.
15:47:21 **** Incremental Build of configuration Debug for project lpc_chip_15xx ****
make -r all 
make: Nothing to be done for `all'.
15:47:22 **** Incremental Build of configuration Debug for project Lab6 ****
make -r all 
Building file: ../src/Lab6.cpp
Invoking: MCU C++ Compiler
arm-none-eabi-c++ -D__NEWLIB__ -DDEBUG -D__CODE_RED -DCORE_M3 -D__USE_LPCOPEN -DCPP_USE_HEAP -D__LPC15XX__ -I"C:\Users\Nick\Documents\LPCXpresso_8.2.2_650\workspace\lpc_board_nxp_lpcxpresso_1549\inc" -I"C:\Users\Nick\Documents\LPCXpresso_8.2.2_650\workspace\lpc_chip_15xx\inc" -O0 -fno-common -g3 -Wall -c -fmessage-length=0 -fno-builtin -ffunction-sections -fdata-sections -fno-rtti -fno-exceptions -mcpu=cortex-m3 -mthumb -MMD -MP -MF"src/Lab6.d" -MT"src/Lab6.o" -MT"src/Lab6.d" -o "src/Lab6.o" "../src/Lab6.cpp"
../src/Lab6.cpp: In function 'void SysTick_Handler()':
../src/Lab6.cpp:40:14: warning: unused variable 'blink' [-Wunused-variable]
  static bool blink;
              ^
../src/Lab6.cpp: In function 'int main()':
../src/Lab6.cpp:93:10: warning: unused variable 'button1state' [-Wunused-variable]
     bool button1state;
          ^
../src/Lab6.cpp:94:10: warning: unused variable 'button2state' [-Wunused-variable]
     bool button2state;
          ^
../src/Lab6.cpp:95:9: warning: unused variable 'counting' [-Wunused-variable]
     int counting = 0;
         ^
In file included from ../src/StateMachine.h:13:0,
                 from ../src/Lab6.cpp:22:
../src/BoardLED.h: At global scope:
../src/BoardLED.h:20:16: warning: 'lightport' defined but not used [-Wunused-variable]
 static uint8_t lightport[] = { 0, 1, 0, 0, 0 };
                ^
../src/BoardLED.h:21:16: warning: 'lightpins' defined but not used [-Wunused-variable]
 static uint8_t lightpins[] = { 24, 0, 27, 28, 12 };
                ^
Finished building: ../src/Lab6.cpp
 
Building file: ../src/StateMachine.cpp
Invoking: MCU C++ Compiler
arm-none-eabi-c++ -D__NEWLIB__ -DDEBUG -D__CODE_RED -DCORE_M3 -D__USE_LPCOPEN -DCPP_USE_HEAP -D__LPC15XX__ -I"C:\Users\Nick\Documents\LPCXpresso_8.2.2_650\workspace\lpc_board_nxp_lpcxpresso_1549\inc" -I"C:\Users\Nick\Documents\LPCXpresso_8.2.2_650\workspace\lpc_chip_15xx\inc" -O0 -fno-common -g3 -Wall -c -fmessage-length=0 -fno-builtin -ffunction-sections -fdata-sections -fno-rtti -fno-exceptions -mcpu=cortex-m3 -mthumb -MMD -MP -MF"src/StateMachine.d" -MT"src/StateMachine.o" -MT"src/StateMachine.d" -o "src/StateMachine.o" "../src/StateMachine.cpp"
../src/StateMachine.cpp: In member function 'void StateMachine::HandleState(bool, bool)':
../src/StateMachine.cpp:31:30: warning: format '%d' expects argument of type 'int', but argument 3 has type 'uint32_t {aka long unsigned int}' [-Wformat=]
   sprintf(count, "%d\n", time);
                              ^
In file included from ../src/StateMachine.h:13:0,
                 from ../src/StateMachine.cpp:8:
../src/BoardLED.h: At global scope:
../src/BoardLED.h:20:16: warning: 'lightport' defined but not used [-Wunused-variable]
 static uint8_t lightport[] = { 0, 1, 0, 0, 0 };
                ^
../src/BoardLED.h:21:16: warning: 'lightpins' defined but not used [-Wunused-variable]
 static uint8_t lightpins[] = { 24, 0, 27, 28, 12 };
                ^
Finished building: ../src/StateMachine.cpp
 
Building target: Lab6.axf
Invoking: MCU C++ Linker
arm-none-eabi-c++ -nostdlib -L"C:\Users\Nick\Documents\LPCXpresso_8.2.2_650\workspace\lpc_board_nxp_lpcxpresso_1549\Debug" -L"C:\Users\Nick\Documents\LPCXpresso_8.2.2_650\workspace\lpc_chip_15xx\Debug" -Xlinker -Map="Lab6.map" -Xlinker --gc-sections -Xlinker -print-memory-usage -mcpu=cortex-m3 -mthumb -T "Lab6_Debug.ld" -o "Lab6.axf"  ./src/BarGraph.o ./src/DeltaTime.o ./src/DigitalIOPin.o ./src/ITM_write.o ./src/Lab6.o ./src/LiquidCrystal.o ./src/NewBarGraph.o ./src/StateMachine.o ./src/boardLED.o ./src/cr_cpp_config.o ./src/cr_startup_lpc15xx.o ./src/crp.o ./src/sysinit.o   -llpc_board_nxp_lpcxpresso_1549 -llpc_chip_15xx
Memory region         Used Size  Region Size  %age Used
       MFlash256:       28020 B       256 KB     10.69%
         Ram0_16:        2284 B        16 KB     13.94%
         Ram1_16:          0 GB        16 KB      0.00%
          Ram2_4:          0 GB         4 KB      0.00%
Finished building target: Lab6.axf
 
make --no-print-directory post-build
Performing post-build steps
arm-none-eabi-size "Lab6.axf"; # arm-none-eabi-objcopy -v -O binary "Lab6.axf" "Lab6.bin" ; # checksum -p LPC1549 -d "Lab6.bin";
   text	   data	    bss	    dec	    hex	filename
  25840	   2180	    104	  28124	   6ddc	Lab6.axf
 
15:47:26 **** Incremental Build of configuration Debug for project Lab6 ****
make -r all 
make: Nothing to be done for `all'.
15:52:51 **** Incremental Build of configuration Debug for project lpc_board_nxp_lpcxpresso_1549 ****
make -r all 
make: Nothing to be done for `all'.
15:52:52 **** Incremental Build of configuration Debug for project lpc_chip_15xx ****
make -r all 
make: Nothing to be done for `all'.
15:52:53 **** Incremental Build of configuration Debug for project Lab6 ****
make -r all 
Building file: ../src/Lab6.cpp
Invoking: MCU C++ Compiler
arm-none-eabi-c++ -D__NEWLIB__ -DDEBUG -D__CODE_RED -DCORE_M3 -D__USE_LPCOPEN -DCPP_USE_HEAP -D__LPC15XX__ -I"C:\Users\Nick\Documents\LPCXpresso_8.2.2_650\workspace\lpc_board_nxp_lpcxpresso_1549\inc" -I"C:\Users\Nick\Documents\LPCXpresso_8.2.2_650\workspace\lpc_chip_15xx\inc" -O0 -fno-common -g3 -Wall -c -fmessage-length=0 -fno-builtin -ffunction-sections -fdata-sections -fno-rtti -fno-exceptions -mcpu=cortex-m3 -mthumb -MMD -MP -MF"src/Lab6.d" -MT"src/Lab6.o" -MT"src/Lab6.d" -o "src/Lab6.o" "../src/Lab6.cpp"
../src/Lab6.cpp: In function 'void SysTick_Handler()':
../src/Lab6.cpp:40:14: warning: unused variable 'blink' [-Wunused-variable]
  static bool blink;
              ^
../src/Lab6.cpp: In function 'int main()':
../src/Lab6.cpp:95:10: warning: unused variable 'button1state' [-Wunused-variable]
     bool button1state;
          ^
../src/Lab6.cpp:96:10: warning: unused variable 'button2state' [-Wunused-variable]
     bool button2state;
          ^
../src/Lab6.cpp:97:9: warning: unused variable 'counting' [-Wunused-variable]
     int counting = 0;
         ^
In file included from ../src/StateMachine.h:13:0,
                 from ../src/Lab6.cpp:22:
../src/BoardLED.h: At global scope:
../src/BoardLED.h:20:16: warning: 'lightport' defined but not used [-Wunused-variable]
 static uint8_t lightport[] = { 0, 1, 0, 0, 0 };
                ^
../src/BoardLED.h:21:16: warning: 'lightpins' defined but not used [-Wunused-variable]
 static uint8_t lightpins[] = { 24, 0, 27, 28, 12 };
                ^
Finished building: ../src/Lab6.cpp
 
Building target: Lab6.axf
Invoking: MCU C++ Linker
arm-none-eabi-c++ -nostdlib -L"C:\Users\Nick\Documents\LPCXpresso_8.2.2_650\workspace\lpc_board_nxp_lpcxpresso_1549\Debug" -L"C:\Users\Nick\Documents\LPCXpresso_8.2.2_650\workspace\lpc_chip_15xx\Debug" -Xlinker -Map="Lab6.map" -Xlinker --gc-sections -Xlinker -print-memory-usage -mcpu=cortex-m3 -mthumb -T "Lab6_Debug.ld" -o "Lab6.axf"  ./src/BarGraph.o ./src/DeltaTime.o ./src/DigitalIOPin.o ./src/ITM_write.o ./src/Lab6.o ./src/LiquidCrystal.o ./src/NewBarGraph.o ./src/StateMachine.o ./src/boardLED.o ./src/cr_cpp_config.o ./src/cr_startup_lpc15xx.o ./src/crp.o ./src/sysinit.o   -llpc_board_nxp_lpcxpresso_1549 -llpc_chip_15xx
Memory region         Used Size  Region Size  %age Used
       MFlash256:       28092 B       256 KB     10.72%
         Ram0_16:        2284 B        16 KB     13.94%
         Ram1_16:          0 GB        16 KB      0.00%
          Ram2_4:          0 GB         4 KB      0.00%
Finished building target: Lab6.axf
 
make --no-print-directory post-build
Performing post-build steps
arm-none-eabi-size "Lab6.axf"; # arm-none-eabi-objcopy -v -O binary "Lab6.axf" "Lab6.bin" ; # checksum -p LPC1549 -d "Lab6.bin";
   text	   data	    bss	    dec	    hex	filename
  25912	   2180	    104	  28196	   6e24	Lab6.axf
 
15:52:56 **** Incremental Build of configuration Debug for project Lab6 ****
make -r all 
make: Nothing to be done for `all'.
15:59:58 **** Incremental Build of configuration Debug for project lpc_board_nxp_lpcxpresso_1549 ****
make -r all 
make: Nothing to be done for `all'.
15:59:58 **** Incremental Build of configuration Debug for project lpc_chip_15xx ****
make -r all 
make: Nothing to be done for `all'.
15:59:59 **** Incremental Build of configuration Debug for project Lab6 ****
make -r all 
Building file: ../src/Lab6.cpp
Invoking: MCU C++ Compiler
arm-none-eabi-c++ -D__NEWLIB__ -DDEBUG -D__CODE_RED -DCORE_M3 -D__USE_LPCOPEN -DCPP_USE_HEAP -D__LPC15XX__ -I"C:\Users\Nick\Documents\LPCXpresso_8.2.2_650\workspace\lpc_board_nxp_lpcxpresso_1549\inc" -I"C:\Users\Nick\Documents\LPCXpresso_8.2.2_650\workspace\lpc_chip_15xx\inc" -O0 -fno-common -g3 -Wall -c -fmessage-length=0 -fno-builtin -ffunction-sections -fdata-sections -fno-rtti -fno-exceptions -mcpu=cortex-m3 -mthumb -MMD -MP -MF"src/Lab6.d" -MT"src/Lab6.o" -MT"src/Lab6.d" -o "src/Lab6.o" "../src/Lab6.cpp"
../src/Lab6.cpp: In function 'void SysTick_Handler()':
../src/Lab6.cpp:40:14: warning: unused variable 'blink' [-Wunused-variable]
  static bool blink;
              ^
../src/Lab6.cpp: In function 'int main()':
../src/Lab6.cpp:92:10: warning: unused variable 'button1state' [-Wunused-variable]
     bool button1state;
          ^
../src/Lab6.cpp:93:10: warning: unused variable 'button2state' [-Wunused-variable]
     bool button2state;
          ^
../src/Lab6.cpp:94:9: warning: unused variable 'counting' [-Wunused-variable]
     int counting = 0;
         ^
In file included from ../src/StateMachine.h:13:0,
                 from ../src/Lab6.cpp:22:
../src/BoardLED.h: At global scope:
../src/BoardLED.h:20:16: warning: 'lightport' defined but not used [-Wunused-variable]
 static uint8_t lightport[] = { 0, 1, 0, 0, 0 };
                ^
../src/BoardLED.h:21:16: warning: 'lightpins' defined but not used [-Wunused-variable]
 static uint8_t lightpins[] = { 24, 0, 27, 28, 12 };
                ^
Finished building: ../src/Lab6.cpp
 
Building file: ../src/StateMachine.cpp
Invoking: MCU C++ Compiler
arm-none-eabi-c++ -D__NEWLIB__ -DDEBUG -D__CODE_RED -DCORE_M3 -D__USE_LPCOPEN -DCPP_USE_HEAP -D__LPC15XX__ -I"C:\Users\Nick\Documents\LPCXpresso_8.2.2_650\workspace\lpc_board_nxp_lpcxpresso_1549\inc" -I"C:\Users\Nick\Documents\LPCXpresso_8.2.2_650\workspace\lpc_chip_15xx\inc" -O0 -fno-common -g3 -Wall -c -fmessage-length=0 -fno-builtin -ffunction-sections -fdata-sections -fno-rtti -fno-exceptions -mcpu=cortex-m3 -mthumb -MMD -MP -MF"src/StateMachine.d" -MT"src/StateMachine.o" -MT"src/StateMachine.d" -o "src/StateMachine.o" "../src/StateMachine.cpp"
../src/StateMachine.cpp: In member function 'void StateMachine::HandleState(bool, bool)':
../src/StateMachine.cpp:32:35: warning: format '%d' expects argument of type 'int', but argument 3 has type 'uint32_t {aka long unsigned int}' [-Wformat=]
    sprintf(count, "t: %d\n", ticks);
                                   ^
In file included from ../src/StateMachine.h:13:0,
                 from ../src/StateMachine.cpp:8:
../src/BoardLED.h: At global scope:
../src/BoardLED.h:20:16: warning: 'lightport' defined but not used [-Wunused-variable]
 static uint8_t lightport[] = { 0, 1, 0, 0, 0 };
                ^
../src/BoardLED.h:21:16: warning: 'lightpins' defined but not used [-Wunused-variable]
 static uint8_t lightpins[] = { 24, 0, 27, 28, 12 };
                ^
Finished building: ../src/StateMachine.cpp
 
Building target: Lab6.axf
Invoking: MCU C++ Linker
arm-none-eabi-c++ -nostdlib -L"C:\Users\Nick\Documents\LPCXpresso_8.2.2_650\workspace\lpc_board_nxp_lpcxpresso_1549\Debug" -L"C:\Users\Nick\Documents\LPCXpresso_8.2.2_650\workspace\lpc_chip_15xx\Debug" -Xlinker -Map="Lab6.map" -Xlinker --gc-sections -Xlinker -print-memory-usage -mcpu=cortex-m3 -mthumb -T "Lab6_Debug.ld" -o "Lab6.axf"  ./src/BarGraph.o ./src/DeltaTime.o ./src/DigitalIOPin.o ./src/ITM_write.o ./src/Lab6.o ./src/LiquidCrystal.o ./src/NewBarGraph.o ./src/StateMachine.o ./src/boardLED.o ./src/cr_cpp_config.o ./src/cr_startup_lpc15xx.o ./src/crp.o ./src/sysinit.o   -llpc_board_nxp_lpcxpresso_1549 -llpc_chip_15xx
Memory region         Used Size  Region Size  %age Used
       MFlash256:       28124 B       256 KB     10.73%
         Ram0_16:        2288 B        16 KB     13.96%
         Ram1_16:          0 GB        16 KB      0.00%
          Ram2_4:          0 GB         4 KB      0.00%
Finished building target: Lab6.axf
 
make --no-print-directory post-build
Performing post-build steps
arm-none-eabi-size "Lab6.axf"; # arm-none-eabi-objcopy -v -O binary "Lab6.axf" "Lab6.bin" ; # checksum -p LPC1549 -d "Lab6.bin";
   text	   data	    bss	    dec	    hex	filename
  25944	   2180	    108	  28232	   6e48	Lab6.axf
 
16:00:07 **** Incremental Build of configuration Debug for project lpc_board_nxp_lpcxpresso_1549 ****
make -r all 
make: Nothing to be done for `all'.
16:00:07 **** Incremental Build of configuration Debug for project lpc_chip_15xx ****
make -r all 
make: Nothing to be done for `all'.
16:00:09 **** Incremental Build of configuration Debug for project Lab6 ****
make -r all 
make: Nothing to be done for `all'.
16:00:10 **** Incremental Build of configuration Debug for project Lab6 ****
make -r all 
make: Nothing to be done for `all'.
16:01:13 **** Incremental Build of configuration Debug for project lpc_board_nxp_lpcxpresso_1549 ****
make -r all 
make: Nothing to be done for `all'.
16:01:14 **** Incremental Build of configuration Debug for project lpc_chip_15xx ****
make -r all 
make: Nothing to be done for `all'.
16:01:16 **** Incremental Build of configuration Debug for project Lab6 ****
make -r all 
Building file: ../src/StateMachine.cpp
Invoking: MCU C++ Compiler
arm-none-eabi-c++ -D__NEWLIB__ -DDEBUG -D__CODE_RED -DCORE_M3 -D__USE_LPCOPEN -DCPP_USE_HEAP -D__LPC15XX__ -I"C:\Users\Nick\Documents\LPCXpresso_8.2.2_650\workspace\lpc_board_nxp_lpcxpresso_1549\inc" -I"C:\Users\Nick\Documents\LPCXpresso_8.2.2_650\workspace\lpc_chip_15xx\inc" -O0 -fno-common -g3 -Wall -c -fmessage-length=0 -fno-builtin -ffunction-sections -fdata-sections -fno-rtti -fno-exceptions -mcpu=cortex-m3 -mthumb -MMD -MP -MF"src/StateMachine.d" -MT"src/StateMachine.o" -MT"src/StateMachine.d" -o "src/StateMachine.o" "../src/StateMachine.cpp"
../src/StateMachine.cpp: In member function 'void StateMachine::HandleState(bool, bool)':
../src/StateMachine.cpp:32:35: warning: format '%d' expects argument of type 'int', but argument 3 has type 'uint32_t {aka long unsigned int}' [-Wformat=]
    sprintf(count, "t: %d\n", ticks);
                                   ^
In file included from ../src/StateMachine.h:13:0,
                 from ../src/StateMachine.cpp:8:
../src/BoardLED.h: At global scope:
../src/BoardLED.h:20:16: warning: 'lightport' defined but not used [-Wunused-variable]
 static uint8_t lightport[] = { 0, 1, 0, 0, 0 };
                ^
../src/BoardLED.h:21:16: warning: 'lightpins' defined but not used [-Wunused-variable]
 static uint8_t lightpins[] = { 24, 0, 27, 28, 12 };
                ^
Finished building: ../src/StateMachine.cpp
 
Building target: Lab6.axf
Invoking: MCU C++ Linker
arm-none-eabi-c++ -nostdlib -L"C:\Users\Nick\Documents\LPCXpresso_8.2.2_650\workspace\lpc_board_nxp_lpcxpresso_1549\Debug" -L"C:\Users\Nick\Documents\LPCXpresso_8.2.2_650\workspace\lpc_chip_15xx\Debug" -Xlinker -Map="Lab6.map" -Xlinker --gc-sections -Xlinker -print-memory-usage -mcpu=cortex-m3 -mthumb -T "Lab6_Debug.ld" -o "Lab6.axf"  ./src/BarGraph.o ./src/DeltaTime.o ./src/DigitalIOPin.o ./src/ITM_write.o ./src/Lab6.o ./src/LiquidCrystal.o ./src/NewBarGraph.o ./src/StateMachine.o ./src/boardLED.o ./src/cr_cpp_config.o ./src/cr_startup_lpc15xx.o ./src/crp.o ./src/sysinit.o   -llpc_board_nxp_lpcxpresso_1549 -llpc_chip_15xx
Memory region         Used Size  Region Size  %age Used
       MFlash256:       28108 B       256 KB     10.72%
         Ram0_16:        2288 B        16 KB     13.96%
         Ram1_16:          0 GB        16 KB      0.00%
          Ram2_4:          0 GB         4 KB      0.00%
Finished building target: Lab6.axf
 
make --no-print-directory post-build
Performing post-build steps
arm-none-eabi-size "Lab6.axf"; # arm-none-eabi-objcopy -v -O binary "Lab6.axf" "Lab6.bin" ; # checksum -p LPC1549 -d "Lab6.bin";
   text	   data	    bss	    dec	    hex	filename
  25928	   2180	    108	  28216	   6e38	Lab6.axf
 
16:01:22 **** Incremental Build of configuration Debug for project lpc_board_nxp_lpcxpresso_1549 ****
make -r all 
make: Nothing to be done for `all'.
16:01:23 **** Incremental Build of configuration Debug for project lpc_chip_15xx ****
make -r all 
make: Nothing to be done for `all'.
16:01:24 **** Incremental Build of configuration Debug for project Lab6 ****
make -r all 
make: Nothing to be done for `all'.
16:01:26 **** Incremental Build of configuration Debug for project Lab6 ****
make -r all 
make: Nothing to be done for `all'.
16:05:54 **** Incremental Build of configuration Debug for project lpc_board_nxp_lpcxpresso_1549 ****
make -r all 
make: Nothing to be done for `all'.
16:05:54 **** Incremental Build of configuration Debug for project lpc_chip_15xx ****
make -r all 
make: Nothing to be done for `all'.
16:05:55 **** Incremental Build of configuration Debug for project Lab6 ****
make -r all 
Building file: ../src/DeltaTime.cpp
Invoking: MCU C++ Compiler
arm-none-eabi-c++ -D__NEWLIB__ -DDEBUG -D__CODE_RED -DCORE_M3 -D__USE_LPCOPEN -DCPP_USE_HEAP -D__LPC15XX__ -I"C:\Users\Nick\Documents\LPCXpresso_8.2.2_650\workspace\lpc_board_nxp_lpcxpresso_1549\inc" -I"C:\Users\Nick\Documents\LPCXpresso_8.2.2_650\workspace\lpc_chip_15xx\inc" -O0 -fno-common -g3 -Wall -c -fmessage-length=0 -fno-builtin -ffunction-sections -fdata-sections -fno-rtti -fno-exceptions -mcpu=cortex-m3 -mthumb -MMD -MP -MF"src/DeltaTime.d" -MT"src/DeltaTime.o" -MT"src/DeltaTime.d" -o "src/DeltaTime.o" "../src/DeltaTime.cpp"
Finished building: ../src/DeltaTime.cpp
 
Building file: ../src/Lab6.cpp
Invoking: MCU C++ Compiler
arm-none-eabi-c++ -D__NEWLIB__ -DDEBUG -D__CODE_RED -DCORE_M3 -D__USE_LPCOPEN -DCPP_USE_HEAP -D__LPC15XX__ -I"C:\Users\Nick\Documents\LPCXpresso_8.2.2_650\workspace\lpc_board_nxp_lpcxpresso_1549\inc" -I"C:\Users\Nick\Documents\LPCXpresso_8.2.2_650\workspace\lpc_chip_15xx\inc" -O0 -fno-common -g3 -Wall -c -fmessage-length=0 -fno-builtin -ffunction-sections -fdata-sections -fno-rtti -fno-exceptions -mcpu=cortex-m3 -mthumb -MMD -MP -MF"src/Lab6.d" -MT"src/Lab6.o" -MT"src/Lab6.d" -o "src/Lab6.o" "../src/Lab6.cpp"
../src/Lab6.cpp: In function 'void SysTick_Handler()':
../src/Lab6.cpp:40:14: warning: unused variable 'blink' [-Wunused-variable]
  static bool blink;
              ^
../src/Lab6.cpp: In function 'int main()':
../src/Lab6.cpp:92:10: warning: unused variable 'button1state' [-Wunused-variable]
     bool button1state;
          ^
../src/Lab6.cpp:93:10: warning: unused variable 'button2state' [-Wunused-variable]
     bool button2state;
          ^
../src/Lab6.cpp:94:9: warning: unused variable 'counting' [-Wunused-variable]
     int counting = 0;
         ^
In file included from ../src/StateMachine.h:13:0,
                 from ../src/Lab6.cpp:22:
../src/BoardLED.h: At global scope:
../src/BoardLED.h:20:16: warning: 'lightport' defined but not used [-Wunused-variable]
 static uint8_t lightport[] = { 0, 1, 0, 0, 0 };
                ^
../src/BoardLED.h:21:16: warning: 'lightpins' defined but not used [-Wunused-variable]
 static uint8_t lightpins[] = { 24, 0, 27, 28, 12 };
                ^
Finished building: ../src/Lab6.cpp
 
Building file: ../src/StateMachine.cpp
Invoking: MCU C++ Compiler
arm-none-eabi-c++ -D__NEWLIB__ -DDEBUG -D__CODE_RED -DCORE_M3 -D__USE_LPCOPEN -DCPP_USE_HEAP -D__LPC15XX__ -I"C:\Users\Nick\Documents\LPCXpresso_8.2.2_650\workspace\lpc_board_nxp_lpcxpresso_1549\inc" -I"C:\Users\Nick\Documents\LPCXpresso_8.2.2_650\workspace\lpc_chip_15xx\inc" -O0 -fno-common -g3 -Wall -c -fmessage-length=0 -fno-builtin -ffunction-sections -fdata-sections -fno-rtti -fno-exceptions -mcpu=cortex-m3 -mthumb -MMD -MP -MF"src/StateMachine.d" -MT"src/StateMachine.o" -MT"src/StateMachine.d" -o "src/StateMachine.o" "../src/StateMachine.cpp"
../src/StateMachine.cpp: In member function 'void StateMachine::HandleState(bool, bool)':
../src/StateMachine.cpp:32:30: error: 'count1' was not declared in this scope
    sprintf(count, "t: %d\n", count1);
                              ^
In file included from ../src/StateMachine.h:13:0,
                 from ../src/StateMachine.cpp:8:
../src/BoardLED.h: At global scope:
../src/BoardLED.h:20:16: warning: 'lightport' defined but not used [-Wunused-variable]
 static uint8_t lightport[] = { 0, 1, 0, 0, 0 };
                ^
../src/BoardLED.h:21:16: warning: 'lightpins' defined but not used [-Wunused-variable]
 static uint8_t lightpins[] = { 24, 0, 27, 28, 12 };
                ^
make: *** [src/StateMachine.o] Error 1
16:05:58 **** Incremental Build of configuration Debug for project Lab6 ****
make -r all 
Building file: ../src/StateMachine.cpp
Invoking: MCU C++ Compiler
arm-none-eabi-c++ -D__NEWLIB__ -DDEBUG -D__CODE_RED -DCORE_M3 -D__USE_LPCOPEN -DCPP_USE_HEAP -D__LPC15XX__ -I"C:\Users\Nick\Documents\LPCXpresso_8.2.2_650\workspace\lpc_board_nxp_lpcxpresso_1549\inc" -I"C:\Users\Nick\Documents\LPCXpresso_8.2.2_650\workspace\lpc_chip_15xx\inc" -O0 -fno-common -g3 -Wall -c -fmessage-length=0 -fno-builtin -ffunction-sections -fdata-sections -fno-rtti -fno-exceptions -mcpu=cortex-m3 -mthumb -MMD -MP -MF"src/StateMachine.d" -MT"src/StateMachine.o" -MT"src/StateMachine.d" -o "src/StateMachine.o" "../src/StateMachine.cpp"
../src/StateMachine.cpp: In member function 'void StateMachine::HandleState(bool, bool)':
../src/StateMachine.cpp:32:30: error: 'count1' was not declared in this scope
    sprintf(count, "t: %d\n", count1);
                              ^
In file included from ../src/StateMachine.h:13:0,
                 from ../src/StateMachine.cpp:8:
../src/BoardLED.h: At global scope:
../src/BoardLED.h:20:16: warning: 'lightport' defined but not used [-Wunused-variable]
 static uint8_t lightport[] = { 0, 1, 0, 0, 0 };
                ^
../src/BoardLED.h:21:16: warning: 'lightpins' defined but not used [-Wunused-variable]
 static uint8_t lightpins[] = { 24, 0, 27, 28, 12 };
                ^
make: *** [src/StateMachine.o] Error 1
16:10:44 **** Incremental Build of configuration Debug for project lpc_board_nxp_lpcxpresso_1549 ****
make -r all 
make: Nothing to be done for `all'.
16:10:45 **** Incremental Build of configuration Debug for project lpc_chip_15xx ****
make -r all 
make: Nothing to be done for `all'.
16:10:46 **** Incremental Build of configuration Debug for project Lab6 ****
make -r all 
Building file: ../src/Lab6.cpp
Invoking: MCU C++ Compiler
arm-none-eabi-c++ -D__NEWLIB__ -DDEBUG -D__CODE_RED -DCORE_M3 -D__USE_LPCOPEN -DCPP_USE_HEAP -D__LPC15XX__ -I"C:\Users\Nick\Documents\LPCXpresso_8.2.2_650\workspace\lpc_board_nxp_lpcxpresso_1549\inc" -I"C:\Users\Nick\Documents\LPCXpresso_8.2.2_650\workspace\lpc_chip_15xx\inc" -O0 -fno-common -g3 -Wall -c -fmessage-length=0 -fno-builtin -ffunction-sections -fdata-sections -fno-rtti -fno-exceptions -mcpu=cortex-m3 -mthumb -MMD -MP -MF"src/Lab6.d" -MT"src/Lab6.o" -MT"src/Lab6.d" -o "src/Lab6.o" "../src/Lab6.cpp"
../src/Lab6.cpp: In function 'void SysTick_Handler()':
../src/Lab6.cpp:40:14: warning: unused variable 'blink' [-Wunused-variable]
  static bool blink;
              ^
../src/Lab6.cpp: In function 'int main()':
../src/Lab6.cpp:92:10: warning: unused variable 'button1state' [-Wunused-variable]
     bool button1state;
          ^
../src/Lab6.cpp:93:10: warning: unused variable 'button2state' [-Wunused-variable]
     bool button2state;
          ^
../src/Lab6.cpp:94:9: warning: unused variable 'counting' [-Wunused-variable]
     int counting = 0;
         ^
In file included from ../src/StateMachine.h:13:0,
                 from ../src/Lab6.cpp:22:
../src/BoardLED.h: At global scope:
../src/BoardLED.h:20:16: warning: 'lightport' defined but not used [-Wunused-variable]
 static uint8_t lightport[] = { 0, 1, 0, 0, 0 };
                ^
../src/BoardLED.h:21:16: warning: 'lightpins' defined but not used [-Wunused-variable]
 static uint8_t lightpins[] = { 24, 0, 27, 28, 12 };
                ^
Finished building: ../src/Lab6.cpp
 
Building file: ../src/StateMachine.cpp
Invoking: MCU C++ Compiler
arm-none-eabi-c++ -D__NEWLIB__ -DDEBUG -D__CODE_RED -DCORE_M3 -D__USE_LPCOPEN -DCPP_USE_HEAP -D__LPC15XX__ -I"C:\Users\Nick\Documents\LPCXpresso_8.2.2_650\workspace\lpc_board_nxp_lpcxpresso_1549\inc" -I"C:\Users\Nick\Documents\LPCXpresso_8.2.2_650\workspace\lpc_chip_15xx\inc" -O0 -fno-common -g3 -Wall -c -fmessage-length=0 -fno-builtin -ffunction-sections -fdata-sections -fno-rtti -fno-exceptions -mcpu=cortex-m3 -mthumb -MMD -MP -MF"src/StateMachine.d" -MT"src/StateMachine.o" -MT"src/StateMachine.d" -o "src/StateMachine.o" "../src/StateMachine.cpp"
../src/StateMachine.cpp: In member function 'void StateMachine::HandleState(bool, bool)':
../src/StateMachine.cpp:32:35: warning: format '%d' expects argument of type 'int', but argument 3 has type 'uint32_t {aka long unsigned int}' [-Wformat=]
    sprintf(count, "t: %d\n", ticks);
                                   ^
In file included from ../src/StateMachine.h:13:0,
                 from ../src/StateMachine.cpp:8:
../src/BoardLED.h: At global scope:
../src/BoardLED.h:20:16: warning: 'lightport' defined but not used [-Wunused-variable]
 static uint8_t lightport[] = { 0, 1, 0, 0, 0 };
                ^
../src/BoardLED.h:21:16: warning: 'lightpins' defined but not used [-Wunused-variable]
 static uint8_t lightpins[] = { 24, 0, 27, 28, 12 };
                ^
Finished building: ../src/StateMachine.cpp
 
Building target: Lab6.axf
Invoking: MCU C++ Linker
arm-none-eabi-c++ -nostdlib -L"C:\Users\Nick\Documents\LPCXpresso_8.2.2_650\workspace\lpc_board_nxp_lpcxpresso_1549\Debug" -L"C:\Users\Nick\Documents\LPCXpresso_8.2.2_650\workspace\lpc_chip_15xx\Debug" -Xlinker -Map="Lab6.map" -Xlinker --gc-sections -Xlinker -print-memory-usage -mcpu=cortex-m3 -mthumb -T "Lab6_Debug.ld" -o "Lab6.axf"  ./src/BarGraph.o ./src/DeltaTime.o ./src/DigitalIOPin.o ./src/ITM_write.o ./src/Lab6.o ./src/LiquidCrystal.o ./src/NewBarGraph.o ./src/StateMachine.o ./src/boardLED.o ./src/cr_cpp_config.o ./src/cr_startup_lpc15xx.o ./src/crp.o ./src/sysinit.o   -llpc_board_nxp_lpcxpresso_1549 -llpc_chip_15xx
Memory region         Used Size  Region Size  %age Used
       MFlash256:       28124 B       256 KB     10.73%
         Ram0_16:        2292 B        16 KB     13.99%
         Ram1_16:          0 GB        16 KB      0.00%
          Ram2_4:          0 GB         4 KB      0.00%
Finished building target: Lab6.axf
 
make --no-print-directory post-build
Performing post-build steps
arm-none-eabi-size "Lab6.axf"; # arm-none-eabi-objcopy -v -O binary "Lab6.axf" "Lab6.bin" ; # checksum -p LPC1549 -d "Lab6.bin";
   text	   data	    bss	    dec	    hex	filename
  25944	   2180	    112	  28236	   6e4c	Lab6.axf
 
16:10:52 **** Incremental Build of configuration Debug for project lpc_board_nxp_lpcxpresso_1549 ****
make -r all 
make: Nothing to be done for `all'.
16:10:53 **** Incremental Build of configuration Debug for project lpc_chip_15xx ****
make -r all 
make: Nothing to be done for `all'.
16:10:54 **** Incremental Build of configuration Debug for project Lab6 ****
make -r all 
make: Nothing to be done for `all'.
16:10:55 **** Incremental Build of configuration Debug for project Lab6 ****
make -r all 
make: Nothing to be done for `all'.
16:13:48 **** Incremental Build of configuration Debug for project lpc_board_nxp_lpcxpresso_1549 ****
make -r all 
make: Nothing to be done for `all'.
16:13:49 **** Incremental Build of configuration Debug for project lpc_chip_15xx ****
make -r all 
make: Nothing to be done for `all'.
16:13:50 **** Incremental Build of configuration Debug for project Lab6 ****
make -r all 
Building file: ../src/Lab6.cpp
Invoking: MCU C++ Compiler
arm-none-eabi-c++ -D__NEWLIB__ -DDEBUG -D__CODE_RED -DCORE_M3 -D__USE_LPCOPEN -DCPP_USE_HEAP -D__LPC15XX__ -I"C:\Users\Nick\Documents\LPCXpresso_8.2.2_650\workspace\lpc_board_nxp_lpcxpresso_1549\inc" -I"C:\Users\Nick\Documents\LPCXpresso_8.2.2_650\workspace\lpc_chip_15xx\inc" -O0 -fno-common -g3 -Wall -c -fmessage-length=0 -fno-builtin -ffunction-sections -fdata-sections -fno-rtti -fno-exceptions -mcpu=cortex-m3 -mthumb -MMD -MP -MF"src/Lab6.d" -MT"src/Lab6.o" -MT"src/Lab6.d" -o "src/Lab6.o" "../src/Lab6.cpp"
../src/Lab6.cpp: In function 'void SysTick_Handler()':
../src/Lab6.cpp:40:14: warning: unused variable 'blink' [-Wunused-variable]
  static bool blink;
              ^
../src/Lab6.cpp: In function 'int main()':
../src/Lab6.cpp:90:10: warning: variable 'button1press' set but not used [-Wunused-but-set-variable]
     bool button1press;
          ^
../src/Lab6.cpp:91:10: warning: variable 'button2press' set but not used [-Wunused-but-set-variable]
     bool button2press;
          ^
../src/Lab6.cpp:92:10: warning: unused variable 'button1state' [-Wunused-variable]
     bool button1state;
          ^
../src/Lab6.cpp:93:10: warning: unused variable 'button2state' [-Wunused-variable]
     bool button2state;
          ^
../src/Lab6.cpp:94:9: warning: unused variable 'counting' [-Wunused-variable]
     int counting = 0;
         ^
In file included from ../src/StateMachine.h:13:0,
                 from ../src/Lab6.cpp:22:
../src/BoardLED.h: At global scope:
../src/BoardLED.h:20:16: warning: 'lightport' defined but not used [-Wunused-variable]
 static uint8_t lightport[] = { 0, 1, 0, 0, 0 };
                ^
../src/BoardLED.h:21:16: warning: 'lightpins' defined but not used [-Wunused-variable]
 static uint8_t lightpins[] = { 24, 0, 27, 28, 12 };
                ^
Finished building: ../src/Lab6.cpp
 
Building target: Lab6.axf
Invoking: MCU C++ Linker
arm-none-eabi-c++ -nostdlib -L"C:\Users\Nick\Documents\LPCXpresso_8.2.2_650\workspace\lpc_board_nxp_lpcxpresso_1549\Debug" -L"C:\Users\Nick\Documents\LPCXpresso_8.2.2_650\workspace\lpc_chip_15xx\Debug" -Xlinker -Map="Lab6.map" -Xlinker --gc-sections -Xlinker -print-memory-usage -mcpu=cortex-m3 -mthumb -T "Lab6_Debug.ld" -o "Lab6.axf"  ./src/BarGraph.o ./src/DeltaTime.o ./src/DigitalIOPin.o ./src/ITM_write.o ./src/Lab6.o ./src/LiquidCrystal.o ./src/NewBarGraph.o ./src/StateMachine.o ./src/boardLED.o ./src/cr_cpp_config.o ./src/cr_startup_lpc15xx.o ./src/crp.o ./src/sysinit.o   -llpc_board_nxp_lpcxpresso_1549 -llpc_chip_15xx
Memory region         Used Size  Region Size  %age Used
       MFlash256:       27300 B       256 KB     10.41%
         Ram0_16:        2272 B        16 KB     13.87%
         Ram1_16:          0 GB        16 KB      0.00%
          Ram2_4:          0 GB         4 KB      0.00%
Finished building target: Lab6.axf
 
make --no-print-directory post-build
Performing post-build steps
arm-none-eabi-size "Lab6.axf"; # arm-none-eabi-objcopy -v -O binary "Lab6.axf" "Lab6.bin" ; # checksum -p LPC1549 -d "Lab6.bin";
   text	   data	    bss	    dec	    hex	filename
  25136	   2164	    108	  27408	   6b10	Lab6.axf
 
16:13:58 **** Incremental Build of configuration Debug for project lpc_board_nxp_lpcxpresso_1549 ****
make -r all 
make: Nothing to be done for `all'.
16:13:59 **** Incremental Build of configuration Debug for project lpc_chip_15xx ****
make -r all 
make: Nothing to be done for `all'.
16:14:00 **** Incremental Build of configuration Debug for project Lab6 ****
make -r all 
make: Nothing to be done for `all'.
16:14:02 **** Incremental Build of configuration Debug for project Lab6 ****
make -r all 
make: Nothing to be done for `all'.
16:14:37 **** Incremental Build of configuration Debug for project lpc_board_nxp_lpcxpresso_1549 ****
make -r all 
make: Nothing to be done for `all'.
16:14:38 **** Incremental Build of configuration Debug for project lpc_chip_15xx ****
make -r all 
make: Nothing to be done for `all'.
16:14:39 **** Incremental Build of configuration Debug for project Lab6 ****
make -r all 
Building file: ../src/Lab6.cpp
Invoking: MCU C++ Compiler
arm-none-eabi-c++ -D__NEWLIB__ -DDEBUG -D__CODE_RED -DCORE_M3 -D__USE_LPCOPEN -DCPP_USE_HEAP -D__LPC15XX__ -I"C:\Users\Nick\Documents\LPCXpresso_8.2.2_650\workspace\lpc_board_nxp_lpcxpresso_1549\inc" -I"C:\Users\Nick\Documents\LPCXpresso_8.2.2_650\workspace\lpc_chip_15xx\inc" -O0 -fno-common -g3 -Wall -c -fmessage-length=0 -fno-builtin -ffunction-sections -fdata-sections -fno-rtti -fno-exceptions -mcpu=cortex-m3 -mthumb -MMD -MP -MF"src/Lab6.d" -MT"src/Lab6.o" -MT"src/Lab6.d" -o "src/Lab6.o" "../src/Lab6.cpp"
../src/Lab6.cpp: In function 'void SysTick_Handler()':
../src/Lab6.cpp:40:14: warning: unused variable 'blink' [-Wunused-variable]
  static bool blink;
              ^
../src/Lab6.cpp: In function 'int main()':
../src/Lab6.cpp:90:10: warning: variable 'button1press' set but not used [-Wunused-but-set-variable]
     bool button1press;
          ^
../src/Lab6.cpp:91:10: warning: variable 'button2press' set but not used [-Wunused-but-set-variable]
     bool button2press;
          ^
../src/Lab6.cpp:92:10: warning: unused variable 'button1state' [-Wunused-variable]
     bool button1state;
          ^
../src/Lab6.cpp:93:10: warning: unused variable 'button2state' [-Wunused-variable]
     bool button2state;
          ^
../src/Lab6.cpp:94:9: warning: unused variable 'counting' [-Wunused-variable]
     int counting = 0;
         ^
In file included from ../src/StateMachine.h:13:0,
                 from ../src/Lab6.cpp:22:
../src/BoardLED.h: At global scope:
../src/BoardLED.h:20:16: warning: 'lightport' defined but not used [-Wunused-variable]
 static uint8_t lightport[] = { 0, 1, 0, 0, 0 };
                ^
../src/BoardLED.h:21:16: warning: 'lightpins' defined but not used [-Wunused-variable]
 static uint8_t lightpins[] = { 24, 0, 27, 28, 12 };
                ^
Finished building: ../src/Lab6.cpp
 
Building target: Lab6.axf
Invoking: MCU C++ Linker
arm-none-eabi-c++ -nostdlib -L"C:\Users\Nick\Documents\LPCXpresso_8.2.2_650\workspace\lpc_board_nxp_lpcxpresso_1549\Debug" -L"C:\Users\Nick\Documents\LPCXpresso_8.2.2_650\workspace\lpc_chip_15xx\Debug" -Xlinker -Map="Lab6.map" -Xlinker --gc-sections -Xlinker -print-memory-usage -mcpu=cortex-m3 -mthumb -T "Lab6_Debug.ld" -o "Lab6.axf"  ./src/BarGraph.o ./src/DeltaTime.o ./src/DigitalIOPin.o ./src/ITM_write.o ./src/Lab6.o ./src/LiquidCrystal.o ./src/NewBarGraph.o ./src/StateMachine.o ./src/boardLED.o ./src/cr_cpp_config.o ./src/cr_startup_lpc15xx.o ./src/crp.o ./src/sysinit.o   -llpc_board_nxp_lpcxpresso_1549 -llpc_chip_15xx
Memory region         Used Size  Region Size  %age Used
       MFlash256:       27308 B       256 KB     10.42%
         Ram0_16:        2272 B        16 KB     13.87%
         Ram1_16:          0 GB        16 KB      0.00%
          Ram2_4:          0 GB         4 KB      0.00%
Finished building target: Lab6.axf
 
make --no-print-directory post-build
Performing post-build steps
arm-none-eabi-size "Lab6.axf"; # arm-none-eabi-objcopy -v -O binary "Lab6.axf" "Lab6.bin" ; # checksum -p LPC1549 -d "Lab6.bin";
   text	   data	    bss	    dec	    hex	filename
  25144	   2164	    108	  27416	   6b18	Lab6.axf
 
16:14:42 **** Incremental Build of configuration Debug for project Lab6 ****
make -r all 
make: Nothing to be done for `all'.
16:15:31 **** Incremental Build of configuration Debug for project lpc_board_nxp_lpcxpresso_1549 ****
make -r all 
make: Nothing to be done for `all'.
16:15:32 **** Incremental Build of configuration Debug for project lpc_chip_15xx ****
make -r all 
make: Nothing to be done for `all'.
16:15:33 **** Incremental Build of configuration Debug for project Lab6 ****
make -r all 
Building file: ../src/Lab6.cpp
Invoking: MCU C++ Compiler
arm-none-eabi-c++ -D__NEWLIB__ -DDEBUG -D__CODE_RED -DCORE_M3 -D__USE_LPCOPEN -DCPP_USE_HEAP -D__LPC15XX__ -I"C:\Users\Nick\Documents\LPCXpresso_8.2.2_650\workspace\lpc_board_nxp_lpcxpresso_1549\inc" -I"C:\Users\Nick\Documents\LPCXpresso_8.2.2_650\workspace\lpc_chip_15xx\inc" -O0 -fno-common -g3 -Wall -c -fmessage-length=0 -fno-builtin -ffunction-sections -fdata-sections -fno-rtti -fno-exceptions -mcpu=cortex-m3 -mthumb -MMD -MP -MF"src/Lab6.d" -MT"src/Lab6.o" -MT"src/Lab6.d" -o "src/Lab6.o" "../src/Lab6.cpp"
../src/Lab6.cpp: In function 'void SysTick_Handler()':
../src/Lab6.cpp:40:14: warning: unused variable 'blink' [-Wunused-variable]
  static bool blink;
              ^
../src/Lab6.cpp: In function 'int main()':
../src/Lab6.cpp:105:36: warning: format '%d' expects argument of type 'int', but argument 3 has type 'uint32_t {aka long unsigned int}' [-Wformat=]
   sprintf(debugStr, "t:%d\n", ticks);
                                    ^
../src/Lab6.cpp:90:10: warning: variable 'button1press' set but not used [-Wunused-but-set-variable]
     bool button1press;
          ^
../src/Lab6.cpp:91:10: warning: variable 'button2press' set but not used [-Wunused-but-set-variable]
     bool button2press;
          ^
../src/Lab6.cpp:92:10: warning: unused variable 'button1state' [-Wunused-variable]
     bool button1state;
          ^
../src/Lab6.cpp:93:10: warning: unused variable 'button2state' [-Wunused-variable]
     bool button2state;
          ^
../src/Lab6.cpp:94:9: warning: unused variable 'counting' [-Wunused-variable]
     int counting = 0;
         ^
In file included from ../src/StateMachine.h:13:0,
                 from ../src/Lab6.cpp:22:
../src/BoardLED.h: At global scope:
../src/BoardLED.h:20:16: warning: 'lightport' defined but not used [-Wunused-variable]
 static uint8_t lightport[] = { 0, 1, 0, 0, 0 };
                ^
../src/BoardLED.h:21:16: warning: 'lightpins' defined but not used [-Wunused-variable]
 static uint8_t lightpins[] = { 24, 0, 27, 28, 12 };
                ^
Finished building: ../src/Lab6.cpp
 
Building target: Lab6.axf
Invoking: MCU C++ Linker
arm-none-eabi-c++ -nostdlib -L"C:\Users\Nick\Documents\LPCXpresso_8.2.2_650\workspace\lpc_board_nxp_lpcxpresso_1549\Debug" -L"C:\Users\Nick\Documents\LPCXpresso_8.2.2_650\workspace\lpc_chip_15xx\Debug" -Xlinker -Map="Lab6.map" -Xlinker --gc-sections -Xlinker -print-memory-usage -mcpu=cortex-m3 -mthumb -T "Lab6_Debug.ld" -o "Lab6.axf"  ./src/BarGraph.o ./src/DeltaTime.o ./src/DigitalIOPin.o ./src/ITM_write.o ./src/Lab6.o ./src/LiquidCrystal.o ./src/NewBarGraph.o ./src/StateMachine.o ./src/boardLED.o ./src/cr_cpp_config.o ./src/cr_startup_lpc15xx.o ./src/crp.o ./src/sysinit.o   -llpc_board_nxp_lpcxpresso_1549 -llpc_chip_15xx
Memory region         Used Size  Region Size  %age Used
       MFlash256:       27340 B       256 KB     10.43%
         Ram0_16:        2272 B        16 KB     13.87%
         Ram1_16:          0 GB        16 KB      0.00%
          Ram2_4:          0 GB         4 KB      0.00%
Finished building target: Lab6.axf
 
make --no-print-directory post-build
Performing post-build steps
arm-none-eabi-size "Lab6.axf"; # arm-none-eabi-objcopy -v -O binary "Lab6.axf" "Lab6.bin" ; # checksum -p LPC1549 -d "Lab6.bin";
   text	   data	    bss	    dec	    hex	filename
  25176	   2164	    108	  27448	   6b38	Lab6.axf
 
16:15:40 **** Incremental Build of configuration Debug for project lpc_board_nxp_lpcxpresso_1549 ****
make -r all 
make: Nothing to be done for `all'.
16:15:41 **** Incremental Build of configuration Debug for project lpc_chip_15xx ****
make -r all 
make: Nothing to be done for `all'.
16:15:42 **** Incremental Build of configuration Debug for project Lab6 ****
make -r all 
make: Nothing to be done for `all'.
16:15:43 **** Incremental Build of configuration Debug for project Lab6 ****
make -r all 
make: Nothing to be done for `all'.
16:17:44 **** Incremental Build of configuration Debug for project lpc_board_nxp_lpcxpresso_1549 ****
make -r all 
make: Nothing to be done for `all'.
16:17:45 **** Incremental Build of configuration Debug for project lpc_chip_15xx ****
make -r all 
make: Nothing to be done for `all'.
16:17:46 **** Incremental Build of configuration Debug for project Lab6 ****
make -r all 
Building file: ../src/Lab6.cpp
Invoking: MCU C++ Compiler
arm-none-eabi-c++ -D__NEWLIB__ -DDEBUG -D__CODE_RED -DCORE_M3 -D__USE_LPCOPEN -DCPP_USE_HEAP -D__LPC15XX__ -I"C:\Users\Nick\Documents\LPCXpresso_8.2.2_650\workspace\lpc_board_nxp_lpcxpresso_1549\inc" -I"C:\Users\Nick\Documents\LPCXpresso_8.2.2_650\workspace\lpc_chip_15xx\inc" -O0 -fno-common -g3 -Wall -c -fmessage-length=0 -fno-builtin -ffunction-sections -fdata-sections -fno-rtti -fno-exceptions -mcpu=cortex-m3 -mthumb -MMD -MP -MF"src/Lab6.d" -MT"src/Lab6.o" -MT"src/Lab6.d" -o "src/Lab6.o" "../src/Lab6.cpp"
../src/Lab6.cpp: In function 'void SysTick_Handler()':
../src/Lab6.cpp:40:14: warning: unused variable 'blink' [-Wunused-variable]
  static bool blink;
              ^
../src/Lab6.cpp: In function 'int main()':
../src/Lab6.cpp:90:10: warning: variable 'button1press' set but not used [-Wunused-but-set-variable]
     bool button1press;
          ^
../src/Lab6.cpp:91:10: warning: variable 'button2press' set but not used [-Wunused-but-set-variable]
     bool button2press;
          ^
../src/Lab6.cpp:92:10: warning: unused variable 'button1state' [-Wunused-variable]
     bool button1state;
          ^
../src/Lab6.cpp:93:10: warning: unused variable 'button2state' [-Wunused-variable]
     bool button2state;
          ^
../src/Lab6.cpp:94:9: warning: unused variable 'counting' [-Wunused-variable]
     int counting = 0;
         ^
In file included from ../src/StateMachine.h:13:0,
                 from ../src/Lab6.cpp:22:
../src/BoardLED.h: At global scope:
../src/BoardLED.h:20:16: warning: 'lightport' defined but not used [-Wunused-variable]
 static uint8_t lightport[] = { 0, 1, 0, 0, 0 };
                ^
../src/BoardLED.h:21:16: warning: 'lightpins' defined but not used [-Wunused-variable]
 static uint8_t lightpins[] = { 24, 0, 27, 28, 12 };
                ^
Finished building: ../src/Lab6.cpp
 
Building file: ../src/StateMachine.cpp
Invoking: MCU C++ Compiler
arm-none-eabi-c++ -D__NEWLIB__ -DDEBUG -D__CODE_RED -DCORE_M3 -D__USE_LPCOPEN -DCPP_USE_HEAP -D__LPC15XX__ -I"C:\Users\Nick\Documents\LPCXpresso_8.2.2_650\workspace\lpc_board_nxp_lpcxpresso_1549\inc" -I"C:\Users\Nick\Documents\LPCXpresso_8.2.2_650\workspace\lpc_chip_15xx\inc" -O0 -fno-common -g3 -Wall -c -fmessage-length=0 -fno-builtin -ffunction-sections -fdata-sections -fno-rtti -fno-exceptions -mcpu=cortex-m3 -mthumb -MMD -MP -MF"src/StateMachine.d" -MT"src/StateMachine.o" -MT"src/StateMachine.d" -o "src/StateMachine.o" "../src/StateMachine.cpp"
../src/StateMachine.cpp: In member function 'void StateMachine::HandleState(bool, bool)':
../src/StateMachine.cpp:20:33: warning: format '%d' expects argument of type 'int', but argument 3 has type 'uint32_t {aka long unsigned int}' [-Wformat=]
  sprintf(count, "t: %d\n", ticks);
                                 ^
In file included from ../src/StateMachine.h:13:0,
                 from ../src/StateMachine.cpp:8:
../src/BoardLED.h: At global scope:
../src/BoardLED.h:20:16: warning: 'lightport' defined but not used [-Wunused-variable]
 static uint8_t lightport[] = { 0, 1, 0, 0, 0 };
                ^
../src/BoardLED.h:21:16: warning: 'lightpins' defined but not used [-Wunused-variable]
 static uint8_t lightpins[] = { 24, 0, 27, 28, 12 };
                ^
Finished building: ../src/StateMachine.cpp
 
Building target: Lab6.axf
Invoking: MCU C++ Linker
arm-none-eabi-c++ -nostdlib -L"C:\Users\Nick\Documents\LPCXpresso_8.2.2_650\workspace\lpc_board_nxp_lpcxpresso_1549\Debug" -L"C:\Users\Nick\Documents\LPCXpresso_8.2.2_650\workspace\lpc_chip_15xx\Debug" -Xlinker -Map="Lab6.map" -Xlinker --gc-sections -Xlinker -print-memory-usage -mcpu=cortex-m3 -mthumb -T "Lab6_Debug.ld" -o "Lab6.axf"  ./src/BarGraph.o ./src/DeltaTime.o ./src/DigitalIOPin.o ./src/ITM_write.o ./src/Lab6.o ./src/LiquidCrystal.o ./src/NewBarGraph.o ./src/StateMachine.o ./src/boardLED.o ./src/cr_cpp_config.o ./src/cr_startup_lpc15xx.o ./src/crp.o ./src/sysinit.o   -llpc_board_nxp_lpcxpresso_1549 -llpc_chip_15xx
Memory region         Used Size  Region Size  %age Used
       MFlash256:       27356 B       256 KB     10.44%
         Ram0_16:        2272 B        16 KB     13.87%
         Ram1_16:          0 GB        16 KB      0.00%
          Ram2_4:          0 GB         4 KB      0.00%
Finished building target: Lab6.axf
 
make --no-print-directory post-build
Performing post-build steps
arm-none-eabi-size "Lab6.axf"; # arm-none-eabi-objcopy -v -O binary "Lab6.axf" "Lab6.bin" ; # checksum -p LPC1549 -d "Lab6.bin";
   text	   data	    bss	    dec	    hex	filename
  25192	   2164	    108	  27464	   6b48	Lab6.axf
 
16:17:52 **** Incremental Build of configuration Debug for project lpc_board_nxp_lpcxpresso_1549 ****
make -r all 
make: Nothing to be done for `all'.
16:17:52 **** Incremental Build of configuration Debug for project lpc_chip_15xx ****
make -r all 
make: Nothing to be done for `all'.
16:17:53 **** Incremental Build of configuration Debug for project Lab6 ****
make -r all 
make: Nothing to be done for `all'.
16:17:55 **** Incremental Build of configuration Debug for project Lab6 ****
make -r all 
make: Nothing to be done for `all'.
16:18:19 **** Incremental Build of configuration Debug for project lpc_board_nxp_lpcxpresso_1549 ****
make -r all 
make: Nothing to be done for `all'.
16:18:20 **** Incremental Build of configuration Debug for project lpc_chip_15xx ****
make -r all 
make: Nothing to be done for `all'.
16:18:21 **** Incremental Build of configuration Debug for project Lab6 ****
make -r all 
Building file: ../src/Lab6.cpp
Invoking: MCU C++ Compiler
arm-none-eabi-c++ -D__NEWLIB__ -DDEBUG -D__CODE_RED -DCORE_M3 -D__USE_LPCOPEN -DCPP_USE_HEAP -D__LPC15XX__ -I"C:\Users\Nick\Documents\LPCXpresso_8.2.2_650\workspace\lpc_board_nxp_lpcxpresso_1549\inc" -I"C:\Users\Nick\Documents\LPCXpresso_8.2.2_650\workspace\lpc_chip_15xx\inc" -O0 -fno-common -g3 -Wall -c -fmessage-length=0 -fno-builtin -ffunction-sections -fdata-sections -fno-rtti -fno-exceptions -mcpu=cortex-m3 -mthumb -MMD -MP -MF"src/Lab6.d" -MT"src/Lab6.o" -MT"src/Lab6.d" -o "src/Lab6.o" "../src/Lab6.cpp"
../src/Lab6.cpp: In function 'void SysTick_Handler()':
../src/Lab6.cpp:40:14: warning: unused variable 'blink' [-Wunused-variable]
  static bool blink;
              ^
../src/Lab6.cpp: In function 'int main()':
../src/Lab6.cpp:92:10: warning: unused variable 'button1state' [-Wunused-variable]
     bool button1state;
          ^
../src/Lab6.cpp:93:10: warning: unused variable 'button2state' [-Wunused-variable]
     bool button2state;
          ^
../src/Lab6.cpp:94:9: warning: unused variable 'counting' [-Wunused-variable]
     int counting = 0;
         ^
In file included from ../src/StateMachine.h:13:0,
                 from ../src/Lab6.cpp:22:
../src/BoardLED.h: At global scope:
../src/BoardLED.h:20:16: warning: 'lightport' defined but not used [-Wunused-variable]
 static uint8_t lightport[] = { 0, 1, 0, 0, 0 };
                ^
../src/BoardLED.h:21:16: warning: 'lightpins' defined but not used [-Wunused-variable]
 static uint8_t lightpins[] = { 24, 0, 27, 28, 12 };
                ^
Finished building: ../src/Lab6.cpp
 
Building target: Lab6.axf
Invoking: MCU C++ Linker
arm-none-eabi-c++ -nostdlib -L"C:\Users\Nick\Documents\LPCXpresso_8.2.2_650\workspace\lpc_board_nxp_lpcxpresso_1549\Debug" -L"C:\Users\Nick\Documents\LPCXpresso_8.2.2_650\workspace\lpc_chip_15xx\Debug" -Xlinker -Map="Lab6.map" -Xlinker --gc-sections -Xlinker -print-memory-usage -mcpu=cortex-m3 -mthumb -T "Lab6_Debug.ld" -o "Lab6.axf"  ./src/BarGraph.o ./src/DeltaTime.o ./src/DigitalIOPin.o ./src/ITM_write.o ./src/Lab6.o ./src/LiquidCrystal.o ./src/NewBarGraph.o ./src/StateMachine.o ./src/boardLED.o ./src/cr_cpp_config.o ./src/cr_startup_lpc15xx.o ./src/crp.o ./src/sysinit.o   -llpc_board_nxp_lpcxpresso_1549 -llpc_chip_15xx
Memory region         Used Size  Region Size  %age Used
       MFlash256:       28188 B       256 KB     10.75%
         Ram0_16:        2292 B        16 KB     13.99%
         Ram1_16:          0 GB        16 KB      0.00%
          Ram2_4:          0 GB         4 KB      0.00%
Finished building target: Lab6.axf
 
make --no-print-directory post-build
Performing post-build steps
arm-none-eabi-size "Lab6.axf"; # arm-none-eabi-objcopy -v -O binary "Lab6.axf" "Lab6.bin" ; # checksum -p LPC1549 -d "Lab6.bin";
   text	   data	    bss	    dec	    hex	filename
  26008	   2180	    112	  28300	   6e8c	Lab6.axf
 
16:18:23 **** Incremental Build of configuration Debug for project Lab6 ****
make -r all 
make: Nothing to be done for `all'.
16:20:36 **** Incremental Build of configuration Debug for project lpc_board_nxp_lpcxpresso_1549 ****
make -r all 
make: Nothing to be done for `all'.
16:20:37 **** Incremental Build of configuration Debug for project lpc_chip_15xx ****
make -r all 
make: Nothing to be done for `all'.
16:20:38 **** Incremental Build of configuration Debug for project Lab6 ****
make -r all 
Building file: ../src/Lab6.cpp
Invoking: MCU C++ Compiler
arm-none-eabi-c++ -D__NEWLIB__ -DDEBUG -D__CODE_RED -DCORE_M3 -D__USE_LPCOPEN -DCPP_USE_HEAP -D__LPC15XX__ -I"C:\Users\Nick\Documents\LPCXpresso_8.2.2_650\workspace\lpc_board_nxp_lpcxpresso_1549\inc" -I"C:\Users\Nick\Documents\LPCXpresso_8.2.2_650\workspace\lpc_chip_15xx\inc" -O0 -fno-common -g3 -Wall -c -fmessage-length=0 -fno-builtin -ffunction-sections -fdata-sections -fno-rtti -fno-exceptions -mcpu=cortex-m3 -mthumb -MMD -MP -MF"src/Lab6.d" -MT"src/Lab6.o" -MT"src/Lab6.d" -o "src/Lab6.o" "../src/Lab6.cpp"
../src/Lab6.cpp: In function 'void SysTick_Handler()':
../src/Lab6.cpp:40:14: warning: unused variable 'blink' [-Wunused-variable]
  static bool blink;
              ^
../src/Lab6.cpp: In function 'int main()':
../src/Lab6.cpp:107:56: error: no matching function for call to 'StateMachine::HandleState(bool&, bool&, volatile uint32_t&)'
   tLights.HandleState(button1press, button2press, ticks);
                                                        ^
In file included from ../src/Lab6.cpp:22:0:
[...]
../src/uart_test.cpp: In function 'int main()':
../src/uart_test.cpp:257:41: warning: format '%d' expects argument of type 'int', but argument 2 has type 'uint32_t {aka long unsigned int}' [-Wformat=]
    printf("Next update: %d\n", waitUntil);
                                         ^
../src/uart_test.cpp:182:17: warning: unused variable 'fa' [-Wunused-variable]
  const uint16_t fa[20] = { 1000, 2000, 3000, 3500, 4000, 5000, 7000, 8000, 8300, 10000, 10000, 9000, 8000, 7000, 6000, 5000, 4000, 3000, 2000, 1000 };
                 ^
Finished building: ../src/uart_test.cpp
 
Building target: Project.axf
Invoking: MCU C++ Linker
arm-none-eabi-c++ -nostdlib -L"C:\Users\Nick\Documents\LPCXpresso_8.2.2_650\workspace\lpc_board_nxp_lpcxpresso_1549\Debug" -L"C:\Users\Nick\Documents\LPCXpresso_8.2.2_650\workspace\lpc_chip_15xx\Debug" -Xlinker -Map="Project.map" -Xlinker --gc-sections -Xlinker -print-memory-usage -mcpu=cortex-m3 -mthumb -T "Project_Debug.ld" -o "Project.axf"  ./src/I2C.o ./src/ModbusMaster.o ./src/SerialPort.o ./src/cr_cpp_config.o ./src/cr_startup_lpc15xx.o ./src/crp.o ./src/retarget_itm.o ./src/sysinit.o ./src/uart_test.o   -llpc_board_nxp_lpcxpresso_1549 -llpc_chip_15xx
Memory region         Used Size  Region Size  %age Used
       MFlash256:       40444 B       256 KB     15.43%
         Ram0_16:        2328 B        16 KB     14.21%
         Ram1_16:          0 GB        16 KB      0.00%
          Ram2_4:          0 GB         4 KB      0.00%
Finished building target: Project.axf
 
make --no-print-directory post-build
Performing post-build steps
arm-none-eabi-size "Project.axf"; # arm-none-eabi-objcopy -v -O binary "Project.axf" "Project.bin" ; # checksum -p LPC1549 -d "Project.bin";
   text	   data	    bss	    dec	    hex	filename
  38224	   2220	    108	  40552	   9e68	Project.axf
 
12:31:45 **** Incremental Build of configuration Debug for project Project ****
make -r all 
make: Nothing to be done for `all'.
13:30:06 **** Incremental Build of configuration Debug for project lpc_board_nxp_lpcxpresso_1549 ****
make -r all 
make: Nothing to be done for `all'.
13:30:07 **** Incremental Build of configuration Debug for project lpc_chip_15xx ****
make -r all 
make: Nothing to be done for `all'.
13:30:08 **** Incremental Build of configuration Debug for project Project ****
make -r all 
Building file: ../src/uart_test.cpp
Invoking: MCU C++ Compiler
arm-none-eabi-c++ -D__NEWLIB__ -DDEBUG -D__CODE_RED -DCORE_M3 -D__USE_LPCOPEN -DCPP_USE_HEAP -D__LPC15XX__ -I"C:\Users\Nick\Documents\LPCXpresso_8.2.2_650\workspace\lpc_board_nxp_lpcxpresso_1549\inc" -I"C:\Users\Nick\Documents\LPCXpresso_8.2.2_650\workspace\lpc_chip_15xx\inc" -O0 -fno-common -g3 -Wall -c -fmessage-length=0 -fno-builtin -ffunction-sections -fdata-sections -fno-rtti -fno-exceptions -mcpu=cortex-m3 -mthumb -MMD -MP -MF"src/uart_test.d" -MT"src/uart_test.o" -MT"src/uart_test.d" -o "src/uart_test.o" "../src/uart_test.cpp"
../src/uart_test.cpp: In function 'int main()':
../src/uart_test.cpp:257:41: warning: format '%d' expects argument of type 'int', but argument 2 has type 'uint32_t {aka long unsigned int}' [-Wformat=]
    printf("Next update: %d\n", waitUntil);
                                         ^
../src/uart_test.cpp:182:17: warning: unused variable 'fa' [-Wunused-variable]
  const uint16_t fa[20] = { 1000, 2000, 3000, 3500, 4000, 5000, 7000, 8000, 8300, 10000, 10000, 9000, 8000, 7000, 6000, 5000, 4000, 3000, 2000, 1000 };
                 ^
Finished building: ../src/uart_test.cpp
 
Building target: Project.axf
Invoking: MCU C++ Linker
arm-none-eabi-c++ -nostdlib -L"C:\Users\Nick\Documents\LPCXpresso_8.2.2_650\workspace\lpc_board_nxp_lpcxpresso_1549\Debug" -L"C:\Users\Nick\Documents\LPCXpresso_8.2.2_650\workspace\lpc_chip_15xx\Debug" -Xlinker -Map="Project.map" -Xlinker --gc-sections -Xlinker -print-memory-usage -mcpu=cortex-m3 -mthumb -T "Project_Debug.ld" -o "Project.axf"  ./src/I2C.o ./src/ModbusMaster.o ./src/SerialPort.o ./src/cr_cpp_config.o ./src/cr_startup_lpc15xx.o ./src/crp.o ./src/retarget_itm.o ./src/sysinit.o ./src/uart_test.o   -llpc_board_nxp_lpcxpresso_1549 -llpc_chip_15xx
Memory region         Used Size  Region Size  %age Used
       MFlash256:       40444 B       256 KB     15.43%
         Ram0_16:        2328 B        16 KB     14.21%
         Ram1_16:          0 GB        16 KB      0.00%
          Ram2_4:          0 GB         4 KB      0.00%
Finished building target: Project.axf
 
make --no-print-directory post-build
Performing post-build steps
arm-none-eabi-size "Project.axf"; # arm-none-eabi-objcopy -v -O binary "Project.axf" "Project.bin" ; # checksum -p LPC1549 -d "Project.bin";
   text	   data	    bss	    dec	    hex	filename
  38224	   2220	    108	  40552	   9e68	Project.axf
 
14:00:08 **** Incremental Build of configuration Debug for project lpc_board_nxp_lpcxpresso_1549 ****
make -r all 
make: Nothing to be done for `all'.
14:00:08 **** Incremental Build of configuration Debug for project lpc_chip_15xx ****
make -r all 
make: Nothing to be done for `all'.
14:00:09 **** Incremental Build of configuration Debug for project Project ****
make -r all 
make: Nothing to be done for `all'.
14:00:25 **** Incremental Build of configuration Debug for project lpc_board_nxp_lpcxpresso_1549 ****
make -r all 
make: Nothing to be done for `all'.
14:00:25 **** Incremental Build of configuration Debug for project lpc_chip_15xx ****
make -r all 
make: Nothing to be done for `all'.
14:00:26 **** Incremental Build of configuration Debug for project Project ****
make -r all 
make: Nothing to be done for `all'.
14:00:28 **** Incremental Build of configuration Debug for project Project ****
make -r all 
make: Nothing to be done for `all'.
14:03:40 **** Incremental Build of configuration Debug for project lpc_board_nxp_lpcxpresso_1549 ****
make -r all 
make: Nothing to be done for `all'.
14:03:41 **** Incremental Build of configuration Debug for project lpc_chip_15xx ****
make -r all 
make: Nothing to be done for `all'.
14:03:42 **** Incremental Build of configuration Debug for project Project ****
make -r all 
Building file: ../src/uart_test.cpp
Invoking: MCU C++ Compiler
arm-none-eabi-c++ -D__NEWLIB__ -DDEBUG -D__CODE_RED -DCORE_M3 -D__USE_LPCOPEN -DCPP_USE_HEAP -D__LPC15XX__ -I"C:\Users\Nick\Documents\LPCXpresso_8.2.2_650\workspace\lpc_board_nxp_lpcxpresso_1549\inc" -I"C:\Users\Nick\Documents\LPCXpresso_8.2.2_650\workspace\lpc_chip_15xx\inc" -O0 -fno-common -g3 -Wall -c -fmessage-length=0 -fno-builtin -ffunction-sections -fdata-sections -fno-rtti -fno-exceptions -mcpu=cortex-m3 -mthumb -MMD -MP -MF"src/uart_test.d" -MT"src/uart_test.o" -MT"src/uart_test.d" -o "src/uart_test.o" "../src/uart_test.cpp"
../src/uart_test.cpp: In function 'int main()':
../src/uart_test.cpp:257:41: warning: format '%d' expects argument of type 'int', but argument 2 has type 'uint32_t {aka long unsigned int}' [-Wformat=]
    printf("Next update: %d\n", waitUntil);
                                         ^
../src/uart_test.cpp:182:17: warning: unused variable 'fa' [-Wunused-variable]
  const uint16_t fa[20] = { 1000, 2000, 3000, 3500, 4000, 5000, 7000, 8000, 8300, 10000, 10000, 9000, 8000, 7000, 6000, 5000, 4000, 3000, 2000, 1000 };
                 ^
Finished building: ../src/uart_test.cpp
 
Building target: Project.axf
Invoking: MCU C++ Linker
arm-none-eabi-c++ -nostdlib -L"C:\Users\Nick\Documents\LPCXpresso_8.2.2_650\workspace\lpc_board_nxp_lpcxpresso_1549\Debug" -L"C:\Users\Nick\Documents\LPCXpresso_8.2.2_650\workspace\lpc_chip_15xx\Debug" -Xlinker -Map="Project.map" -Xlinker --gc-sections -Xlinker -print-memory-usage -mcpu=cortex-m3 -mthumb -T "Project_Debug.ld" -o "Project.axf"  ./src/I2C.o ./src/ModbusMaster.o ./src/SerialPort.o ./src/cr_cpp_config.o ./src/cr_startup_lpc15xx.o ./src/crp.o ./src/retarget_itm.o ./src/sysinit.o ./src/uart_test.o   -llpc_board_nxp_lpcxpresso_1549 -llpc_chip_15xx
Memory region         Used Size  Region Size  %age Used
       MFlash256:       40444 B       256 KB     15.43%
         Ram0_16:        2328 B        16 KB     14.21%
         Ram1_16:          0 GB        16 KB      0.00%
          Ram2_4:          0 GB         4 KB      0.00%
Finished building target: Project.axf
 
make --no-print-directory post-build
Performing post-build steps
arm-none-eabi-size "Project.axf"; # arm-none-eabi-objcopy -v -O binary "Project.axf" "Project.bin" ; # checksum -p LPC1549 -d "Project.bin";
   text	   data	    bss	    dec	    hex	filename
  38224	   2220	    108	  40552	   9e68	Project.axf
 
14:03:45 **** Incremental Build of configuration Debug for project Project ****
make -r all 
make: Nothing to be done for `all'.
14:09:37 **** Incremental Build of configuration Debug for project lpc_board_nxp_lpcxpresso_1549 ****
make -r all 
make: Nothing to be done for `all'.
14:09:38 **** Incremental Build of configuration Debug for project lpc_chip_15xx ****
make -r all 
make: Nothing to be done for `all'.
14:09:39 **** Incremental Build of configuration Debug for project Lab6 ****
make -r all 
Building target: Lab6.axf
Invoking: MCU C++ Linker
arm-none-eabi-c++ -nostdlib -L"C:\Users\Nick\Documents\LPCXpresso_8.2.2_650\workspace\lpc_board_nxp_lpcxpresso_1549\Debug" -L"C:\Users\Nick\Documents\LPCXpresso_8.2.2_650\workspace\lpc_chip_15xx\Debug" -Xlinker -Map="Lab6.map" -Xlinker --gc-sections -Xlinker -print-memory-usage -mcpu=cortex-m3 -mthumb -T "Lab6_Debug.ld" -o "Lab6.axf"  ./src/BarGraph.o ./src/DeltaTime.o ./src/DigitalIOPin.o ./src/ITM_write.o ./src/Lab6.o ./src/LiquidCrystal.o ./src/NewBarGraph.o ./src/StateMachine.o ./src/boardLED.o ./src/cr_cpp_config.o ./src/cr_startup_lpc15xx.o ./src/crp.o ./src/sysinit.o   -llpc_board_nxp_lpcxpresso_1549 -llpc_chip_15xx
Memory region         Used Size  Region Size  %age Used
       MFlash256:       29028 B       256 KB     11.07%
         Ram0_16:        2280 B        16 KB     13.92%
         Ram1_16:          0 GB        16 KB      0.00%
          Ram2_4:          0 GB         4 KB      0.00%
Finished building target: Lab6.axf
 
make --no-print-directory post-build
Performing post-build steps
arm-none-eabi-size "Lab6.axf"; # arm-none-eabi-objcopy -v -O binary "Lab6.axf" "Lab6.bin" ; # checksum -p LPC1549 -d "Lab6.bin";
   text	   data	    bss	    dec	    hex	filename
  26848	   2180	    100	  29128	   71c8	Lab6.axf
 
14:09:40 **** Incremental Build of configuration Debug for project Lab6 ****
make -r all 
make: Nothing to be done for `all'.
14:10:15 **** Incremental Build of configuration Debug for project lpc_board_nxp_lpcxpresso_1549 ****
make -r all 
make: Nothing to be done for `all'.
14:10:16 **** Incremental Build of configuration Debug for project lpc_chip_15xx ****
make -r all 
make: Nothing to be done for `all'.
14:10:17 **** Incremental Build of configuration Debug for project Lab6 ****
make -r all 
make: Nothing to be done for `all'.
14:10:19 **** Incremental Build of configuration Debug for project Lab6 ****
make -r all 
make: Nothing to be done for `all'.
14:11:48 **** Incremental Build of configuration Debug for project lpc_board_nxp_lpcxpresso_1549 ****
make -r all 
make: Nothing to be done for `all'.
14:11:49 **** Incremental Build of configuration Debug for project lpc_chip_15xx ****
make -r all 
make: Nothing to be done for `all'.
14:11:50 **** Incremental Build of configuration Debug for project Lab6 ****
make -r all 
Building target: Lab6.axf
Invoking: MCU C++ Linker
arm-none-eabi-c++ -nostdlib -L"C:\Users\Nick\Documents\LPCXpresso_8.2.2_650\workspace\lpc_board_nxp_lpcxpresso_1549\Debug" -L"C:\Users\Nick\Documents\LPCXpresso_8.2.2_650\workspace\lpc_chip_15xx\Debug" -Xlinker -Map="Lab6.map" -Xlinker --gc-sections -Xlinker -print-memory-usage -mcpu=cortex-m3 -mthumb -T "Lab6_Debug.ld" -o "Lab6.axf"  ./src/BarGraph.o ./src/DeltaTime.o ./src/DigitalIOPin.o ./src/ITM_write.o ./src/Lab6.o ./src/LiquidCrystal.o ./src/NewBarGraph.o ./src/StateMachine.o ./src/boardLED.o ./src/cr_cpp_config.o ./src/cr_startup_lpc15xx.o ./src/crp.o ./src/sysinit.o   -llpc_board_nxp_lpcxpresso_1549 -llpc_chip_15xx
Memory region         Used Size  Region Size  %age Used
       MFlash256:       29028 B       256 KB     11.07%
         Ram0_16:        2280 B        16 KB     13.92%
         Ram1_16:          0 GB        16 KB      0.00%
          Ram2_4:          0 GB         4 KB      0.00%
Finished building target: Lab6.axf
 
make --no-print-directory post-build
Performing post-build steps
arm-none-eabi-size "Lab6.axf"; # arm-none-eabi-objcopy -v -O binary "Lab6.axf" "Lab6.bin" ; # checksum -p LPC1549 -d "Lab6.bin";
   text	   data	    bss	    dec	    hex	filename
  26848	   2180	    100	  29128	   71c8	Lab6.axf
 
14:11:52 **** Incremental Build of configuration Debug for project Lab6 ****
make -r all 
make: Nothing to be done for `all'.
14:12:47 **** Incremental Build of configuration Debug for project lpc_board_nxp_lpcxpresso_1549 ****
make -r all 
make: Nothing to be done for `all'.
14:12:48 **** Incremental Build of configuration Debug for project lpc_chip_15xx ****
make -r all 
make: Nothing to be done for `all'.
14:12:49 **** Incremental Build of configuration Debug for project Lab6 ****
make -r all 
Building file: ../src/Lab6.cpp
Invoking: MCU C++ Compiler
arm-none-eabi-c++ -D__NEWLIB__ -DDEBUG -D__CODE_RED -DCORE_M3 -D__USE_LPCOPEN -DCPP_USE_HEAP -D__LPC15XX__ -I"C:\Users\Nick\Documents\LPCXpresso_8.2.2_650\workspace\lpc_board_nxp_lpcxpresso_1549\inc" -I"C:\Users\Nick\Documents\LPCXpresso_8.2.2_650\workspace\lpc_chip_15xx\inc" -O0 -fno-common -g3 -Wall -c -fmessage-length=0 -fno-builtin -ffunction-sections -fdata-sections -fno-rtti -fno-exceptions -mcpu=cortex-m3 -mthumb -MMD -MP -MF"src/Lab6.d" -MT"src/Lab6.o" -MT"src/Lab6.d" -o "src/Lab6.o" "../src/Lab6.cpp"
In file included from ../src/Lab6.cpp:22:0:
../src/StateMachine.h:36:21: warning: non-static data member initializers only available with -std=c++11 or -std=gnu++11
   int carTracking = 0;
                     ^
../src/Lab6.cpp: In function 'void SysTick_Handler()':
../src/Lab6.cpp:53:14: warning: unused variable 'blink' [-Wunused-variable]
  static bool blink;
              ^
../src/Lab6.cpp: In function 'int main()':
../src/Lab6.cpp:105:10: warning: unused variable 'button1state' [-Wunused-variable]
     bool button1state;
          ^
../src/Lab6.cpp:106:10: warning: unused variable 'button2state' [-Wunused-variable]
     bool button2state;
          ^
../src/Lab6.cpp:107:9: warning: unused variable 'counting' [-Wunused-variable]
     int counting = 0;
         ^
In file included from ../src/StateMachine.h:13:0,
                 from ../src/Lab6.cpp:22:
../src/BoardLED.h: At global scope:
../src/BoardLED.h:20:16: warning: 'lightport' defined but not used [-Wunused-variable]
 static uint8_t lightport[] = { 0, 1, 0, 0, 0 };
                ^
../src/BoardLED.h:21:16: warning: 'lightpins' defined but not used [-Wunused-variable]
 static uint8_t lightpins[] = { 24, 0, 27, 28, 12 };
                ^
Finished building: ../src/Lab6.cpp
 
Building target: Lab6.axf
Invoking: MCU C++ Linker
arm-none-eabi-c++ -nostdlib -L"C:\Users\Nick\Documents\LPCXpresso_8.2.2_650\workspace\lpc_board_nxp_lpcxpresso_1549\Debug" -L"C:\Users\Nick\Documents\LPCXpresso_8.2.2_650\workspace\lpc_chip_15xx\Debug" -Xlinker -Map="Lab6.map" -Xlinker --gc-sections -Xlinker -print-memory-usage -mcpu=cortex-m3 -mthumb -T "Lab6_Debug.ld" -o "Lab6.axf"  ./src/BarGraph.o ./src/DeltaTime.o ./src/DigitalIOPin.o ./src/ITM_write.o ./src/Lab6.o ./src/LiquidCrystal.o ./src/NewBarGraph.o ./src/StateMachine.o ./src/boardLED.o ./src/cr_cpp_config.o ./src/cr_startup_lpc15xx.o ./src/crp.o ./src/sysinit.o   -llpc_board_nxp_lpcxpresso_1549 -llpc_chip_15xx
Memory region         Used Size  Region Size  %age Used
       MFlash256:       29028 B       256 KB     11.07%
         Ram0_16:        2280 B        16 KB     13.92%
         Ram1_16:          0 GB        16 KB      0.00%
          Ram2_4:          0 GB         4 KB      0.00%
Finished building target: Lab6.axf
 
make --no-print-directory post-build
Performing post-build steps
arm-none-eabi-size "Lab6.axf"; # arm-none-eabi-objcopy -v -O binary "Lab6.axf" "Lab6.bin" ; # checksum -p LPC1549 -d "Lab6.bin";
   text	   data	    bss	    dec	    hex	filename
  26848	   2180	    100	  29128	   71c8	Lab6.axf
 
14:12:52 **** Incremental Build of configuration Debug for project Lab6 ****
make -r all 
make: Nothing to be done for `all'.
14:29:04 **** Incremental Build of configuration Debug for project lpc_board_nxp_lpcxpresso_1549 ****
make -r all 
make: Nothing to be done for `all'.
14:29:05 **** Incremental Build of configuration Debug for project lpc_chip_15xx ****
make -r all 
make: Nothing to be done for `all'.
14:29:06 **** Incremental Build of configuration Debug for project Lab6 ****
make -r all 
Building file: ../src/StateMachine.cpp
Invoking: MCU C++ Compiler
arm-none-eabi-c++ -D__NEWLIB__ -DDEBUG -D__CODE_RED -DCORE_M3 -D__USE_LPCOPEN -DCPP_USE_HEAP -D__LPC15XX__ -I"C:\Users\Nick\Documents\LPCXpresso_8.2.2_650\workspace\lpc_board_nxp_lpcxpresso_1549\inc" -I"C:\Users\Nick\Documents\LPCXpresso_8.2.2_650\workspace\lpc_chip_15xx\inc" -O0 -fno-common -g3 -Wall -c -fmessage-length=0 -fno-builtin -ffunction-sections -fdata-sections -fno-rtti -fno-exceptions -mcpu=cortex-m3 -mthumb -MMD -MP -MF"src/StateMachine.d" -MT"src/StateMachine.o" -MT"src/StateMachine.d" -o "src/StateMachine.o" "../src/StateMachine.cpp"
In file included from ../src/StateMachine.cpp:8:0:
../src/StateMachine.h:36:21: warning: non-static data member initializers only available with -std=c++11 or -std=gnu++11
   int carTracking = 0;
                     ^
In file included from ../src/StateMachine.h:13:0,
                 from ../src/StateMachine.cpp:8:
../src/BoardLED.h:20:16: warning: 'lightport' defined but not used [-Wunused-variable]
 static uint8_t lightport[] = { 0, 1, 0, 0, 0 };
                ^
../src/BoardLED.h:21:16: warning: 'lightpins' defined but not used [-Wunused-variable]
 static uint8_t lightpins[] = { 24, 0, 27, 28, 12 };
                ^
Finished building: ../src/StateMachine.cpp
 
Building target: Lab6.axf
Invoking: MCU C++ Linker
arm-none-eabi-c++ -nostdlib -L"C:\Users\Nick\Documents\LPCXpresso_8.2.2_650\workspace\lpc_board_nxp_lpcxpresso_1549\Debug" -L"C:\Users\Nick\Documents\LPCXpresso_8.2.2_650\workspace\lpc_chip_15xx\Debug" -Xlinker -Map="Lab6.map" -Xlinker --gc-sections -Xlinker -print-memory-usage -mcpu=cortex-m3 -mthumb -T "Lab6_Debug.ld" -o "Lab6.axf"  ./src/BarGraph.o ./src/DeltaTime.o ./src/DigitalIOPin.o ./src/ITM_write.o ./src/Lab6.o ./src/LiquidCrystal.o ./src/NewBarGraph.o ./src/StateMachine.o ./src/boardLED.o ./src/cr_cpp_config.o ./src/cr_startup_lpc15xx.o ./src/crp.o ./src/sysinit.o   -llpc_board_nxp_lpcxpresso_1549 -llpc_chip_15xx
Memory region         Used Size  Region Size  %age Used
       MFlash256:       29124 B       256 KB     11.11%
         Ram0_16:        2280 B        16 KB     13.92%
         Ram1_16:          0 GB        16 KB      0.00%
          Ram2_4:          0 GB         4 KB      0.00%
Finished building target: Lab6.axf
 
make --no-print-directory post-build
Performing post-build steps
arm-none-eabi-size "Lab6.axf"; # arm-none-eabi-objcopy -v -O binary "Lab6.axf" "Lab6.bin" ; # checksum -p LPC1549 -d "Lab6.bin";
   text	   data	    bss	    dec	    hex	filename
  26944	   2180	    100	  29224	   7228	Lab6.axf
 
14:29:08 **** Incremental Build of configuration Debug for project Lab6 ****
make -r all 
make: Nothing to be done for `all'.
