21:39:22 **** Build of configuration Debug for project LCD ****
make -r all 
Building target: LCD.axf
Invoking: MCU C++ Linker
arm-none-eabi-c++ -nostdlib -L"C:\Users\Nick\Documents\LPCXpresso_8.2.2_650\workspace\lpc_board_nxp_lpcxpresso_1549\Debug" -L"C:\Users\Nick\Documents\LPCXpresso_8.2.2_650\workspace\lpc_chip_15xx\Debug" -Xlinker -Map="LCD.map" -Xlinker --gc-sections -Xlinker -print-memory-usage -mcpu=cortex-m3 -mthumb -T "LCD_Debug.ld" -o "LCD.axf"  ./src/DigitalIOPin.o ./src/LCD.o ./src/LiquidCrystal.o ./src/RealTimeClock.o ./src/cr_cpp_config.o ./src/cr_startup_lpc15xx.o ./src/crp.o ./src/sysinit.o   -llpc_board_nxp_lpcxpresso_1549 -llpc_chip_15xx
Memory region         Used Size  Region Size  %age Used
       MFlash256:       30216 B       256 KB     11.53%
         Ram0_16:        2284 B        16 KB     13.94%
         Ram1_16:          0 GB        16 KB      0.00%
          Ram2_4:          0 GB         4 KB      0.00%
Finished building target: LCD.axf
 
make --no-print-directory post-build
Performing post-build steps
arm-none-eabi-size "LCD.axf"; # arm-none-eabi-objcopy -v -O binary "LCD.axf" "LCD.bin" ; # checksum -p LPC1549 -d "LCD.bin";
   text	   data	    bss	    dec	    hex	filename
  28044	   2172	    112	  30328	   7678	LCD.axf
 

21:39:23 Build Finished (took 406ms)

