Archive member included to satisfy reference by file (symbol)

C:\Users\Nick\Documents\LPCXpresso_8.2.2_650\workspace\lpc_board_nxp_lpcxpresso_1549\Debug\liblpc_board_nxp_lpcxpresso_1549.a(board.o)
                              ./src/adc.o (Board_UARTPutSTR)
C:\Users\Nick\Documents\LPCXpresso_8.2.2_650\workspace\lpc_board_nxp_lpcxpresso_1549\Debug\liblpc_board_nxp_lpcxpresso_1549.a(board_sysinit.o)
                              ./src/sysinit.o (Board_SystemInit)
C:\Users\Nick\Documents\LPCXpresso_8.2.2_650\workspace\lpc_chip_15xx\Debug\liblpc_chip_15xx.a(adc_15xx.o)
                              ./src/adc.o (Chip_ADC_Init)
C:\Users\Nick\Documents\LPCXpresso_8.2.2_650\workspace\lpc_chip_15xx\Debug\liblpc_chip_15xx.a(chip_15xx.o)
                              ./src/adc.o (SystemCoreClockUpdate)
C:\Users\Nick\Documents\LPCXpresso_8.2.2_650\workspace\lpc_chip_15xx\Debug\liblpc_chip_15xx.a(clock_15xx.o)
                              C:\Users\Nick\Documents\LPCXpresso_8.2.2_650\workspace\lpc_board_nxp_lpcxpresso_1549\Debug\liblpc_board_nxp_lpcxpresso_1549.a(board.o) (Chip_Clock_GetMainClockRate)
C:\Users\Nick\Documents\LPCXpresso_8.2.2_650\workspace\lpc_chip_15xx\Debug\liblpc_chip_15xx.a(gpio_15xx.o)
                              C:\Users\Nick\Documents\LPCXpresso_8.2.2_650\workspace\lpc_board_nxp_lpcxpresso_1549\Debug\liblpc_board_nxp_lpcxpresso_1549.a(board.o) (Chip_GPIO_Init)
C:\Users\Nick\Documents\LPCXpresso_8.2.2_650\workspace\lpc_chip_15xx\Debug\liblpc_chip_15xx.a(iocon_15xx.o)
                              C:\Users\Nick\Documents\LPCXpresso_8.2.2_650\workspace\lpc_board_nxp_lpcxpresso_1549\Debug\liblpc_board_nxp_lpcxpresso_1549.a(board_sysinit.o) (Chip_IOCON_SetPinMuxing)
C:\Users\Nick\Documents\LPCXpresso_8.2.2_650\workspace\lpc_chip_15xx\Debug\liblpc_chip_15xx.a(swm_15xx.o)
                              ./src/ITM_write.o (Chip_SWM_MovablePinAssign)
C:\Users\Nick\Documents\LPCXpresso_8.2.2_650\workspace\lpc_chip_15xx\Debug\liblpc_chip_15xx.a(sysctl_15xx.o)
                              C:\Users\Nick\Documents\LPCXpresso_8.2.2_650\workspace\lpc_board_nxp_lpcxpresso_1549\Debug\liblpc_board_nxp_lpcxpresso_1549.a(board_sysinit.o) (Chip_SYSCTL_AssertPeriphReset)
C:\Users\Nick\Documents\LPCXpresso_8.2.2_650\workspace\lpc_chip_15xx\Debug\liblpc_chip_15xx.a(sysinit_15xx.o)
                              C:\Users\Nick\Documents\LPCXpresso_8.2.2_650\workspace\lpc_board_nxp_lpcxpresso_1549\Debug\liblpc_board_nxp_lpcxpresso_1549.a(board_sysinit.o) (Chip_SetupXtalClocking)
C:\Users\Nick\Documents\LPCXpresso_8.2.2_650\workspace\lpc_chip_15xx\Debug\liblpc_chip_15xx.a(uart_15xx.o)
                              C:\Users\Nick\Documents\LPCXpresso_8.2.2_650\workspace\lpc_board_nxp_lpcxpresso_1549\Debug\liblpc_board_nxp_lpcxpresso_1549.a(board.o) (Chip_UART_Init)
C:\Users\Nick\Documents\LPCXpresso_8.2.2_650\workspace\lpc_chip_15xx\Debug\liblpc_chip_15xx.a(ring_buffer.o)
                              C:\Users\Nick\Documents\LPCXpresso_8.2.2_650\workspace\lpc_chip_15xx\Debug\liblpc_chip_15xx.a(uart_15xx.o) (RingBuffer_Insert)
c:/nxp/lpcxpresso_8.2.2_650/lpcxpresso/tools/bin/../lib/gcc/arm-none-eabi/5.4.1/armv7-m\libgcc.a(_aeabi_uldivmod.o)
                              C:\Users\Nick\Documents\LPCXpresso_8.2.2_650\workspace\lpc_chip_15xx\Debug\liblpc_chip_15xx.a(clock_15xx.o) (__aeabi_uldivmod)
c:/nxp/lpcxpresso_8.2.2_650/lpcxpresso/tools/bin/../lib/gcc/arm-none-eabi/5.4.1/armv7-m\libgcc.a(_udivmoddi4.o)
                              c:/nxp/lpcxpresso_8.2.2_650/lpcxpresso/tools/bin/../lib/gcc/arm-none-eabi/5.4.1/armv7-m\libgcc.a(_aeabi_uldivmod.o) (__udivmoddi4)
c:/nxp/lpcxpresso_8.2.2_650/lpcxpresso/tools/bin/../lib/gcc/arm-none-eabi/5.4.1/armv7-m\libgcc.a(_dvmd_tls.o)
                              c:/nxp/lpcxpresso_8.2.2_650/lpcxpresso/tools/bin/../lib/gcc/arm-none-eabi/5.4.1/armv7-m\libgcc.a(_aeabi_uldivmod.o) (__aeabi_ldiv0)
c:/nxp/lpcxpresso_8.2.2_650/lpcxpresso/tools/bin/../lib/gcc/arm-none-eabi/5.4.1/../../../../arm-none-eabi/lib/armv7-m\libc.a(lib_a-init.o)
                              ./src/cr_startup_lpc15xx.o (__libc_init_array)
c:/nxp/lpcxpresso_8.2.2_650/lpcxpresso/tools/bin/../lib/gcc/arm-none-eabi/5.4.1/../../../../arm-none-eabi/lib/armv7-m\libc.a(lib_a-malloc.o)
                              ./src/cr_cpp_config.o (malloc)
c:/nxp/lpcxpresso_8.2.2_650/lpcxpresso/tools/bin/../lib/gcc/arm-none-eabi/5.4.1/../../../../arm-none-eabi/lib/armv7-m\libc.a(lib_a-mallocr.o)
                              c:/nxp/lpcxpresso_8.2.2_650/lpcxpresso/tools/bin/../lib/gcc/arm-none-eabi/5.4.1/../../../../arm-none-eabi/lib/armv7-m\libc.a(lib_a-malloc.o) (_malloc_r)
c:/nxp/lpcxpresso_8.2.2_650/lpcxpresso/tools/bin/../lib/gcc/arm-none-eabi/5.4.1/../../../../arm-none-eabi/lib/armv7-m\libc.a(lib_a-memcpy.o)
                              C:\Users\Nick\Documents\LPCXpresso_8.2.2_650\workspace\lpc_chip_15xx\Debug\liblpc_chip_15xx.a(ring_buffer.o) (memcpy)
[...]
Memory Configuration

Name             Origin             Length             Attributes
MFlash256        0x00000000         0x00040000         xr
Ram0_16          0x02000000         0x00004000         xrw
Ram1_16          0x02004000         0x00004000         xrw
Ram2_4           0x02008000         0x00001000         xrw
*default*        0x00000000         0xffffffff

Linker script and memory map

LOAD ./src/DigitalIOPin.o
LOAD ./src/ITM_write.o
LOAD ./src/adc.o
LOAD ./src/cr_cpp_config.o
LOAD ./src/cr_startup_lpc15xx.o
LOAD ./src/crp.o
LOAD ./src/sysinit.o
LOAD C:\Users\Nick\Documents\LPCXpresso_8.2.2_650\workspace\lpc_board_nxp_lpcxpresso_1549\Debug\liblpc_board_nxp_lpcxpresso_1549.a
LOAD C:\Users\Nick\Documents\LPCXpresso_8.2.2_650\workspace\lpc_chip_15xx\Debug\liblpc_chip_15xx.a
START GROUP
LOAD c:/nxp/lpcxpresso_8.2.2_650/lpcxpresso/tools/bin/../lib/gcc/arm-none-eabi/5.4.1/armv7-m\libgcc.a
LOAD c:/nxp/lpcxpresso_8.2.2_650/lpcxpresso/tools/bin/../lib/gcc/arm-none-eabi/5.4.1/../../../../arm-none-eabi/lib/armv7-m\libc.a
LOAD c:/nxp/lpcxpresso_8.2.2_650/lpcxpresso/tools/bin/../lib/gcc/arm-none-eabi/5.4.1/../../../../arm-none-eabi/lib/armv7-m\libstdc++.a
LOAD c:/nxp/lpcxpresso_8.2.2_650/lpcxpresso/tools/bin/../lib/gcc/arm-none-eabi/5.4.1/../../../../arm-none-eabi/lib/armv7-m\libm.a
LOAD c:/nxp/lpcxpresso_8.2.2_650/lpcxpresso/tools/bin/../lib/gcc/arm-none-eabi/5.4.1/../../../../arm-none-eabi/lib/armv7-m\libcr_newlib_nohost.a
LOAD c:/nxp/lpcxpresso_8.2.2_650/lpcxpresso/tools/bin/../lib/gcc/arm-none-eabi/5.4.1/armv7-m\crti.o
LOAD c:/nxp/lpcxpresso_8.2.2_650/lpcxpresso/tools/bin/../lib/gcc/arm-none-eabi/5.4.1/armv7-m\crtn.o
LOAD c:/nxp/lpcxpresso_8.2.2_650/lpcxpresso/tools/bin/../lib/gcc/arm-none-eabi/5.4.1/armv7-m\crtbegin.o
LOAD c:/nxp/lpcxpresso_8.2.2_650/lpcxpresso/tools/bin/../lib/gcc/arm-none-eabi/5.4.1/armv7-m\crtend.o
END GROUP
                0x00000000                __base_MFlash256 = 0x0
                0x00000000                __base_Flash = 0x0
                0x00040000                __top_MFlash256 = 0x40000
                0x00040000                __top_Flash = 0x40000
                0x02000000                __base_Ram0_16 = 0x2000000
                0x02000000                __base_RAM = 0x2000000
                0x02004000                __top_Ram0_16 = 0x2004000
                0x02004000                __top_RAM = 0x2004000
                0x02004000                __base_Ram1_16 = 0x2004000
                0x02004000                __base_RAM2 = 0x2004000
                0x02008000                __top_Ram1_16 = 0x2008000
                0x02008000                __top_RAM2 = 0x2008000
                0x02008000                __base_Ram2_4 = 0x2008000
                0x02008000                __base_RAM3 = 0x2008000
                0x02009000                __top_Ram2_4 = 0x2009000
                0x02009000                __top_RAM3 = 0x2009000

.text           0x00000000     0x6790
 FILL mask 0xff
                0x00000000                __vectors_start__ = ABSOLUTE (.)
 *(.isr_vector)
 .isr_vector    0x00000000       0xfc ./src/cr_startup_lpc15xx.o
                0x00000000                g_pfnVectors
                0x000000fc                . = ALIGN (0x4)
                0x000000fc                __section_table_start = .
                0x000000fc                __data_section_table = .
                0x000000fc        0x4 LONG 0x6798 LOADADDR (.data)
                0x00000100        0x4 LONG 0x2000000 ADDR (.data)
                0x00000104        0x4 LONG 0x874 SIZEOF (.data)
                0x00000108        0x4 LONG 0x6798 LOADADDR (.data_RAM2)
                0x0000010c        0x4 LONG 0x2004000 ADDR (.data_RAM2)
                0x00000110        0x4 LONG 0x0 SIZEOF (.data_RAM2)
                0x00000114        0x4 LONG 0x6798 LOADADDR (.data_RAM3)
                0x00000118        0x4 LONG 0x2008000 ADDR (.data_RAM3)
                0x0000011c        0x4 LONG 0x0 SIZEOF (.data_RAM3)
                0x00000120                __data_section_table_end = .
                0x00000120                __bss_section_table = .
                0x00000120        0x4 LONG 0x2000874 ADDR (.bss)
                0x00000124        0x4 LONG 0x94 SIZEOF (.bss)
                0x00000128        0x4 LONG 0x2004000 ADDR (.bss_RAM2)
                0x0000012c        0x4 LONG 0x0 SIZEOF (.bss_RAM2)
                0x00000130        0x4 LONG 0x2008000 ADDR (.bss_RAM3)
                0x00000134        0x4 LONG 0x0 SIZEOF (.bss_RAM3)
                0x00000138                __bss_section_table_end = .
                0x00000138                __section_table_end = .
 *(.after_vectors*)
 .after_vectors
                0x00000138      0x158 ./src/cr_startup_lpc15xx.o
                0x00000138                data_init(unsigned int, unsigned int, unsigned int)
                0x0000017c                bss_init(unsigned int, unsigned int)
                0x000001b4                ResetISR
                0x00000240                NMI_Handler
                0x00000248                HardFault_Handler
                0x00000250                MemManage_Handler
                0x00000258                BusFault_Handler
                0x00000260                UsageFault_Handler
                0x00000268                SVC_Handler
                0x00000270                DebugMon_Handler
                0x00000278                PendSV_Handler
                0x00000288                UART1_IRQHandler
                0x00000288                RTC_WAKE_IRQHandler
                0x00000288                UART0_IRQHandler
                0x00000288                ADC1_THCMP_IRQHandler
                0x00000288                SPI1_IRQHandler
                0x00000288                PIN_INT6_IRQHandler
                0x00000288                IntDefaultHandler
                0x00000288                PIN_INT4_IRQHandler
                0x00000288                CAN_IRQHandler
                0x00000288                RTC_ALARM_IRQHandler
                0x00000288                ADC1B_IRQHandler
                0x00000288                ADC1_OVR_IRQHandler
                0x00000288                MRT_IRQHandler
                0x00000288                UART2_IRQHandler
                0x00000288                ADC0_OVR_IRQHandler
                0x00000288                SCT1_IRQHandler
                0x00000288                PIN_INT2_IRQHandler
                0x00000288                USB_FIQHandler
                0x00000288                SCT3_IRQHandler
                0x00000288                PIN_INT7_IRQHandler
                0x00000288                I2C0_IRQHandler
                0x00000288                PIN_INT1_IRQHandler
                0x00000288                USB_IRQHandler
                0x00000288                BOD_IRQHandler
                0x00000288                ADC0B_IRQHandler
                0x00000288                ACMP0_IRQHandler
                0x00000288                RIT_IRQHandler
                0x00000288                USBWakeup_IRQHandler
                0x00000288                WDT_IRQHandler
                0x00000288                SCT2_IRQHandler
                0x00000288                PIN_INT0_IRQHandler
                0x00000288                QEI_IRQHandler
                0x00000288                ACMP3_IRQHandler
                0x00000288                GINT0_IRQHandler
                0x00000288                DAC_IRQHandler
                0x00000288                SPI0_IRQHandler
                0x00000288                EEPROM_IRQHandler
                0x00000288                ACMP2_IRQHandler
                0x00000288                PIN_INT5_IRQHandler
                0x00000288                ADC1A_IRQHandler
                0x00000288                DMA_IRQHandler
                0x00000288                PIN_INT3_IRQHandler
                0x00000288                ACMP1_IRQHandler
                0x00000288                SCT0_IRQHandler
                0x00000288                FMC_IRQHandler
                0x00000288                GINT1_IRQHandler
                0x00000288                ADC0_THCMP_IRQHandler
 *(.text*)
 .text.Chip_SWM_MovablePortPinAssign
                0x00000290       0x30 ./src/ITM_write.o
 .text.ITM_init
                0x000002c0       0x14 ./src/ITM_write.o
                0x000002c0                ITM_init
 .text.ITM_write
                0x000002d4       0x7c ./src/ITM_write.o
                0x000002d4                ITM_write
 .text.NVIC_EnableIRQ
                0x00000350       0x30 ./src/adc.o
 .text.NVIC_SetPriority
                0x00000380       0x54 ./src/adc.o
 .text.SysTick_Config
                0x000003d4       0x44 ./src/adc.o
 .text.Chip_ADC_IsCalibrationDone
                0x00000418       0x24 ./src/adc.o
 .text.Chip_ADC_SetADC0Input
                0x0000043c       0x1c ./src/adc.o
 .text.Chip_ADC_SetupSequencer
                0x00000458       0x24 ./src/adc.o
 .text.Chip_ADC_EnableSequencer
                0x0000047c       0x24 ./src/adc.o
 .text.Chip_ADC_StartSequencer
                0x000004a0       0x24 ./src/adc.o
 .text.Chip_ADC_GetDataReg
                0x000004c4       0x20 ./src/adc.o
 .text.Chip_ADC_GetFlags
                0x000004e4       0x18 ./src/adc.o
 .text.Chip_ADC_ClearFlags
                0x000004fc       0x1c ./src/adc.o
 .text.Chip_ADC_SetTrim
                0x00000518       0x1c ./src/adc.o
 .text.SysTick_Handler
                0x00000534       0xdc ./src/adc.o
                0x00000534                SysTick_Handler
 .text.ADC0A_IRQHandler
                0x00000610       0xf8 ./src/adc.o
                0x00000610                ADC0A_IRQHandler
 .text._Z5Sleepm
                0x00000708       0x34 ./src/adc.o
                0x00000708                Sleep(unsigned long)
 .text.main     0x0000073c      0x2f0 ./src/adc.o
                0x0000073c                main
 .text.SystemInit
                0x00000a2c        0xc ./src/sysinit.o
                0x00000a2c                SystemInit
 .text.Chip_IOCON_PinMuxSet
                0x00000a38       0x2c C:\Users\Nick\Documents\LPCXpresso_8.2.2_650\workspace\lpc_board_nxp_lpcxpresso_1549\Debug\liblpc_board_nxp_lpcxpresso_1549.a(board.o)
 .text.Chip_SWM_MovablePortPinAssign
                0x00000a64       0x30 C:\Users\Nick\Documents\LPCXpresso_8.2.2_650\workspace\lpc_board_nxp_lpcxpresso_1549\Debug\liblpc_board_nxp_lpcxpresso_1549.a(board.o)
 .text.Chip_GPIO_SetPinState
                0x00000a94       0x38 C:\Users\Nick\Documents\LPCXpresso_8.2.2_650\workspace\lpc_board_nxp_lpcxpresso_1549\Debug\liblpc_board_nxp_lpcxpresso_1549.a(board.o)
 .text.Chip_GPIO_SetPinDIROutput
                0x00000acc       0x3c C:\Users\Nick\Documents\LPCXpresso_8.2.2_650\workspace\lpc_board_nxp_lpcxpresso_1549\Debug\liblpc_board_nxp_lpcxpresso_1549.a(board.o)
 .text.Chip_UART_Enable
                0x00000b08       0x20 C:\Users\Nick\Documents\LPCXpresso_8.2.2_650\workspace\lpc_board_nxp_lpcxpresso_1549\Debug\liblpc_board_nxp_lpcxpresso_1549.a(board.o)
 .text.Chip_UART_TXEnable
                0x00000b28       0x20 C:\Users\Nick\Documents\LPCXpresso_8.2.2_650\workspace\lpc_board_nxp_lpcxpresso_1549\Debug\liblpc_board_nxp_lpcxpresso_1549.a(board.o)
 .text.Chip_UART_ConfigData
                0x00000b48       0x28 C:\Users\Nick\Documents\LPCXpresso_8.2.2_650\workspace\lpc_board_nxp_lpcxpresso_1549\Debug\liblpc_board_nxp_lpcxpresso_1549.a(board.o)
 .text.Board_UARTPutChar
                0x00000b70       0x24 C:\Users\Nick\Documents\LPCXpresso_8.2.2_650\workspace\lpc_board_nxp_lpcxpresso_1549\Debug\liblpc_board_nxp_lpcxpresso_1549.a(board.o)
                0x00000b70                Board_UARTPutChar
 .text.Board_UARTPutSTR
                0x00000b94       0x28 C:\Users\Nick\Documents\LPCXpresso_8.2.2_650\workspace\lpc_board_nxp_lpcxpresso_1549\Debug\liblpc_board_nxp_lpcxpresso_1549.a(board.o)
                0x00000b94                Board_UARTPutSTR
 .text.Board_Debug_Init
                0x00000bbc       0x70 C:\Users\Nick\Documents\LPCXpresso_8.2.2_650\workspace\lpc_board_nxp_lpcxpresso_1549\Debug\liblpc_board_nxp_lpcxpresso_1549.a(board.o)
                0x00000bbc                Board_Debug_Init
 .text.Board_LED_Init
                0x00000c2c       0x5c C:\Users\Nick\Documents\LPCXpresso_8.2.2_650\workspace\lpc_board_nxp_lpcxpresso_1549\Debug\liblpc_board_nxp_lpcxpresso_1549.a(board.o)
 .text.Board_LED_Set
                0x00000c88       0x54 C:\Users\Nick\Documents\LPCXpresso_8.2.2_650\workspace\lpc_board_nxp_lpcxpresso_1549\Debug\liblpc_board_nxp_lpcxpresso_1549.a(board.o)
                0x00000c88                Board_LED_Set
 .text.Board_Init
                0x00000cdc       0x18 C:\Users\Nick\Documents\LPCXpresso_8.2.2_650\workspace\lpc_board_nxp_lpcxpresso_1549\Debug\liblpc_board_nxp_lpcxpresso_1549.a(board.o)
                0x00000cdc                Board_Init
 .text.Chip_SYSCTL_PeriphReset
                0x00000cf4       0x24 C:\Users\Nick\Documents\LPCXpresso_8.2.2_650\workspace\lpc_board_nxp_lpcxpresso_1549\Debug\liblpc_board_nxp_lpcxpresso_1549.a(board_sysinit.o)
 .text.Chip_Clock_SetUSBPLLSource
                0x00000d18       0x20 C:\Users\Nick\Documents\LPCXpresso_8.2.2_650\workspace\lpc_board_nxp_lpcxpresso_1549\Debug\liblpc_board_nxp_lpcxpresso_1549.a(board_sysinit.o)
 .text.Chip_Clock_SetupUSBPLL
                0x00000d38       0x34 C:\Users\Nick\Documents\LPCXpresso_8.2.2_650\workspace\lpc_board_nxp_lpcxpresso_1549\Debug\liblpc_board_nxp_lpcxpresso_1549.a(board_sysinit.o)
 .text.Chip_Clock_IsUSBPLLLocked
                0x00000d6c       0x24 C:\Users\Nick\Documents\LPCXpresso_8.2.2_650\workspace\lpc_board_nxp_lpcxpresso_1549\Debug\liblpc_board_nxp_lpcxpresso_1549.a(board_sysinit.o)
 .text.Chip_Clock_SetSysTickClockDiv
                0x00000d90       0x20 C:\Users\Nick\Documents\LPCXpresso_8.2.2_650\workspace\lpc_board_nxp_lpcxpresso_1549\Debug\liblpc_board_nxp_lpcxpresso_1549.a(board_sysinit.o)
 .text.Chip_SWM_MovablePortPinAssign
                0x00000db0       0x30 C:\Users\Nick\Documents\LPCXpresso_8.2.2_650\workspace\lpc_board_nxp_lpcxpresso_1549\Debug\liblpc_board_nxp_lpcxpresso_1549.a(board_sysinit.o)
 .text.Board_SetupMuxing
                0x00000de0       0x80 C:\Users\Nick\Documents\LPCXpresso_8.2.2_650\workspace\lpc_board_nxp_lpcxpresso_1549\Debug\liblpc_board_nxp_lpcxpresso_1549.a(board_sysinit.o)
                0x00000de0                Board_SetupMuxing
 .text.Board_SetupClocking
                0x00000e60       0x3c C:\Users\Nick\Documents\LPCXpresso_8.2.2_650\workspace\lpc_board_nxp_lpcxpresso_1549\Debug\liblpc_board_nxp_lpcxpresso_1549.a(board_sysinit.o)
                0x00000e60                Board_SetupClocking
 .text.Board_SystemInit
                0x00000e9c       0x1c C:\Users\Nick\Documents\LPCXpresso_8.2.2_650\workspace\lpc_board_nxp_lpcxpresso_1549\Debug\liblpc_board_nxp_lpcxpresso_1549.a(board_sysinit.o)
                0x00000e9c                Board_SystemInit
 .text.Chip_SYSCTL_PeriphReset
                0x00000eb8       0x24 C:\Users\Nick\Documents\LPCXpresso_8.2.2_650\workspace\lpc_chip_15xx\Debug\liblpc_chip_15xx.a(adc_15xx.o)
 .text.Chip_ADC_SetDivider
                0x00000edc       0x2c C:\Users\Nick\Documents\LPCXpresso_8.2.2_650\workspace\lpc_chip_15xx\Debug\liblpc_chip_15xx.a(adc_15xx.o)
 .text.Chip_ADC_SetIntBits
                0x00000f08       0x28 C:\Users\Nick\Documents\LPCXpresso_8.2.2_650\workspace\lpc_chip_15xx\Debug\liblpc_chip_15xx.a(adc_15xx.o)
                0x00000f08                Chip_ADC_SetIntBits
 .text.Chip_ADC_Init
                0x00000f30       0x50 C:\Users\Nick\Documents\LPCXpresso_8.2.2_650\workspace\lpc_chip_15xx\Debug\liblpc_chip_15xx.a(adc_15xx.o)
                0x00000f30                Chip_ADC_Init
 .text.Chip_ADC_SetClockRate
                0x00000f80       0x3c C:\Users\Nick\Documents\LPCXpresso_8.2.2_650\workspace\lpc_chip_15xx\Debug\liblpc_chip_15xx.a(adc_15xx.o)
                0x00000f80                Chip_ADC_SetClockRate
 .text.Chip_ADC_StartCalibration
                0x00000fbc       0x40 C:\Users\Nick\Documents\LPCXpresso_8.2.2_650\workspace\lpc_chip_15xx\Debug\liblpc_chip_15xx.a(adc_15xx.o)
                0x00000fbc                Chip_ADC_StartCalibration
 .text.Chip_ADC_SetSequencerBits
                0x00000ffc       0x38 C:\Users\Nick\Documents\LPCXpresso_8.2.2_650\workspace\lpc_chip_15xx\Debug\liblpc_chip_15xx.a(adc_15xx.o)
                0x00000ffc                Chip_ADC_SetSequencerBits
 .text.Chip_ADC_EnableInt
                0x00001034       0x1c C:\Users\Nick\Documents\LPCXpresso_8.2.2_650\workspace\lpc_chip_15xx\Debug\liblpc_chip_15xx.a(adc_15xx.o)
                0x00001034                Chip_ADC_EnableInt
 .text.SystemCoreClockUpdate
                0x00001050       0x18 C:\Users\Nick\Documents\LPCXpresso_8.2.2_650\workspace\lpc_chip_15xx\Debug\liblpc_chip_15xx.a(chip_15xx.o)
                0x00001050                SystemCoreClockUpdate
 .text.Chip_Clock_SetMain_A_ClockSource
                0x00001068       0x20 C:\Users\Nick\Documents\LPCXpresso_8.2.2_650\workspace\lpc_chip_15xx\Debug\liblpc_chip_15xx.a(clock_15xx.o)
 .text.Chip_Clock_GetMain_A_ClockSource
                0x00001088       0x18 C:\Users\Nick\Documents\LPCXpresso_8.2.2_650\workspace\lpc_chip_15xx\Debug\liblpc_chip_15xx.a(clock_15xx.o)
 .text.Chip_Clock_SetMain_B_ClockSource
                0x000010a0       0x20 C:\Users\Nick\Documents\LPCXpresso_8.2.2_650\workspace\lpc_chip_15xx\Debug\liblpc_chip_15xx.a(clock_15xx.o)
 .text.Chip_Clock_GetMain_B_ClockSource
                0x000010c0       0x18 C:\Users\Nick\Documents\LPCXpresso_8.2.2_650\workspace\lpc_chip_15xx\Debug\liblpc_chip_15xx.a(clock_15xx.o)
 .text.Chip_Clock_GetSysTickClockDiv
                0x000010d8       0x18 C:\Users\Nick\Documents\LPCXpresso_8.2.2_650\workspace\lpc_chip_15xx\Debug\liblpc_chip_15xx.a(clock_15xx.o)
 .text.Chip_Clock_SetUARTFRGDivider
                0x000010f0       0x20 C:\Users\Nick\Documents\LPCXpresso_8.2.2_650\workspace\lpc_chip_15xx\Debug\liblpc_chip_15xx.a(clock_15xx.o)
 .text.Chip_Clock_GetUARTFRGDivider
                0x00001110       0x18 C:\Users\Nick\Documents\LPCXpresso_8.2.2_650\workspace\lpc_chip_15xx\Debug\liblpc_chip_15xx.a(clock_15xx.o)
 .text.Chip_Clock_GetMainOscRate
                0x00001128       0x14 C:\Users\Nick\Documents\LPCXpresso_8.2.2_650\workspace\lpc_chip_15xx\Debug\liblpc_chip_15xx.a(clock_15xx.o)
 .text.Chip_Clock_GetIntOscRate
                0x0000113c       0x14 C:\Users\Nick\Documents\LPCXpresso_8.2.2_650\workspace\lpc_chip_15xx\Debug\liblpc_chip_15xx.a(clock_15xx.o)
 .text.Chip_Clock_GetRTCOscRate
                0x00001150       0x14 C:\Users\Nick\Documents\LPCXpresso_8.2.2_650\workspace\lpc_chip_15xx\Debug\liblpc_chip_15xx.a(clock_15xx.o)
 .text.Chip_Clock_GetWDTOSCRate
                0x00001164       0x14 C:\Users\Nick\Documents\LPCXpresso_8.2.2_650\workspace\lpc_chip_15xx\Debug\liblpc_chip_15xx.a(clock_15xx.o)
 .text.Chip_Clock_GetPLLFreq
                0x00001178       0x28 C:\Users\Nick\Documents\LPCXpresso_8.2.2_650\workspace\lpc_chip_15xx\Debug\liblpc_chip_15xx.a(clock_15xx.o)
 .text.Chip_Clock_GetPLLInClockRate
                0x000011a0       0x38 C:\Users\Nick\Documents\LPCXpresso_8.2.2_650\workspace\lpc_chip_15xx\Debug\liblpc_chip_15xx.a(clock_15xx.o)
 .text.Chip_Clock_GetSystemPLLInClockRate
                0x000011d8       0x1c C:\Users\Nick\Documents\LPCXpresso_8.2.2_650\workspace\lpc_chip_15xx\Debug\liblpc_chip_15xx.a(clock_15xx.o)
                0x000011d8                Chip_Clock_GetSystemPLLInClockRate
 .text.Chip_Clock_GetSystemPLLOutClockRate
                0x000011f4       0x24 C:\Users\Nick\Documents\LPCXpresso_8.2.2_650\workspace\lpc_chip_15xx\Debug\liblpc_chip_15xx.a(clock_15xx.o)
                0x000011f4                Chip_Clock_GetSystemPLLOutClockRate
 .text.Chip_Clock_GetMain_A_ClockRate
                0x00001218       0x44 C:\Users\Nick\Documents\LPCXpresso_8.2.2_650\workspace\lpc_chip_15xx\Debug\liblpc_chip_15xx.a(clock_15xx.o)
                0x00001218                Chip_Clock_GetMain_A_ClockRate
 .text.Chip_Clock_GetMain_B_ClockRate
                0x0000125c       0x58 C:\Users\Nick\Documents\LPCXpresso_8.2.2_650\workspace\lpc_chip_15xx\Debug\liblpc_chip_15xx.a(clock_15xx.o)
                0x0000125c                Chip_Clock_GetMain_B_ClockRate
 .text.Chip_Clock_SetMainClockSource
                0x000012b4       0x3c C:\Users\Nick\Documents\LPCXpresso_8.2.2_650\workspace\lpc_chip_15xx\Debug\liblpc_chip_15xx.a(clock_15xx.o)
                0x000012b4                Chip_Clock_SetMainClockSource
 .text.Chip_Clock_GetMainClockRate
                0x000012f0       0x28 C:\Users\Nick\Documents\LPCXpresso_8.2.2_650\workspace\lpc_chip_15xx\Debug\liblpc_chip_15xx.a(clock_15xx.o)
                0x000012f0                Chip_Clock_GetMainClockRate
 .text.Chip_Clock_EnablePeriphClock
                0x00001318       0x54 C:\Users\Nick\Documents\LPCXpresso_8.2.2_650\workspace\lpc_chip_15xx\Debug\liblpc_chip_15xx.a(clock_15xx.o)
                0x00001318                Chip_Clock_EnablePeriphClock
 .text.Chip_Clock_GetSysTickClockRate
                0x0000136c       0x30 C:\Users\Nick\Documents\LPCXpresso_8.2.2_650\workspace\lpc_chip_15xx\Debug\liblpc_chip_15xx.a(clock_15xx.o)
                0x0000136c                Chip_Clock_GetSysTickClockRate
 .text.Chip_Clock_GetUARTBaseClockRate
                0x0000139c       0x88 C:\Users\Nick\Documents\LPCXpresso_8.2.2_650\workspace\lpc_chip_15xx\Debug\liblpc_chip_15xx.a(clock_15xx.o)
                0x0000139c                Chip_Clock_GetUARTBaseClockRate
 .text.Chip_Clock_SetUARTBaseClockRate
                0x00001424       0xa0 C:\Users\Nick\Documents\LPCXpresso_8.2.2_650\workspace\lpc_chip_15xx\Debug\liblpc_chip_15xx.a(clock_15xx.o)
                0x00001424                Chip_Clock_SetUARTBaseClockRate
 .text.Chip_Clock_GetSystemClockRate
                0x000014c4       0x1c C:\Users\Nick\Documents\LPCXpresso_8.2.2_650\workspace\lpc_chip_15xx\Debug\liblpc_chip_15xx.a(clock_15xx.o)
                0x000014c4                Chip_Clock_GetSystemClockRate
 .text.Chip_SYSCTL_PeriphReset
                0x000014e0       0x24 C:\Users\Nick\Documents\LPCXpresso_8.2.2_650\workspace\lpc_chip_15xx\Debug\liblpc_chip_15xx.a(gpio_15xx.o)
 .text.Chip_GPIO_Init
                0x00001504       0x30 C:\Users\Nick\Documents\LPCXpresso_8.2.2_650\workspace\lpc_chip_15xx\Debug\liblpc_chip_15xx.a(gpio_15xx.o)
                0x00001504                Chip_GPIO_Init
 .text.Chip_IOCON_PinMuxSet
                0x00001534       0x2c C:\Users\Nick\Documents\LPCXpresso_8.2.2_650\workspace\lpc_chip_15xx\Debug\liblpc_chip_15xx.a(iocon_15xx.o)
 .text.Chip_IOCON_SetPinMuxing
                0x00001560       0x50 C:\Users\Nick\Documents\LPCXpresso_8.2.2_650\workspace\lpc_chip_15xx\Debug\liblpc_chip_15xx.a(iocon_15xx.o)
                0x00001560                Chip_IOCON_SetPinMuxing
 .text.Chip_SWM_MovablePinAssign
                0x000015b0       0x5c C:\Users\Nick\Documents\LPCXpresso_8.2.2_650\workspace\lpc_chip_15xx\Debug\liblpc_chip_15xx.a(swm_15xx.o)
                0x000015b0                Chip_SWM_MovablePinAssign
 .text.Chip_SWM_EnableFixedPin
                0x0000160c       0x48 C:\Users\Nick\Documents\LPCXpresso_8.2.2_650\workspace\lpc_chip_15xx\Debug\liblpc_chip_15xx.a(swm_15xx.o)
                0x0000160c                Chip_SWM_EnableFixedPin
 .text.Chip_SYSCTL_AssertPeriphReset
                0x00001654       0x48 C:\Users\Nick\Documents\LPCXpresso_8.2.2_650\workspace\lpc_chip_15xx\Debug\liblpc_chip_15xx.a(sysctl_15xx.o)
                0x00001654                Chip_SYSCTL_AssertPeriphReset
 .text.Chip_SYSCTL_DeassertPeriphReset
                0x0000169c       0x4c C:\Users\Nick\Documents\LPCXpresso_8.2.2_650\workspace\lpc_chip_15xx\Debug\liblpc_chip_15xx.a(sysctl_15xx.o)
                0x0000169c                Chip_SYSCTL_DeassertPeriphReset
 .text.Chip_SYSCTL_PowerDown
                0x000016e8       0x40 C:\Users\Nick\Documents\LPCXpresso_8.2.2_650\workspace\lpc_chip_15xx\Debug\liblpc_chip_15xx.a(sysctl_15xx.o)
                0x000016e8                Chip_SYSCTL_PowerDown
 .text.Chip_SYSCTL_PowerUp
                0x00001728       0x40 C:\Users\Nick\Documents\LPCXpresso_8.2.2_650\workspace\lpc_chip_15xx\Debug\liblpc_chip_15xx.a(sysctl_15xx.o)
                0x00001728                Chip_SYSCTL_PowerUp
 .text.Chip_FMC_SetFLASHAccess
                0x00001768       0x38 C:\Users\Nick\Documents\LPCXpresso_8.2.2_650\workspace\lpc_chip_15xx\Debug\liblpc_chip_15xx.a(sysinit_15xx.o)
 .text.Chip_Clock_SetSystemPLLSource
                0x000017a0       0x20 C:\Users\Nick\Documents\LPCXpresso_8.2.2_650\workspace\lpc_chip_15xx\Debug\liblpc_chip_15xx.a(sysinit_15xx.o)
 .text.Chip_Clock_SetupSystemPLL
                0x000017c0       0x34 C:\Users\Nick\Documents\LPCXpresso_8.2.2_650\workspace\lpc_chip_15xx\Debug\liblpc_chip_15xx.a(sysinit_15xx.o)
 .text.Chip_Clock_IsSystemPLLLocked
                0x000017f4       0x24 C:\Users\Nick\Documents\LPCXpresso_8.2.2_650\workspace\lpc_chip_15xx\Debug\liblpc_chip_15xx.a(sysinit_15xx.o)
 .text.Chip_Clock_SetSysClockDiv
                0x00001818       0x20 C:\Users\Nick\Documents\LPCXpresso_8.2.2_650\workspace\lpc_chip_15xx\Debug\liblpc_chip_15xx.a(sysinit_15xx.o)
 .text.Chip_SetupXtalClocking
                0x00001838       0x6c C:\Users\Nick\Documents\LPCXpresso_8.2.2_650\workspace\lpc_chip_15xx\Debug\liblpc_chip_15xx.a(sysinit_15xx.o)
                0x00001838                Chip_SetupXtalClocking
 .text.Chip_SYSCTL_PeriphReset
                0x000018a4       0x24 C:\Users\Nick\Documents\LPCXpresso_8.2.2_650\workspace\lpc_chip_15xx\Debug\liblpc_chip_15xx.a(uart_15xx.o)
 .text.Chip_UART_SendByte
                0x000018c8       0x1c C:\Users\Nick\Documents\LPCXpresso_8.2.2_650\workspace\lpc_chip_15xx\Debug\liblpc_chip_15xx.a(uart_15xx.o)
 .text.Chip_UART_GetStatus
                0x000018e4       0x18 C:\Users\Nick\Documents\LPCXpresso_8.2.2_650\workspace\lpc_chip_15xx\Debug\liblpc_chip_15xx.a(uart_15xx.o)
 .text.getUARTClockID
                0x000018fc       0x34 C:\Users\Nick\Documents\LPCXpresso_8.2.2_650\workspace\lpc_chip_15xx\Debug\liblpc_chip_15xx.a(uart_15xx.o)
 .text.Chip_UART_Init
                0x00001930       0x4c C:\Users\Nick\Documents\LPCXpresso_8.2.2_650\workspace\lpc_chip_15xx\Debug\liblpc_chip_15xx.a(uart_15xx.o)
                0x00001930                Chip_UART_Init
 .text.Chip_UART_Send
                0x0000197c       0x50 C:\Users\Nick\Documents\LPCXpresso_8.2.2_650\workspace\lpc_chip_15xx\Debug\liblpc_chip_15xx.a(uart_15xx.o)
                0x0000197c                Chip_UART_Send
 .text.Chip_UART_SendBlocking
                0x000019cc       0x4c C:\Users\Nick\Documents\LPCXpresso_8.2.2_650\workspace\lpc_chip_15xx\Debug\liblpc_chip_15xx.a(uart_15xx.o)
                0x000019cc                Chip_UART_SendBlocking
 .text.Chip_UART_SetBaud
                0x00001a18       0x2c C:\Users\Nick\Documents\LPCXpresso_8.2.2_650\workspace\lpc_chip_15xx\Debug\liblpc_chip_15xx.a(uart_15xx.o)
                0x00001a18                Chip_UART_SetBaud
 .text          0x00001a44       0x30 c:/nxp/lpcxpresso_8.2.2_650/lpcxpresso/tools/bin/../lib/gcc/arm-none-eabi/5.4.1/armv7-m\libgcc.a(_aeabi_uldivmod.o)
                0x00001a44                __aeabi_uldivmod
 .text          0x00001a74      0x2ec c:/nxp/lpcxpresso_8.2.2_650/lpcxpresso/tools/bin/../lib/gcc/arm-none-eabi/5.4.1/armv7-m\libgcc.a(_udivmoddi4.o)
                0x00001a74                __udivmoddi4
 .text          0x00001d60        0x4 c:/nxp/lpcxpresso_8.2.2_650/lpcxpresso/tools/bin/../lib/gcc/arm-none-eabi/5.4.1/armv7-m\libgcc.a(_dvmd_tls.o)
                0x00001d60                __aeabi_idiv0
                0x00001d60                __aeabi_ldiv0
 .text.__libc_init_array
                0x00001d64       0x50 c:/nxp/lpcxpresso_8.2.2_650/lpcxpresso/tools/bin/../lib/gcc/arm-none-eabi/5.4.1/../../../../arm-none-eabi/lib/armv7-m\libc.a(lib_a-init.o)
                0x00001d64                __libc_init_array
 .text._malloc_r
                0x00001db4      0x558 c:/nxp/lpcxpresso_8.2.2_650/lpcxpresso/tools/bin/../lib/gcc/arm-none-eabi/5.4.1/../../../../arm-none-eabi/lib/armv7-m\libc.a(lib_a-mallocr.o)
                0x00001db4                _malloc_r
 .text          0x0000230c       0xec c:/nxp/lpcxpresso_8.2.2_650/lpcxpresso/tools/bin/../lib/gcc/arm-none-eabi/5.4.1/../../../../arm-none-eabi/lib/armv7-m\libc.a(lib_a-memcpy.o)
                0x0000230c                memcpy
 .text.__malloc_lock
                0x000023f8        0x4 c:/nxp/lpcxpresso_8.2.2_650/lpcxpresso/tools/bin/../lib/gcc/arm-none-eabi/5.4.1/../../../../arm-none-eabi/lib/armv7-m\libc.a(lib_a-mlock.o)
                0x000023f8                __malloc_lock
 .text.__malloc_unlock
                0x000023fc        0x4 c:/nxp/lpcxpresso_8.2.2_650/lpcxpresso/tools/bin/../lib/gcc/arm-none-eabi/5.4.1/../../../../arm-none-eabi/lib/armv7-m\libc.a(lib_a-mlock.o)
                0x000023fc                __malloc_unlock
 .text._sbrk_r  0x00002400       0x24 c:/nxp/lpcxpresso_8.2.2_650/lpcxpresso/tools/bin/../lib/gcc/arm-none-eabi/5.4.1/../../../../arm-none-eabi/lib/armv7-m\libc.a(lib_a-sbrkr.o)
                0x00002400                _sbrk_r
 .text.sprintf  0x00002424       0x4c c:/nxp/lpcxpresso_8.2.2_650/lpcxpresso/tools/bin/../lib/gcc/arm-none-eabi/5.4.1/../../../../arm-none-eabi/lib/armv7-m\libc.a(lib_a-sprintf.o)
                0x00002424                sprintf
 .text._svfprintf_r
                0x00002470     0x175c c:/nxp/lpcxpresso_8.2.2_650/lpcxpresso/tools/bin/../lib/gcc/arm-none-eabi/5.4.1/../../../../arm-none-eabi/lib/armv7-m\libc.a(lib_a-svfprintf.o)
                0x00002470                _svfprintf_r
 .text.quorem   0x00003bcc      0x12c c:/nxp/lpcxpresso_8.2.2_650/lpcxpresso/tools/bin/../lib/gcc/arm-none-eabi/5.4.1/../../../../arm-none-eabi/lib/armv7-m\libc.a(lib_a-dtoa.o)
 .text._dtoa_r  0x00003cf8      0xe4c c:/nxp/lpcxpresso_8.2.2_650/lpcxpresso/tools/bin/../lib/gcc/arm-none-eabi/5.4.1/../../../../arm-none-eabi/lib/armv7-m\libc.a(lib_a-dtoa.o)
                0x00003cf8                _dtoa_r
 .text._malloc_trim_r
                0x00004b44       0x9c c:/nxp/lpcxpresso_8.2.2_650/lpcxpresso/tools/bin/../lib/gcc/arm-none-eabi/5.4.1/../../../../arm-none-eabi/lib/armv7-m\libc.a(lib_a-freer.o)
                0x00004b44                _malloc_trim_r
 .text._free_r  0x00004be0      0x1d0 c:/nxp/lpcxpresso_8.2.2_650/lpcxpresso/tools/bin/../lib/gcc/arm-none-eabi/5.4.1/../../../../arm-none-eabi/lib/armv7-m\libc.a(lib_a-freer.o)
                0x00004be0                _free_r
 .text._localeconv_r
                0x00004db0        0x8 c:/nxp/lpcxpresso_8.2.2_650/lpcxpresso/tools/bin/../lib/gcc/arm-none-eabi/5.4.1/../../../../arm-none-eabi/lib/armv7-m\libc.a(lib_a-locale.o)
                0x00004db0                _localeconv_r
 .text.memchr   0x00004db8       0x8c c:/nxp/lpcxpresso_8.2.2_650/lpcxpresso/tools/bin/../lib/gcc/arm-none-eabi/5.4.1/../../../../arm-none-eabi/lib/armv7-m\libc.a(lib_a-memchr-stub.o)
                0x00004db8                memchr
 .text._Balloc  0x00004e44       0x50 c:/nxp/lpcxpresso_8.2.2_650/lpcxpresso/tools/bin/../lib/gcc/arm-none-eabi/5.4.1/../../../../arm-none-eabi/lib/armv7-m\libc.a(lib_a-mprec.o)
                0x00004e44                _Balloc
 .text._Bfree   0x00004e94       0x14 c:/nxp/lpcxpresso_8.2.2_650/lpcxpresso/tools/bin/../lib/gcc/arm-none-eabi/5.4.1/../../../../arm-none-eabi/lib/armv7-m\libc.a(lib_a-mprec.o)
                0x00004e94                _Bfree
 .text.__multadd
                0x00004ea8       0x80 c:/nxp/lpcxpresso_8.2.2_650/lpcxpresso/tools/bin/../lib/gcc/arm-none-eabi/5.4.1/../../../../arm-none-eabi/lib/armv7-m\libc.a(lib_a-mprec.o)
                0x00004ea8                __multadd
 .text.__hi0bits
                0x00004f28       0x40 c:/nxp/lpcxpresso_8.2.2_650/lpcxpresso/tools/bin/../lib/gcc/arm-none-eabi/5.4.1/../../../../arm-none-eabi/lib/armv7-m\libc.a(lib_a-mprec.o)
                0x00004f28                __hi0bits
 .text.__lo0bits
                0x00004f68       0x5c c:/nxp/lpcxpresso_8.2.2_650/lpcxpresso/tools/bin/../lib/gcc/arm-none-eabi/5.4.1/../../../../arm-none-eabi/lib/armv7-m\libc.a(lib_a-mprec.o)
                0x00004f68                __lo0bits
 .text.__i2b    0x00004fc4       0x14 c:/nxp/lpcxpresso_8.2.2_650/lpcxpresso/tools/bin/../lib/gcc/arm-none-eabi/5.4.1/../../../../arm-none-eabi/lib/armv7-m\libc.a(lib_a-mprec.o)
                0x00004fc4                __i2b
 .text.__multiply
                0x00004fd8      0x13c c:/nxp/lpcxpresso_8.2.2_650/lpcxpresso/tools/bin/../lib/gcc/arm-none-eabi/5.4.1/../../../../arm-none-eabi/lib/armv7-m\libc.a(lib_a-mprec.o)
                0x00004fd8                __multiply
 .text.__pow5mult
                0x00005114       0xa0 c:/nxp/lpcxpresso_8.2.2_650/lpcxpresso/tools/bin/../lib/gcc/arm-none-eabi/5.4.1/../../../../arm-none-eabi/lib/armv7-m\libc.a(lib_a-mprec.o)
                0x00005114                __pow5mult
 .text.__lshift
                0x000051b4       0xac c:/nxp/lpcxpresso_8.2.2_650/lpcxpresso/tools/bin/../lib/gcc/arm-none-eabi/5.4.1/../../../../arm-none-eabi/lib/armv7-m\libc.a(lib_a-mprec.o)
                0x000051b4                __lshift
 .text.__mcmp   0x00005260       0x40 c:/nxp/lpcxpresso_8.2.2_650/lpcxpresso/tools/bin/../lib/gcc/arm-none-eabi/5.4.1/../../../../arm-none-eabi/lib/armv7-m\libc.a(lib_a-mprec.o)
                0x00005260                __mcmp
 .text.__mdiff  0x000052a0      0x128 c:/nxp/lpcxpresso_8.2.2_650/lpcxpresso/tools/bin/../lib/gcc/arm-none-eabi/5.4.1/../../../../arm-none-eabi/lib/armv7-m\libc.a(lib_a-mprec.o)
                0x000052a0                __mdiff
 .text.__d2b    0x000053c8       0xa8 c:/nxp/lpcxpresso_8.2.2_650/lpcxpresso/tools/bin/../lib/gcc/arm-none-eabi/5.4.1/../../../../arm-none-eabi/lib/armv7-m\libc.a(lib_a-mprec.o)
                0x000053c8                __d2b
 .text.strlen   0x00005470       0x5c c:/nxp/lpcxpresso_8.2.2_650/lpcxpresso/tools/bin/../lib/gcc/arm-none-eabi/5.4.1/../../../../arm-none-eabi/lib/armv7-m\libc.a(lib_a-strlen-stub.o)
                0x00005470                strlen
 .text.__ssprint_r
                0x000054cc      0x100 c:/nxp/lpcxpresso_8.2.2_650/lpcxpresso/tools/bin/../lib/gcc/arm-none-eabi/5.4.1/../../../../arm-none-eabi/lib/armv7-m\libc.a(lib_a-svfiprintf.o)
                0x000054cc                __ssprint_r
 .text._calloc_r
                0x000055cc       0x60 c:/nxp/lpcxpresso_8.2.2_650/lpcxpresso/tools/bin/../lib/gcc/arm-none-eabi/5.4.1/../../../../arm-none-eabi/lib/armv7-m\libc.a(lib_a-callocr.o)
                0x000055cc                _calloc_r
 .text.memmove  0x0000562c       0xc8 c:/nxp/lpcxpresso_8.2.2_650/lpcxpresso/tools/bin/../lib/gcc/arm-none-eabi/5.4.1/../../../../arm-none-eabi/lib/armv7-m\libc.a(lib_a-memmove.o)
                0x0000562c                memmove
 .text.memset   0x000056f4       0x9c c:/nxp/lpcxpresso_8.2.2_650/lpcxpresso/tools/bin/../lib/gcc/arm-none-eabi/5.4.1/../../../../arm-none-eabi/lib/armv7-m\libc.a(lib_a-memset.o)
                0x000056f4                memset
 .text._realloc_r
                0x00005790      0x3d4 c:/nxp/lpcxpresso_8.2.2_650/lpcxpresso/tools/bin/../lib/gcc/arm-none-eabi/5.4.1/../../../../arm-none-eabi/lib/armv7-m\libc.a(lib_a-reallocr.o)
                0x00005790                _realloc_r
 .text._sbrk    0x00005b64       0x3c c:/nxp/lpcxpresso_8.2.2_650/lpcxpresso/tools/bin/../lib/gcc/arm-none-eabi/5.4.1/../../../../arm-none-eabi/lib/armv7-m\libcr_newlib_nohost.a(_cr_sbrk.o)
                0x00005b64                _sbrk
 .text.__check_heap_overflow
                0x00005ba0       0x18 c:/nxp/lpcxpresso_8.2.2_650/lpcxpresso/tools/bin/../lib/gcc/arm-none-eabi/5.4.1/../../../../arm-none-eabi/lib/armv7-m\libcr_newlib_nohost.a(_cr_check_heap.o)
                0x00005ba0                __check_heap_overflow
 .text          0x00005bb8       0x5c c:/nxp/lpcxpresso_8.2.2_650/lpcxpresso/tools/bin/../lib/gcc/arm-none-eabi/5.4.1/armv7-m\crtbegin.o
 .text          0x00005c14      0x370 c:/nxp/lpcxpresso_8.2.2_650/lpcxpresso/tools/bin/../lib/gcc/arm-none-eabi/5.4.1/armv7-m\libgcc.a(_arm_addsubdf3.o)
                0x00005c14                __aeabi_drsub
                0x00005c1c                __aeabi_dsub
                0x00005c1c                __subdf3
                0x00005c20                __aeabi_dadd
                0x00005c20                __adddf3
                0x00005e98                __floatunsidf
                0x00005e98                __aeabi_ui2d
                0x00005eb8                __floatsidf
                0x00005eb8                __aeabi_i2d
                0x00005edc                __aeabi_f2d
                0x00005edc                __extendsfdf2
                0x00005f18                __floatundidf
                0x00005f18                __aeabi_ul2d
                0x00005f28                __floatdidf
                0x00005f28                __aeabi_l2d
 .text          0x00005f84      0x424 c:/nxp/lpcxpresso_8.2.2_650/lpcxpresso/tools/bin/../lib/gcc/arm-none-eabi/5.4.1/armv7-m\libgcc.a(_arm_muldivdf3.o)
                0x00005f84                __aeabi_dmul
                0x00005f84                __muldf3
                0x000061d8                __divdf3
                0x000061d8                __aeabi_ddiv
 .text          0x000063a8      0x110 c:/nxp/lpcxpresso_8.2.2_650/lpcxpresso/tools/bin/../lib/gcc/arm-none-eabi/5.4.1/armv7-m\libgcc.a(_arm_cmpdf2.o)
                0x000063a8                __gtdf2
                0x000063a8                __gedf2
                0x000063b0                __ltdf2
                0x000063b0                __ledf2
                0x000063b8                __nedf2
                0x000063b8                __eqdf2
                0x000063b8                __cmpdf2
                0x00006434                __aeabi_cdrcmple
                0x00006444                __aeabi_cdcmpeq
                0x00006444                __aeabi_cdcmple
                0x00006454                __aeabi_dcmpeq
                0x00006468                __aeabi_dcmplt
                0x0000647c                __aeabi_dcmple
                0x00006490                __aeabi_dcmpge
                0x000064a4                __aeabi_dcmpgt
 .text          0x000064b8       0x2c c:/nxp/lpcxpresso_8.2.2_650/lpcxpresso/tools/bin/../lib/gcc/arm-none-eabi/5.4.1/armv7-m\libgcc.a(_arm_unorddf2.o)
                0x000064b8                __unorddf2
                0x000064b8                __aeabi_dcmpun
 .text          0x000064e4       0x50 c:/nxp/lpcxpresso_8.2.2_650/lpcxpresso/tools/bin/../lib/gcc/arm-none-eabi/5.4.1/armv7-m\libgcc.a(_arm_fixdfsi.o)
                0x000064e4                __aeabi_d2iz
                0x000064e4                __fixdfsi
 .text.__errno  0x00006534        0xc c:/nxp/lpcxpresso_8.2.2_650/lpcxpresso/tools/bin/../lib/gcc/arm-none-eabi/5.4.1/../../../../arm-none-eabi/lib/armv7-m\libc.a(lib_a-errno.o)
                0x00006534                __errno
 *(.rodata .rodata.* .constdata .constdata.*)
 .rodata        0x00006540       0x28 ./src/adc.o
 .rodata.OscRateIn
                0x00006568        0x4 C:\Users\Nick\Documents\LPCXpresso_8.2.2_650\workspace\lpc_board_nxp_lpcxpresso_1549\Debug\liblpc_board_nxp_lpcxpresso_1549.a(board.o)
                0x00006568                OscRateIn
 .rodata.RTCOscRateIn
                0x0000656c        0x4 C:\Users\Nick\Documents\LPCXpresso_8.2.2_650\workspace\lpc_board_nxp_lpcxpresso_1549\Debug\liblpc_board_nxp_lpcxpresso_1549.a(board.o)
                0x0000656c                RTCOscRateIn
 .rodata.ledpins
                0x00006570        0x3 C:\Users\Nick\Documents\LPCXpresso_8.2.2_650\workspace\lpc_board_nxp_lpcxpresso_1549\Debug\liblpc_board_nxp_lpcxpresso_1549.a(board.o)
 *fill*         0x00006573        0x1 ff
 .rodata.ledports
                0x00006574        0x3 C:\Users\Nick\Documents\LPCXpresso_8.2.2_650\workspace\lpc_board_nxp_lpcxpresso_1549\Debug\liblpc_board_nxp_lpcxpresso_1549.a(board.o)
 *fill*         0x00006577        0x1 ff
 .rodata.ioconSetup
                0x00006578       0x74 C:\Users\Nick\Documents\LPCXpresso_8.2.2_650\workspace\lpc_board_nxp_lpcxpresso_1549\Debug\liblpc_board_nxp_lpcxpresso_1549.a(board_sysinit.o)
 .rodata.swmSetup
                0x000065ec        0x6 C:\Users\Nick\Documents\LPCXpresso_8.2.2_650\workspace\lpc_board_nxp_lpcxpresso_1549\Debug\liblpc_board_nxp_lpcxpresso_1549.a(board_sysinit.o)
 *fill*         0x000065f2        0x2 ff
 .rodata.blanks.7055
                0x000065f4       0x10 c:/nxp/lpcxpresso_8.2.2_650/lpcxpresso/tools/bin/../lib/gcc/arm-none-eabi/5.4.1/../../../../arm-none-eabi/lib/armv7-m\libc.a(lib_a-svfprintf.o)
 .rodata.str1.4
                0x00006604       0x42 c:/nxp/lpcxpresso_8.2.2_650/lpcxpresso/tools/bin/../lib/gcc/arm-none-eabi/5.4.1/../../../../arm-none-eabi/lib/armv7-m\libc.a(lib_a-svfprintf.o)
 *fill*         0x00006646        0x2 ff
 .rodata.zeroes.7056
                0x00006648       0x10 c:/nxp/lpcxpresso_8.2.2_650/lpcxpresso/tools/bin/../lib/gcc/arm-none-eabi/5.4.1/../../../../arm-none-eabi/lib/armv7-m\libc.a(lib_a-svfprintf.o)
 .rodata.str1.4
                0x00006658       0x10 c:/nxp/lpcxpresso_8.2.2_650/lpcxpresso/tools/bin/../lib/gcc/arm-none-eabi/5.4.1/../../../../arm-none-eabi/lib/armv7-m\libc.a(lib_a-dtoa.o)
                                 0x12 (size before relaxing)
 .rodata.str1.4
                0x00006668        0x2 c:/nxp/lpcxpresso_8.2.2_650/lpcxpresso/tools/bin/../lib/gcc/arm-none-eabi/5.4.1/../../../../arm-none-eabi/lib/armv7-m\libc.a(lib_a-impure.o)
 *fill*         0x0000666a        0x2 ff
 .rodata.str1.4
                0x0000666c        0xc c:/nxp/lpcxpresso_8.2.2_650/lpcxpresso/tools/bin/../lib/gcc/arm-none-eabi/5.4.1/../../../../arm-none-eabi/lib/armv7-m\libc.a(lib_a-locale.o)
                                 0x12 (size before relaxing)
 .rodata.__mprec_tens
                0x00006678       0xc8 c:/nxp/lpcxpresso_8.2.2_650/lpcxpresso/tools/bin/../lib/gcc/arm-none-eabi/5.4.1/../../../../arm-none-eabi/lib/armv7-m\libc.a(lib_a-mprec.o)
                0x00006678                __mprec_tens
 .rodata.__mprec_bigtens
                0x00006740       0x28 c:/nxp/lpcxpresso_8.2.2_650/lpcxpresso/tools/bin/../lib/gcc/arm-none-eabi/5.4.1/../../../../arm-none-eabi/lib/armv7-m\libc.a(lib_a-mprec.o)
                0x00006740                __mprec_bigtens
 .rodata.p05.5396
                0x00006768        0xc c:/nxp/lpcxpresso_8.2.2_650/lpcxpresso/tools/bin/../lib/gcc/arm-none-eabi/5.4.1/../../../../arm-none-eabi/lib/armv7-m\libc.a(lib_a-mprec.o)
                0x00006774                . = ALIGN (0x4)
                0x00006774                . = ALIGN (0x4)
 *(.init)
 .init          0x00006774        0x4 c:/nxp/lpcxpresso_8.2.2_650/lpcxpresso/tools/bin/../lib/gcc/arm-none-eabi/5.4.1/armv7-m\crti.o
                0x00006774                _init
 .init          0x00006778        0x8 c:/nxp/lpcxpresso_8.2.2_650/lpcxpresso/tools/bin/../lib/gcc/arm-none-eabi/5.4.1/armv7-m\crtn.o
                0x00006780                . = ALIGN (0x4)
                0x00006780                __preinit_array_start = .
 *(.preinit_array)
                0x00006780                __preinit_array_end = .
                0x00006780                . = ALIGN (0x4)
                0x00006780                __init_array_start = .
 *(SORT(.init_array.*))
 *(.init_array)
 .init_array    0x00006780        0x4 c:/nxp/lpcxpresso_8.2.2_650/lpcxpresso/tools/bin/../lib/gcc/arm-none-eabi/5.4.1/armv7-m\crtbegin.o
                0x00006784                __init_array_end = .
 *(.fini)
 .fini          0x00006784        0x4 c:/nxp/lpcxpresso_8.2.2_650/lpcxpresso/tools/bin/../lib/gcc/arm-none-eabi/5.4.1/armv7-m\crti.o
                0x00006784                _fini
 .fini          0x00006788        0x8 c:/nxp/lpcxpresso_8.2.2_650/lpcxpresso/tools/bin/../lib/gcc/arm-none-eabi/5.4.1/armv7-m\crtn.o
                0x00006790                . = ALIGN (0x4)
 *crtbegin.o(.ctors)
 *(EXCLUDE_FILE(*crtend.o) .ctors)
 *(SORT(.ctors.*))
 *crtend.o(.ctors)
                0x00006790                . = ALIGN (0x4)
 *crtbegin.o(.dtors)
 *(EXCLUDE_FILE(*crtend.o) .dtors)
 *(SORT(.dtors.*))
 *crtend.o(.dtors)
                0x00006790                . = ALIGN (0x4)

.glue_7         0x00006790        0x0
 .glue_7        0x00006790        0x0 linker stubs

.glue_7t        0x00006790        0x0
 .glue_7t       0x00006790        0x0 linker stubs

.vfp11_veneer   0x00006790        0x0
 .vfp11_veneer  0x00006790        0x0 linker stubs

.v4_bx          0x00006790        0x0
 .v4_bx         0x00006790        0x0 linker stubs

.iplt           0x00006790        0x0
 .iplt          0x00006790        0x0 ./src/DigitalIOPin.o

.ARM.extab
 *(.ARM.extab* .gnu.linkonce.armextab.*)
                0x00006790                __exidx_start = .

.ARM.exidx      0x00006790        0x8
 *(.ARM.exidx* .gnu.linkonce.armexidx.*)
 .ARM.exidx     0x00006790        0x8 c:/nxp/lpcxpresso_8.2.2_650/lpcxpresso/tools/bin/../lib/gcc/arm-none-eabi/5.4.1/armv7-m\libgcc.a(_udivmoddi4.o)
                0x00006798                __exidx_end = .
                0x00006798                _etext = .

.rel.dyn        0x00006798        0x0
 .rel.iplt      0x00006798        0x0 ./src/DigitalIOPin.o

.eh_frame       0x00006798        0x0
 .eh_frame      0x00006798        0x0 c:/nxp/lpcxpresso_8.2.2_650/lpcxpresso/tools/bin/../lib/gcc/arm-none-eabi/5.4.1/armv7-m\crtbegin.o

.data_RAM2      0x02004000        0x0 load address 0x00006798
 FILL mask 0xff
                [!provide]                PROVIDE (__start_data_RAM2, .)
 *(.ramfunc.$RAM2)
 *(.ramfunc.$Ram1_16)
 *(.data.$RAM2*)
 *(.data.$Ram1_16*)
                0x02004000                . = ALIGN (0x4)
                [!provide]                PROVIDE (__end_data_RAM2, .)

.data_RAM3      0x02008000        0x0 load address 0x00006798
 FILL mask 0xff
                [!provide]                PROVIDE (__start_data_RAM3, .)
 *(.ramfunc.$RAM3)
 *(.ramfunc.$Ram2_4)
 *(.data.$RAM3*)
 *(.data.$Ram2_4*)
                0x02008000                . = ALIGN (0x4)
                [!provide]                PROVIDE (__end_data_RAM3, .)

.uninit_RESERVED
                0x02000000        0x0
 *(.bss.$RESERVED*)
                0x02000000                . = ALIGN (0x4)
                0x02000000                _end_uninit_RESERVED = .

.data           0x02000000      0x874 load address 0x00006798
 FILL mask 0xff
                0x02000000                _data = .
 *(vtable)
 *(.ramfunc*)
 *(.data*)
 .data.__malloc_av_
                0x02000000      0x408 c:/nxp/lpcxpresso_8.2.2_650/lpcxpresso/tools/bin/../lib/gcc/arm-none-eabi/5.4.1/../../../../arm-none-eabi/lib/armv7-m\libc.a(lib_a-mallocr.o)
                0x02000000                __malloc_av_
 .data.__malloc_trim_threshold
                0x02000408        0x4 c:/nxp/lpcxpresso_8.2.2_650/lpcxpresso/tools/bin/../lib/gcc/arm-none-eabi/5.4.1/../../../../arm-none-eabi/lib/armv7-m\libc.a(lib_a-mallocr.o)
                0x02000408                __malloc_trim_threshold
 .data.__malloc_sbrk_base
                0x0200040c        0x4 c:/nxp/lpcxpresso_8.2.2_650/lpcxpresso/tools/bin/../lib/gcc/arm-none-eabi/5.4.1/../../../../arm-none-eabi/lib/armv7-m\libc.a(lib_a-mallocr.o)
                0x0200040c                __malloc_sbrk_base
 .data.impure_data
                0x02000410      0x428 c:/nxp/lpcxpresso_8.2.2_650/lpcxpresso/tools/bin/../lib/gcc/arm-none-eabi/5.4.1/../../../../arm-none-eabi/lib/armv7-m\libc.a(lib_a-impure.o)
 .data._impure_ptr
                0x02000838        0x4 c:/nxp/lpcxpresso_8.2.2_650/lpcxpresso/tools/bin/../lib/gcc/arm-none-eabi/5.4.1/../../../../arm-none-eabi/lib/armv7-m\libc.a(lib_a-impure.o)
                0x02000838                _impure_ptr
 .data.lconv    0x0200083c       0x38 c:/nxp/lpcxpresso_8.2.2_650/lpcxpresso/tools/bin/../lib/gcc/arm-none-eabi/5.4.1/../../../../arm-none-eabi/lib/armv7-m\libc.a(lib_a-locale.o)
                0x02000874                . = ALIGN (0x4)
                0x02000874                _edata = .

.igot.plt       0x02000874        0x0 load address 0x0000700c
 .igot.plt      0x02000874        0x0 ./src/DigitalIOPin.o

.jcr            0x02000874        0x0 load address 0x0000700c
 .jcr           0x02000874        0x0 c:/nxp/lpcxpresso_8.2.2_650/lpcxpresso/tools/bin/../lib/gcc/arm-none-eabi/5.4.1/armv7-m\crtbegin.o

.bss_RAM2       0x02004000        0x0
                [!provide]                PROVIDE (__start_bss_RAM2, .)
 *(.bss.$RAM2*)
 *(.bss.$Ram1_16*)
                0x02004000                . = ALIGN ((. != 0x0)?0x4:0x1)
                [!provide]                PROVIDE (__end_bss_RAM2, .)

.bss_RAM3       0x02008000        0x0
                [!provide]                PROVIDE (__start_bss_RAM3, .)
 *(.bss.$RAM3*)
 *(.bss.$Ram2_4*)
                0x02008000                . = ALIGN ((. != 0x0)?0x4:0x1)
                [!provide]                PROVIDE (__end_bss_RAM3, .)

.bss            0x02000874       0x94
                0x02000874                _bss = .
 *(.bss*)
 .bss._ZL5ticks
                0x02000874        0x4 ./src/adc.o
 .bss._ZL7counter
                0x02000878        0x4 ./src/adc.o
 .bss._ZL8counter2
                0x0200087c        0x4 ./src/adc.o
 .bss._ZL7ledRate
                0x02000880        0x4 ./src/adc.o
 .bss._ZL6toggle
                0x02000884        0x4 ./src/adc.o
 .bss._ZL4a0_1  0x02000888        0x4 ./src/adc.o
 .bss._ZL4a0_2  0x0200088c        0x4 ./src/adc.o
 .bss._ZL4a0_3  0x02000890        0x4 ./src/adc.o
 .bss._ZL5a10_1
                0x02000894        0x4 ./src/adc.o
 .bss._ZL5a10_2
                0x02000898        0x4 ./src/adc.o
 .bss._ZL5a10_3
                0x0200089c        0x4 ./src/adc.o
 .bss._ZZ15SysTick_HandlerE5count
                0x020008a0        0x4 ./src/adc.o
 .bss._ZZ15SysTick_HandlerE6count2
                0x020008a4        0x4 ./src/adc.o
 .bss._ZZ15SysTick_HandlerE5blink
                0x020008a8        0x1 ./src/adc.o
 *fill*         0x020008a9        0x3 
 .bss.__malloc_max_total_mem
                0x020008ac        0x4 c:/nxp/lpcxpresso_8.2.2_650/lpcxpresso/tools/bin/../lib/gcc/arm-none-eabi/5.4.1/../../../../arm-none-eabi/lib/armv7-m\libc.a(lib_a-mallocr.o)
                0x020008ac                __malloc_max_total_mem
 .bss.__malloc_max_sbrked_mem
                0x020008b0        0x4 c:/nxp/lpcxpresso_8.2.2_650/lpcxpresso/tools/bin/../lib/gcc/arm-none-eabi/5.4.1/../../../../arm-none-eabi/lib/armv7-m\libc.a(lib_a-mallocr.o)
                0x020008b0                __malloc_max_sbrked_mem
 .bss.__malloc_top_pad
                0x020008b4        0x4 c:/nxp/lpcxpresso_8.2.2_650/lpcxpresso/tools/bin/../lib/gcc/arm-none-eabi/5.4.1/../../../../arm-none-eabi/lib/armv7-m\libc.a(lib_a-mallocr.o)
                0x020008b4                __malloc_top_pad
 .bss.__malloc_current_mallinfo
                0x020008b8       0x28 c:/nxp/lpcxpresso_8.2.2_650/lpcxpresso/tools/bin/../lib/gcc/arm-none-eabi/5.4.1/../../../../arm-none-eabi/lib/armv7-m\libc.a(lib_a-mallocr.o)
                0x020008b8                __malloc_current_mallinfo
 .bss.__end_of_heap
                0x020008e0        0x4 c:/nxp/lpcxpresso_8.2.2_650/lpcxpresso/tools/bin/../lib/gcc/arm-none-eabi/5.4.1/../../../../arm-none-eabi/lib/armv7-m\libcr_newlib_nohost.a(_cr_sbrk.o)
                0x020008e0                __end_of_heap
 .bss           0x020008e4       0x1c c:/nxp/lpcxpresso_8.2.2_650/lpcxpresso/tools/bin/../lib/gcc/arm-none-eabi/5.4.1/armv7-m\crtbegin.o
 *(COMMON)
 COMMON         0x02000900        0x4 C:\Users\Nick\Documents\LPCXpresso_8.2.2_650\workspace\lpc_chip_15xx\Debug\liblpc_chip_15xx.a(chip_15xx.o)
                0x02000900                SystemCoreClock
 COMMON         0x02000904        0x4 c:/nxp/lpcxpresso_8.2.2_650/lpcxpresso/tools/bin/../lib/gcc/arm-none-eabi/5.4.1/../../../../arm-none-eabi/lib/armv7-m\libc.a(lib_a-reent.o)
                0x02000904                errno
                0x02000908                . = ALIGN (0x4)
                0x02000908                _ebss = .
                [!provide]                PROVIDE (end, .)

.noinit_RAM2    0x02004000        0x0
 *(.noinit.$RAM2*)
 *(.noinit.$Ram1_16*)
                0x02004000                . = ALIGN (0x4)

.noinit_RAM3    0x02008000        0x0
 *(.noinit.$RAM3*)
 *(.noinit.$Ram2_4*)
                0x02008000                . = ALIGN (0x4)

.noinit         0x02000908        0x0
                0x02000908                _noinit = .
 *(.noinit*)
                0x02000908                . = ALIGN (0x4)
                0x02000908                _end_noinit = .
                0x02000908                PROVIDE (_pvHeapStart, DEFINED (__user_heap_base)?__user_heap_base:.)
                0x02004000                PROVIDE (_vStackTop, DEFINED (__user_stack_top)?__user_stack_top:(__top_Ram0_16 - 0x0))
                0xfdffb2b6                PROVIDE (__valid_user_code_checksum, (0x0 - ((((((_vStackTop + (ResetISR + 0x1)) + (NMI_Handler + 0x1)) + (HardFault_Handler + 0x1)) + (DEFINED (MemManage_Handler)?MemManage_Handler:0x0 + 0x1)) + (DEFINED (BusFault_Handler)?BusFault_Handler:0x0 + 0x1)) + (DEFINED (UsageFault_Handler)?UsageFault_Handler:0x0 + 0x1))))
OUTPUT(ADC.axf elf32-littlearm)

.debug_info     0x00000000     0x7c6d
 .debug_info    0x00000000      0x34e ./src/ITM_write.o
 .debug_info    0x0000034e     0x17e8 ./src/adc.o
 .debug_info    0x00001b36      0x281 ./src/cr_startup_lpc15xx.o
 .debug_info    0x00001db7       0xee ./src/sysinit.o
 .debug_info    0x00001ea5      0xaa8 C:\Users\Nick\Documents\LPCXpresso_8.2.2_650\workspace\lpc_board_nxp_lpcxpresso_1549\Debug\liblpc_board_nxp_lpcxpresso_1549.a(board.o)
 .debug_info    0x0000294d      0xc90 C:\Users\Nick\Documents\LPCXpresso_8.2.2_650\workspace\lpc_board_nxp_lpcxpresso_1549\Debug\liblpc_board_nxp_lpcxpresso_1549.a(board_sysinit.o)
 .debug_info    0x000035dd      0x7c6 C:\Users\Nick\Documents\LPCXpresso_8.2.2_650\workspace\lpc_chip_15xx\Debug\liblpc_chip_15xx.a(adc_15xx.o)
 .debug_info    0x00003da3      0x9ae C:\Users\Nick\Documents\LPCXpresso_8.2.2_650\workspace\lpc_chip_15xx\Debug\liblpc_chip_15xx.a(chip_15xx.o)
 .debug_info    0x00004751      0xd6a C:\Users\Nick\Documents\LPCXpresso_8.2.2_650\workspace\lpc_chip_15xx\Debug\liblpc_chip_15xx.a(clock_15xx.o)
 .debug_info    0x000054bb      0x645 C:\Users\Nick\Documents\LPCXpresso_8.2.2_650\workspace\lpc_chip_15xx\Debug\liblpc_chip_15xx.a(gpio_15xx.o)
 .debug_info    0x00005b00      0x21a C:\Users\Nick\Documents\LPCXpresso_8.2.2_650\workspace\lpc_chip_15xx\Debug\liblpc_chip_15xx.a(iocon_15xx.o)
 .debug_info    0x00005d1a      0x60b C:\Users\Nick\Documents\LPCXpresso_8.2.2_650\workspace\lpc_chip_15xx\Debug\liblpc_chip_15xx.a(swm_15xx.o)
 .debug_info    0x00006325      0x76d C:\Users\Nick\Documents\LPCXpresso_8.2.2_650\workspace\lpc_chip_15xx\Debug\liblpc_chip_15xx.a(sysctl_15xx.o)
 .debug_info    0x00006a92      0x759 C:\Users\Nick\Documents\LPCXpresso_8.2.2_650\workspace\lpc_chip_15xx\Debug\liblpc_chip_15xx.a(sysinit_15xx.o)
 .debug_info    0x000071eb      0x8f4 C:\Users\Nick\Documents\LPCXpresso_8.2.2_650\workspace\lpc_chip_15xx\Debug\liblpc_chip_15xx.a(uart_15xx.o)
 .debug_info    0x00007adf      0x124 c:/nxp/lpcxpresso_8.2.2_650/lpcxpresso/tools/bin/../lib/gcc/arm-none-eabi/5.4.1/../../../../arm-none-eabi/lib/armv7-m\libcr_newlib_nohost.a(_cr_sbrk.o)
 .debug_info    0x00007c03       0x6a c:/nxp/lpcxpresso_8.2.2_650/lpcxpresso/tools/bin/../lib/gcc/arm-none-eabi/5.4.1/../../../../arm-none-eabi/lib/armv7-m\libcr_newlib_nohost.a(_cr_check_heap.o)

.debug_abbrev   0x00000000     0x18e4
 .debug_abbrev  0x00000000      0x106 ./src/ITM_write.o
 .debug_abbrev  0x00000106      0x2e5 ./src/adc.o
 .debug_abbrev  0x000003eb       0xe7 ./src/cr_startup_lpc15xx.o
 .debug_abbrev  0x000004d2       0x82 ./src/sysinit.o
 .debug_abbrev  0x00000554      0x20e C:\Users\Nick\Documents\LPCXpresso_8.2.2_650\workspace\lpc_board_nxp_lpcxpresso_1549\Debug\liblpc_board_nxp_lpcxpresso_1549.a(board.o)
 .debug_abbrev  0x00000762      0x208 C:\Users\Nick\Documents\LPCXpresso_8.2.2_650\workspace\lpc_board_nxp_lpcxpresso_1549\Debug\liblpc_board_nxp_lpcxpresso_1549.a(board_sysinit.o)
 .debug_abbrev  0x0000096a      0x195 C:\Users\Nick\Documents\LPCXpresso_8.2.2_650\workspace\lpc_chip_15xx\Debug\liblpc_chip_15xx.a(adc_15xx.o)
 .debug_abbrev  0x00000aff      0x1b3 C:\Users\Nick\Documents\LPCXpresso_8.2.2_650\workspace\lpc_chip_15xx\Debug\liblpc_chip_15xx.a(chip_15xx.o)
 .debug_abbrev  0x00000cb2      0x285 C:\Users\Nick\Documents\LPCXpresso_8.2.2_650\workspace\lpc_chip_15xx\Debug\liblpc_chip_15xx.a(clock_15xx.o)
 .debug_abbrev  0x00000f37      0x16a C:\Users\Nick\Documents\LPCXpresso_8.2.2_650\workspace\lpc_chip_15xx\Debug\liblpc_chip_15xx.a(gpio_15xx.o)
 .debug_abbrev  0x000010a1      0x137 C:\Users\Nick\Documents\LPCXpresso_8.2.2_650\workspace\lpc_chip_15xx\Debug\liblpc_chip_15xx.a(iocon_15xx.o)
 .debug_abbrev  0x000011d8      0x13e C:\Users\Nick\Documents\LPCXpresso_8.2.2_650\workspace\lpc_chip_15xx\Debug\liblpc_chip_15xx.a(swm_15xx.o)
 .debug_abbrev  0x00001316      0x12b C:\Users\Nick\Documents\LPCXpresso_8.2.2_650\workspace\lpc_chip_15xx\Debug\liblpc_chip_15xx.a(sysctl_15xx.o)
 .debug_abbrev  0x00001441      0x18c C:\Users\Nick\Documents\LPCXpresso_8.2.2_650\workspace\lpc_chip_15xx\Debug\liblpc_chip_15xx.a(sysinit_15xx.o)
 .debug_abbrev  0x000015cd      0x1e6 C:\Users\Nick\Documents\LPCXpresso_8.2.2_650\workspace\lpc_chip_15xx\Debug\liblpc_chip_15xx.a(uart_15xx.o)
 .debug_abbrev  0x000017b3       0xcf c:/nxp/lpcxpresso_8.2.2_650/lpcxpresso/tools/bin/../lib/gcc/arm-none-eabi/5.4.1/../../../../arm-none-eabi/lib/armv7-m\libcr_newlib_nohost.a(_cr_sbrk.o)
 .debug_abbrev  0x00001882       0x62 c:/nxp/lpcxpresso_8.2.2_650/lpcxpresso/tools/bin/../lib/gcc/arm-none-eabi/5.4.1/../../../../arm-none-eabi/lib/armv7-m\libcr_newlib_nohost.a(_cr_check_heap.o)

.debug_aranges  0x00000000      0x748
 .debug_aranges
                0x00000000       0x30 ./src/ITM_write.o
 .debug_aranges
                0x00000030       0xa8 ./src/adc.o
 .debug_aranges
                0x000000d8       0x80 ./src/cr_startup_lpc15xx.o
 .debug_aranges
                0x00000158       0x20 ./src/sysinit.o
 .debug_aranges
                0x00000178       0xd0 C:\Users\Nick\Documents\LPCXpresso_8.2.2_650\workspace\lpc_board_nxp_lpcxpresso_1549\Debug\liblpc_board_nxp_lpcxpresso_1549.a(board.o)
 .debug_aranges
                0x00000248       0x60 C:\Users\Nick\Documents\LPCXpresso_8.2.2_650\workspace\lpc_board_nxp_lpcxpresso_1549\Debug\liblpc_board_nxp_lpcxpresso_1549.a(board_sysinit.o)
 .debug_aranges
                0x000002a8       0xa0 C:\Users\Nick\Documents\LPCXpresso_8.2.2_650\workspace\lpc_chip_15xx\Debug\liblpc_chip_15xx.a(adc_15xx.o)
 .debug_aranges
                0x00000348       0x50 C:\Users\Nick\Documents\LPCXpresso_8.2.2_650\workspace\lpc_chip_15xx\Debug\liblpc_chip_15xx.a(chip_15xx.o)
 .debug_aranges
                0x00000398      0x128 C:\Users\Nick\Documents\LPCXpresso_8.2.2_650\workspace\lpc_chip_15xx\Debug\liblpc_chip_15xx.a(clock_15xx.o)
 .debug_aranges
                0x000004c0       0x70 C:\Users\Nick\Documents\LPCXpresso_8.2.2_650\workspace\lpc_chip_15xx\Debug\liblpc_chip_15xx.a(gpio_15xx.o)
 .debug_aranges
                0x00000530       0x28 C:\Users\Nick\Documents\LPCXpresso_8.2.2_650\workspace\lpc_chip_15xx\Debug\liblpc_chip_15xx.a(iocon_15xx.o)
 .debug_aranges
                0x00000558       0x40 C:\Users\Nick\Documents\LPCXpresso_8.2.2_650\workspace\lpc_chip_15xx\Debug\liblpc_chip_15xx.a(swm_15xx.o)
 .debug_aranges
                0x00000598       0x50 C:\Users\Nick\Documents\LPCXpresso_8.2.2_650\workspace\lpc_chip_15xx\Debug\liblpc_chip_15xx.a(sysctl_15xx.o)
 .debug_aranges
                0x000005e8       0x58 C:\Users\Nick\Documents\LPCXpresso_8.2.2_650\workspace\lpc_chip_15xx\Debug\liblpc_chip_15xx.a(sysinit_15xx.o)
 .debug_aranges
                0x00000640       0xc8 C:\Users\Nick\Documents\LPCXpresso_8.2.2_650\workspace\lpc_chip_15xx\Debug\liblpc_chip_15xx.a(uart_15xx.o)
 .debug_aranges
                0x00000708       0x20 c:/nxp/lpcxpresso_8.2.2_650/lpcxpresso/tools/bin/../lib/gcc/arm-none-eabi/5.4.1/../../../../arm-none-eabi/lib/armv7-m\libcr_newlib_nohost.a(_cr_sbrk.o)
 .debug_aranges
                0x00000728       0x20 c:/nxp/lpcxpresso_8.2.2_650/lpcxpresso/tools/bin/../lib/gcc/arm-none-eabi/5.4.1/../../../../arm-none-eabi/lib/armv7-m\libcr_newlib_nohost.a(_cr_check_heap.o)

.debug_ranges   0x00000000      0x638
 .debug_ranges  0x00000000       0x20 ./src/ITM_write.o
 .debug_ranges  0x00000020       0x98 ./src/adc.o
 .debug_ranges  0x000000b8       0x70 ./src/cr_startup_lpc15xx.o
 .debug_ranges  0x00000128       0x10 ./src/sysinit.o
 .debug_ranges  0x00000138       0xc0 C:\Users\Nick\Documents\LPCXpresso_8.2.2_650\workspace\lpc_board_nxp_lpcxpresso_1549\Debug\liblpc_board_nxp_lpcxpresso_1549.a(board.o)
 .debug_ranges  0x000001f8       0x50 C:\Users\Nick\Documents\LPCXpresso_8.2.2_650\workspace\lpc_board_nxp_lpcxpresso_1549\Debug\liblpc_board_nxp_lpcxpresso_1549.a(board_sysinit.o)
 .debug_ranges  0x00000248       0x90 C:\Users\Nick\Documents\LPCXpresso_8.2.2_650\workspace\lpc_chip_15xx\Debug\liblpc_chip_15xx.a(adc_15xx.o)
 .debug_ranges  0x000002d8       0x40 C:\Users\Nick\Documents\LPCXpresso_8.2.2_650\workspace\lpc_chip_15xx\Debug\liblpc_chip_15xx.a(chip_15xx.o)
 .debug_ranges  0x00000318      0x118 C:\Users\Nick\Documents\LPCXpresso_8.2.2_650\workspace\lpc_chip_15xx\Debug\liblpc_chip_15xx.a(clock_15xx.o)
 .debug_ranges  0x00000430       0x60 C:\Users\Nick\Documents\LPCXpresso_8.2.2_650\workspace\lpc_chip_15xx\Debug\liblpc_chip_15xx.a(gpio_15xx.o)
 .debug_ranges  0x00000490       0x18 C:\Users\Nick\Documents\LPCXpresso_8.2.2_650\workspace\lpc_chip_15xx\Debug\liblpc_chip_15xx.a(iocon_15xx.o)
 .debug_ranges  0x000004a8       0x30 C:\Users\Nick\Documents\LPCXpresso_8.2.2_650\workspace\lpc_chip_15xx\Debug\liblpc_chip_15xx.a(swm_15xx.o)
 .debug_ranges  0x000004d8       0x40 C:\Users\Nick\Documents\LPCXpresso_8.2.2_650\workspace\lpc_chip_15xx\Debug\liblpc_chip_15xx.a(sysctl_15xx.o)
 .debug_ranges  0x00000518       0x48 C:\Users\Nick\Documents\LPCXpresso_8.2.2_650\workspace\lpc_chip_15xx\Debug\liblpc_chip_15xx.a(sysinit_15xx.o)
 .debug_ranges  0x00000560       0xb8 C:\Users\Nick\Documents\LPCXpresso_8.2.2_650\workspace\lpc_chip_15xx\Debug\liblpc_chip_15xx.a(uart_15xx.o)
 .debug_ranges  0x00000618       0x10 c:/nxp/lpcxpresso_8.2.2_650/lpcxpresso/tools/bin/../lib/gcc/arm-none-eabi/5.4.1/../../../../arm-none-eabi/lib/armv7-m\libcr_newlib_nohost.a(_cr_sbrk.o)
 .debug_ranges  0x00000628       0x10 c:/nxp/lpcxpresso_8.2.2_650/lpcxpresso/tools/bin/../lib/gcc/arm-none-eabi/5.4.1/../../../../arm-none-eabi/lib/armv7-m\libcr_newlib_nohost.a(_cr_check_heap.o)

.debug_macro    0x00000000     0x63b6
 .debug_macro   0x00000000      0x2a0 ./src/ITM_write.o
 .debug_macro   0x000002a0      0x892 ./src/ITM_write.o
 .debug_macro   0x00000b32       0x87 ./src/ITM_write.o
 .debug_macro   0x00000bb9       0x22 ./src/ITM_write.o
 .debug_macro   0x00000bdb      0xa7d ./src/ITM_write.o
 .debug_macro   0x00001658      0x3e2 ./src/adc.o
 .debug_macro   0x00001a3a       0x34 ./src/adc.o
 .debug_macro   0x00001a6e       0x52 ./src/adc.o
 .debug_macro   0x00001ac0       0x35 ./src/adc.o
 .debug_macro   0x00001af5       0x9c ./src/adc.o
 .debug_macro   0x00001b91       0x16 ./src/adc.o
 .debug_macro   0x00001ba7       0x97 ./src/adc.o
 .debug_macro   0x00001c3e      0x330 ./src/adc.o
 .debug_macro   0x00001f6e       0xf6 ./src/adc.o
 .debug_macro   0x00002064       0x10 ./src/adc.o
 .debug_macro   0x00002074       0x52 ./src/adc.o
 .debug_macro   0x000020c6       0x1f ./src/adc.o
 .debug_macro   0x000020e5       0x43 ./src/adc.o
 .debug_macro   0x00002128       0x20 ./src/adc.o
 .debug_macro   0x00002148      0x187 ./src/adc.o
 .debug_macro   0x000022cf       0x10 ./src/adc.o
 .debug_macro   0x000022df       0x1c ./src/adc.o
 .debug_macro   0x000022fb       0x52 ./src/adc.o
 .debug_macro   0x0000234d       0x40 ./src/adc.o
 .debug_macro   0x0000238d       0x10 ./src/adc.o
 .debug_macro   0x0000239d       0x40 ./src/adc.o
 .debug_macro   0x000023dd       0xd7 ./src/adc.o
 .debug_macro   0x000024b4       0x16 ./src/adc.o
 .debug_macro   0x000024ca      0x189 ./src/adc.o
 .debug_macro   0x00002653       0x20 ./src/adc.o
 .debug_macro   0x00002673       0x82 ./src/adc.o
 .debug_macro   0x000026f5       0x23 ./src/cr_startup_lpc15xx.o
 .debug_macro   0x00002718      0x3bf ./src/sysinit.o
 .debug_macro   0x00002ad7       0x9c ./src/sysinit.o
 .debug_macro   0x00002b73       0x97 ./src/sysinit.o
 .debug_macro   0x00002c0a      0x30d ./src/sysinit.o
 .debug_macro   0x00002f17       0xfd ./src/sysinit.o
 .debug_macro   0x00003014       0x43 ./src/sysinit.o
 .debug_macro   0x00003057      0x284 C:\Users\Nick\Documents\LPCXpresso_8.2.2_650\workspace\lpc_board_nxp_lpcxpresso_1549\Debug\liblpc_board_nxp_lpcxpresso_1549.a(board.o)
 .debug_macro   0x000032db      0x886 C:\Users\Nick\Documents\LPCXpresso_8.2.2_650\workspace\lpc_board_nxp_lpcxpresso_1549\Debug\liblpc_board_nxp_lpcxpresso_1549.a(board.o)
 .debug_macro   0x00003b61       0x10 C:\Users\Nick\Documents\LPCXpresso_8.2.2_650\workspace\lpc_board_nxp_lpcxpresso_1549\Debug\liblpc_board_nxp_lpcxpresso_1549.a(board.o)
 .debug_macro   0x00003b71      0x12d C:\Users\Nick\Documents\LPCXpresso_8.2.2_650\workspace\lpc_board_nxp_lpcxpresso_1549\Debug\liblpc_board_nxp_lpcxpresso_1549.a(board.o)
 .debug_macro   0x00003c9e      0x5b2 C:\Users\Nick\Documents\LPCXpresso_8.2.2_650\workspace\lpc_board_nxp_lpcxpresso_1549\Debug\liblpc_board_nxp_lpcxpresso_1549.a(board.o)
 .debug_macro   0x00004250       0x22 C:\Users\Nick\Documents\LPCXpresso_8.2.2_650\workspace\lpc_board_nxp_lpcxpresso_1549\Debug\liblpc_board_nxp_lpcxpresso_1549.a(board.o)
 .debug_macro   0x00004272       0x9a C:\Users\Nick\Documents\LPCXpresso_8.2.2_650\workspace\lpc_board_nxp_lpcxpresso_1549\Debug\liblpc_board_nxp_lpcxpresso_1549.a(board.o)
 .debug_macro   0x0000430c       0x12 C:\Users\Nick\Documents\LPCXpresso_8.2.2_650\workspace\lpc_board_nxp_lpcxpresso_1549\Debug\liblpc_board_nxp_lpcxpresso_1549.a(board.o)
 .debug_macro   0x0000431e      0x288 C:\Users\Nick\Documents\LPCXpresso_8.2.2_650\workspace\lpc_board_nxp_lpcxpresso_1549\Debug\liblpc_board_nxp_lpcxpresso_1549.a(board_sysinit.o)
 .debug_macro   0x000045a6      0x260 C:\Users\Nick\Documents\LPCXpresso_8.2.2_650\workspace\lpc_chip_15xx\Debug\liblpc_chip_15xx.a(adc_15xx.o)
 .debug_macro   0x00004806      0x88c C:\Users\Nick\Documents\LPCXpresso_8.2.2_650\workspace\lpc_chip_15xx\Debug\liblpc_chip_15xx.a(adc_15xx.o)
 .debug_macro   0x00005092      0x260 C:\Users\Nick\Documents\LPCXpresso_8.2.2_650\workspace\lpc_chip_15xx\Debug\liblpc_chip_15xx.a(chip_15xx.o)
 .debug_macro   0x000052f2      0x260 C:\Users\Nick\Documents\LPCXpresso_8.2.2_650\workspace\lpc_chip_15xx\Debug\liblpc_chip_15xx.a(clock_15xx.o)
 .debug_macro   0x00005552      0x260 C:\Users\Nick\Documents\LPCXpresso_8.2.2_650\workspace\lpc_chip_15xx\Debug\liblpc_chip_15xx.a(gpio_15xx.o)
 .debug_macro   0x000057b2      0x260 C:\Users\Nick\Documents\LPCXpresso_8.2.2_650\workspace\lpc_chip_15xx\Debug\liblpc_chip_15xx.a(iocon_15xx.o)
 .debug_macro   0x00005a12      0x26c C:\Users\Nick\Documents\LPCXpresso_8.2.2_650\workspace\lpc_chip_15xx\Debug\liblpc_chip_15xx.a(swm_15xx.o)
 .debug_macro   0x00005c7e      0x278 C:\Users\Nick\Documents\LPCXpresso_8.2.2_650\workspace\lpc_chip_15xx\Debug\liblpc_chip_15xx.a(sysctl_15xx.o)
 .debug_macro   0x00005ef6      0x260 C:\Users\Nick\Documents\LPCXpresso_8.2.2_650\workspace\lpc_chip_15xx\Debug\liblpc_chip_15xx.a(sysinit_15xx.o)
 .debug_macro   0x00006156      0x260 C:\Users\Nick\Documents\LPCXpresso_8.2.2_650\workspace\lpc_chip_15xx\Debug\liblpc_chip_15xx.a(uart_15xx.o)

.debug_line     0x00000000     0x5a1c
 .debug_line    0x00000000      0x552 ./src/ITM_write.o
 .debug_line    0x00000552      0x94b ./src/adc.o
 .debug_line    0x00000e9d       0xd5 ./src/cr_startup_lpc15xx.o
 .debug_line    0x00000f72      0x67b ./src/sysinit.o
 .debug_line    0x000015ed      0x6d8 C:\Users\Nick\Documents\LPCXpresso_8.2.2_650\workspace\lpc_board_nxp_lpcxpresso_1549\Debug\liblpc_board_nxp_lpcxpresso_1549.a(board.o)
 .debug_line    0x00001cc5      0x59a C:\Users\Nick\Documents\LPCXpresso_8.2.2_650\workspace\lpc_board_nxp_lpcxpresso_1549\Debug\liblpc_board_nxp_lpcxpresso_1549.a(board_sysinit.o)
 .debug_line    0x0000225f      0x65f C:\Users\Nick\Documents\LPCXpresso_8.2.2_650\workspace\lpc_chip_15xx\Debug\liblpc_chip_15xx.a(adc_15xx.o)
 .debug_line    0x000028be      0x589 C:\Users\Nick\Documents\LPCXpresso_8.2.2_650\workspace\lpc_chip_15xx\Debug\liblpc_chip_15xx.a(chip_15xx.o)
 .debug_line    0x00002e47      0x7dd C:\Users\Nick\Documents\LPCXpresso_8.2.2_650\workspace\lpc_chip_15xx\Debug\liblpc_chip_15xx.a(clock_15xx.o)
 .debug_line    0x00003624      0x5e1 C:\Users\Nick\Documents\LPCXpresso_8.2.2_650\workspace\lpc_chip_15xx\Debug\liblpc_chip_15xx.a(gpio_15xx.o)
 .debug_line    0x00003c05      0x529 C:\Users\Nick\Documents\LPCXpresso_8.2.2_650\workspace\lpc_chip_15xx\Debug\liblpc_chip_15xx.a(iocon_15xx.o)
 .debug_line    0x0000412e      0x554 C:\Users\Nick\Documents\LPCXpresso_8.2.2_650\workspace\lpc_chip_15xx\Debug\liblpc_chip_15xx.a(swm_15xx.o)
 .debug_line    0x00004682      0x58b C:\Users\Nick\Documents\LPCXpresso_8.2.2_650\workspace\lpc_chip_15xx\Debug\liblpc_chip_15xx.a(sysctl_15xx.o)
 .debug_line    0x00004c0d      0x5be C:\Users\Nick\Documents\LPCXpresso_8.2.2_650\workspace\lpc_chip_15xx\Debug\liblpc_chip_15xx.a(sysinit_15xx.o)
 .debug_line    0x000051cb      0x703 C:\Users\Nick\Documents\LPCXpresso_8.2.2_650\workspace\lpc_chip_15xx\Debug\liblpc_chip_15xx.a(uart_15xx.o)
 .debug_line    0x000058ce      0x101 c:/nxp/lpcxpresso_8.2.2_650/lpcxpresso/tools/bin/../lib/gcc/arm-none-eabi/5.4.1/../../../../arm-none-eabi/lib/armv7-m\libcr_newlib_nohost.a(_cr_sbrk.o)
 .debug_line    0x000059cf       0x4d c:/nxp/lpcxpresso_8.2.2_650/lpcxpresso/tools/bin/../lib/gcc/arm-none-eabi/5.4.1/../../../../arm-none-eabi/lib/armv7-m\libcr_newlib_nohost.a(_cr_check_heap.o)

.debug_str      0x00000000    0x18b73
 .debug_str     0x00000000     0xef1f ./src/ITM_write.o
                               0xf0b5 (size before relaxing)
 .debug_str     0x0000ef1f     0x6327 ./src/adc.o
                              0x15102 (size before relaxing)
 .debug_str     0x00015246      0x1f9 ./src/cr_startup_lpc15xx.o
                               0x275c (size before relaxing)
 .debug_str     0x0001543f       0xe8 ./src/sysinit.o
                              0x125fd (size before relaxing)
 .debug_str     0x00015527     0x1c97 C:\Users\Nick\Documents\LPCXpresso_8.2.2_650\workspace\lpc_board_nxp_lpcxpresso_1549\Debug\liblpc_board_nxp_lpcxpresso_1549.a(board.o)
                               0xff6c (size before relaxing)
 .debug_str     0x000171be      0x7d4 C:\Users\Nick\Documents\LPCXpresso_8.2.2_650\workspace\lpc_board_nxp_lpcxpresso_1549\Debug\liblpc_board_nxp_lpcxpresso_1549.a(board_sysinit.o)
                              0x1055e (size before relaxing)
 .debug_str     0x00017992      0x24c C:\Users\Nick\Documents\LPCXpresso_8.2.2_650\workspace\lpc_chip_15xx\Debug\liblpc_chip_15xx.a(adc_15xx.o)
                               0xf040 (size before relaxing)
 .debug_str     0x00017bde       0x7c C:\Users\Nick\Documents\LPCXpresso_8.2.2_650\workspace\lpc_chip_15xx\Debug\liblpc_chip_15xx.a(chip_15xx.o)
                               0xf432 (size before relaxing)
 .debug_str     0x00017c5a      0x64e C:\Users\Nick\Documents\LPCXpresso_8.2.2_650\workspace\lpc_chip_15xx\Debug\liblpc_chip_15xx.a(clock_15xx.o)
                               0xf83d (size before relaxing)
 .debug_str     0x000182a8       0xdf C:\Users\Nick\Documents\LPCXpresso_8.2.2_650\workspace\lpc_chip_15xx\Debug\liblpc_chip_15xx.a(gpio_15xx.o)
                               0xeedf (size before relaxing)
 .debug_str     0x00018387       0x41 C:\Users\Nick\Documents\LPCXpresso_8.2.2_650\workspace\lpc_chip_15xx\Debug\liblpc_chip_15xx.a(iocon_15xx.o)
                               0xe9fc (size before relaxing)
 .debug_str     0x000183c8      0x139 C:\Users\Nick\Documents\LPCXpresso_8.2.2_650\workspace\lpc_chip_15xx\Debug\liblpc_chip_15xx.a(swm_15xx.o)
                               0xf404 (size before relaxing)
 .debug_str     0x00018501      0x183 C:\Users\Nick\Documents\LPCXpresso_8.2.2_650\workspace\lpc_chip_15xx\Debug\liblpc_chip_15xx.a(sysctl_15xx.o)
                               0xeeea (size before relaxing)
 .debug_str     0x00018684      0x13f C:\Users\Nick\Documents\LPCXpresso_8.2.2_650\workspace\lpc_chip_15xx\Debug\liblpc_chip_15xx.a(sysinit_15xx.o)
                               0xeed8 (size before relaxing)
 .debug_str     0x000187c3      0x207 C:\Users\Nick\Documents\LPCXpresso_8.2.2_650\workspace\lpc_chip_15xx\Debug\liblpc_chip_15xx.a(uart_15xx.o)
                               0xf03b (size before relaxing)
 .debug_str     0x000189ca      0x184 c:/nxp/lpcxpresso_8.2.2_650/lpcxpresso/tools/bin/../lib/gcc/arm-none-eabi/5.4.1/../../../../arm-none-eabi/lib/armv7-m\libcr_newlib_nohost.a(_cr_sbrk.o)
                                0x229 (size before relaxing)
 .debug_str     0x00018b4e       0x25 c:/nxp/lpcxpresso_8.2.2_650/lpcxpresso/tools/bin/../lib/gcc/arm-none-eabi/5.4.1/../../../../arm-none-eabi/lib/armv7-m\libcr_newlib_nohost.a(_cr_check_heap.o)
                                0x16b (size before relaxing)

.comment        0x00000000       0xdc
 .comment       0x00000000       0x6e ./src/ITM_write.o
                                 0x6f (size before relaxing)
 .comment       0x0000006e       0x6f ./src/adc.o
 .comment       0x0000006e       0x6f ./src/cr_startup_lpc15xx.o
 .comment       0x0000006e       0x6f ./src/sysinit.o
 .comment       0x0000006e       0x6f C:\Users\Nick\Documents\LPCXpresso_8.2.2_650\workspace\lpc_board_nxp_lpcxpresso_1549\Debug\liblpc_board_nxp_lpcxpresso_1549.a(board.o)
 .comment       0x0000006e       0x6f C:\Users\Nick\Documents\LPCXpresso_8.2.2_650\workspace\lpc_board_nxp_lpcxpresso_1549\Debug\liblpc_board_nxp_lpcxpresso_1549.a(board_sysinit.o)
 .comment       0x0000006e       0x6f C:\Users\Nick\Documents\LPCXpresso_8.2.2_650\workspace\lpc_chip_15xx\Debug\liblpc_chip_15xx.a(adc_15xx.o)
 .comment       0x0000006e       0x6f C:\Users\Nick\Documents\LPCXpresso_8.2.2_650\workspace\lpc_chip_15xx\Debug\liblpc_chip_15xx.a(chip_15xx.o)
 .comment       0x0000006e       0x6f C:\Users\Nick\Documents\LPCXpresso_8.2.2_650\workspace\lpc_chip_15xx\Debug\liblpc_chip_15xx.a(clock_15xx.o)
 .comment       0x0000006e       0x6f C:\Users\Nick\Documents\LPCXpresso_8.2.2_650\workspace\lpc_chip_15xx\Debug\liblpc_chip_15xx.a(gpio_15xx.o)
 .comment       0x0000006e       0x6f C:\Users\Nick\Documents\LPCXpresso_8.2.2_650\workspace\lpc_chip_15xx\Debug\liblpc_chip_15xx.a(iocon_15xx.o)
 .comment       0x0000006e       0x6f C:\Users\Nick\Documents\LPCXpresso_8.2.2_650\workspace\lpc_chip_15xx\Debug\liblpc_chip_15xx.a(swm_15xx.o)
 .comment       0x0000006e       0x6f C:\Users\Nick\Documents\LPCXpresso_8.2.2_650\workspace\lpc_chip_15xx\Debug\liblpc_chip_15xx.a(sysctl_15xx.o)
 .comment       0x0000006e       0x6f C:\Users\Nick\Documents\LPCXpresso_8.2.2_650\workspace\lpc_chip_15xx\Debug\liblpc_chip_15xx.a(sysinit_15xx.o)
 .comment       0x0000006e       0x6f C:\Users\Nick\Documents\LPCXpresso_8.2.2_650\workspace\lpc_chip_15xx\Debug\liblpc_chip_15xx.a(uart_15xx.o)
 .comment       0x0000006e       0x6e c:/nxp/lpcxpresso_8.2.2_650/lpcxpresso/tools/bin/../lib/gcc/arm-none-eabi/5.4.1/../../../../arm-none-eabi/lib/armv7-m\libcr_newlib_nohost.a(_cr_sbrk.o)
                                 0x6f (size before relaxing)
 .comment       0x000000dc       0x6f c:/nxp/lpcxpresso_8.2.2_650/lpcxpresso/tools/bin/../lib/gcc/arm-none-eabi/5.4.1/../../../../arm-none-eabi/lib/armv7-m\libcr_newlib_nohost.a(_cr_check_heap.o)

.ARM.attributes
                0x00000000       0x31
 .ARM.attributes
                0x00000000       0x33 ./src/ITM_write.o
 .ARM.attributes
                0x00000033       0x33 ./src/adc.o
 .ARM.attributes
                0x00000066       0x33 ./src/cr_startup_lpc15xx.o
 .ARM.attributes
                0x00000099       0x33 ./src/sysinit.o
 .ARM.attributes
                0x000000cc       0x33 C:\Users\Nick\Documents\LPCXpresso_8.2.2_650\workspace\lpc_board_nxp_lpcxpresso_1549\Debug\liblpc_board_nxp_lpcxpresso_1549.a(board.o)
 .ARM.attributes
                0x000000ff       0x33 C:\Users\Nick\Documents\LPCXpresso_8.2.2_650\workspace\lpc_board_nxp_lpcxpresso_1549\Debug\liblpc_board_nxp_lpcxpresso_1549.a(board_sysinit.o)
 .ARM.attributes
                0x00000132       0x33 C:\Users\Nick\Documents\LPCXpresso_8.2.2_650\workspace\lpc_chip_15xx\Debug\liblpc_chip_15xx.a(adc_15xx.o)
 .ARM.attributes
                0x00000165       0x33 C:\Users\Nick\Documents\LPCXpresso_8.2.2_650\workspace\lpc_chip_15xx\Debug\liblpc_chip_15xx.a(chip_15xx.o)
 .ARM.attributes
                0x00000198       0x33 C:\Users\Nick\Documents\LPCXpresso_8.2.2_650\workspace\lpc_chip_15xx\Debug\liblpc_chip_15xx.a(clock_15xx.o)
 .ARM.attributes
                0x000001cb       0x33 C:\Users\Nick\Documents\LPCXpresso_8.2.2_650\workspace\lpc_chip_15xx\Debug\liblpc_chip_15xx.a(gpio_15xx.o)
 .ARM.attributes
                0x000001fe       0x33 C:\Users\Nick\Documents\LPCXpresso_8.2.2_650\workspace\lpc_chip_15xx\Debug\liblpc_chip_15xx.a(iocon_15xx.o)
 .ARM.attributes
                0x00000231       0x33 C:\Users\Nick\Documents\LPCXpresso_8.2.2_650\workspace\lpc_chip_15xx\Debug\liblpc_chip_15xx.a(swm_15xx.o)
 .ARM.attributes
                0x00000264       0x33 C:\Users\Nick\Documents\LPCXpresso_8.2.2_650\workspace\lpc_chip_15xx\Debug\liblpc_chip_15xx.a(sysctl_15xx.o)
 .ARM.attributes
                0x00000297       0x33 C:\Users\Nick\Documents\LPCXpresso_8.2.2_650\workspace\lpc_chip_15xx\Debug\liblpc_chip_15xx.a(sysinit_15xx.o)
 .ARM.attributes
                0x000002ca       0x33 C:\Users\Nick\Documents\LPCXpresso_8.2.2_650\workspace\lpc_chip_15xx\Debug\liblpc_chip_15xx.a(uart_15xx.o)
 .ARM.attributes
                0x000002fd       0x1d c:/nxp/lpcxpresso_8.2.2_650/lpcxpresso/tools/bin/../lib/gcc/arm-none-eabi/5.4.1/armv7-m\libgcc.a(_aeabi_uldivmod.o)
 .ARM.attributes
                0x0000031a       0x2d c:/nxp/lpcxpresso_8.2.2_650/lpcxpresso/tools/bin/../lib/gcc/arm-none-eabi/5.4.1/armv7-m\libgcc.a(_udivmoddi4.o)
 .ARM.attributes
                0x00000347       0x1d c:/nxp/lpcxpresso_8.2.2_650/lpcxpresso/tools/bin/../lib/gcc/arm-none-eabi/5.4.1/armv7-m\libgcc.a(_dvmd_tls.o)
 .ARM.attributes
                0x00000364       0x2d c:/nxp/lpcxpresso_8.2.2_650/lpcxpresso/tools/bin/../lib/gcc/arm-none-eabi/5.4.1/../../../../arm-none-eabi/lib/armv7-m\libc.a(lib_a-init.o)
 .ARM.attributes
                0x00000391       0x2d c:/nxp/lpcxpresso_8.2.2_650/lpcxpresso/tools/bin/../lib/gcc/arm-none-eabi/5.4.1/../../../../arm-none-eabi/lib/armv7-m\libc.a(lib_a-mallocr.o)
 .ARM.attributes
                0x000003be       0x1b c:/nxp/lpcxpresso_8.2.2_650/lpcxpresso/tools/bin/../lib/gcc/arm-none-eabi/5.4.1/../../../../arm-none-eabi/lib/armv7-m\libc.a(lib_a-memcpy.o)
 .ARM.attributes
                0x000003d9       0x2d c:/nxp/lpcxpresso_8.2.2_650/lpcxpresso/tools/bin/../lib/gcc/arm-none-eabi/5.4.1/../../../../arm-none-eabi/lib/armv7-m\libc.a(lib_a-mlock.o)
 .ARM.attributes
                0x00000406       0x2d c:/nxp/lpcxpresso_8.2.2_650/lpcxpresso/tools/bin/../lib/gcc/arm-none-eabi/5.4.1/../../../../arm-none-eabi/lib/armv7-m\libc.a(lib_a-sbrkr.o)
 .ARM.attributes
                0x00000433       0x2d c:/nxp/lpcxpresso_8.2.2_650/lpcxpresso/tools/bin/../lib/gcc/arm-none-eabi/5.4.1/../../../../arm-none-eabi/lib/armv7-m\libc.a(lib_a-sprintf.o)
 .ARM.attributes
                0x00000460       0x2d c:/nxp/lpcxpresso_8.2.2_650/lpcxpresso/tools/bin/../lib/gcc/arm-none-eabi/5.4.1/../../../../arm-none-eabi/lib/armv7-m\libc.a(lib_a-svfprintf.o)
 .ARM.attributes
                0x0000048d       0x2d c:/nxp/lpcxpresso_8.2.2_650/lpcxpresso/tools/bin/../lib/gcc/arm-none-eabi/5.4.1/../../../../arm-none-eabi/lib/armv7-m\libc.a(lib_a-dtoa.o)
 .ARM.attributes
                0x000004ba       0x2d c:/nxp/lpcxpresso_8.2.2_650/lpcxpresso/tools/bin/../lib/gcc/arm-none-eabi/5.4.1/../../../../arm-none-eabi/lib/armv7-m\libc.a(lib_a-freer.o)
 .ARM.attributes
                0x000004e7       0x2d c:/nxp/lpcxpresso_8.2.2_650/lpcxpresso/tools/bin/../lib/gcc/arm-none-eabi/5.4.1/../../../../arm-none-eabi/lib/armv7-m\libc.a(lib_a-impure.o)
 .ARM.attributes
                0x00000514       0x2d c:/nxp/lpcxpresso_8.2.2_650/lpcxpresso/tools/bin/../lib/gcc/arm-none-eabi/5.4.1/../../../../arm-none-eabi/lib/armv7-m\libc.a(lib_a-locale.o)
 .ARM.attributes
                0x00000541       0x2d c:/nxp/lpcxpresso_8.2.2_650/lpcxpresso/tools/bin/../lib/gcc/arm-none-eabi/5.4.1/../../../../arm-none-eabi/lib/armv7-m\libc.a(lib_a-memchr-stub.o)
 .ARM.attributes
                0x0000056e       0x2d c:/nxp/lpcxpresso_8.2.2_650/lpcxpresso/tools/bin/../lib/gcc/arm-none-eabi/5.4.1/../../../../arm-none-eabi/lib/armv7-m\libc.a(lib_a-mprec.o)
 .ARM.attributes
                0x0000059b       0x2d c:/nxp/lpcxpresso_8.2.2_650/lpcxpresso/tools/bin/../lib/gcc/arm-none-eabi/5.4.1/../../../../arm-none-eabi/lib/armv7-m\libc.a(lib_a-reent.o)
 .ARM.attributes
                0x000005c8       0x2d c:/nxp/lpcxpresso_8.2.2_650/lpcxpresso/tools/bin/../lib/gcc/arm-none-eabi/5.4.1/../../../../arm-none-eabi/lib/armv7-m\libc.a(lib_a-strlen-stub.o)
 .ARM.attributes
                0x000005f5       0x2d c:/nxp/lpcxpresso_8.2.2_650/lpcxpresso/tools/bin/../lib/gcc/arm-none-eabi/5.4.1/../../../../arm-none-eabi/lib/armv7-m\libc.a(lib_a-svfiprintf.o)
 .ARM.attributes
                0x00000622       0x2d c:/nxp/lpcxpresso_8.2.2_650/lpcxpresso/tools/bin/../lib/gcc/arm-none-eabi/5.4.1/../../../../arm-none-eabi/lib/armv7-m\libc.a(lib_a-callocr.o)
 .ARM.attributes
                0x0000064f       0x2d c:/nxp/lpcxpresso_8.2.2_650/lpcxpresso/tools/bin/../lib/gcc/arm-none-eabi/5.4.1/../../../../arm-none-eabi/lib/armv7-m\libc.a(lib_a-memmove.o)
 .ARM.attributes
                0x0000067c       0x2d c:/nxp/lpcxpresso_8.2.2_650/lpcxpresso/tools/bin/../lib/gcc/arm-none-eabi/5.4.1/../../../../arm-none-eabi/lib/armv7-m\libc.a(lib_a-memset.o)
 .ARM.attributes
                0x000006a9       0x2d c:/nxp/lpcxpresso_8.2.2_650/lpcxpresso/tools/bin/../lib/gcc/arm-none-eabi/5.4.1/../../../../arm-none-eabi/lib/armv7-m\libc.a(lib_a-reallocr.o)
 .ARM.attributes
                0x000006d6       0x33 c:/nxp/lpcxpresso_8.2.2_650/lpcxpresso/tools/bin/../lib/gcc/arm-none-eabi/5.4.1/../../../../arm-none-eabi/lib/armv7-m\libcr_newlib_nohost.a(_cr_sbrk.o)
 .ARM.attributes
                0x00000709       0x33 c:/nxp/lpcxpresso_8.2.2_650/lpcxpresso/tools/bin/../lib/gcc/arm-none-eabi/5.4.1/../../../../arm-none-eabi/lib/armv7-m\libcr_newlib_nohost.a(_cr_check_heap.o)
 .ARM.attributes
                0x0000073c       0x1d c:/nxp/lpcxpresso_8.2.2_650/lpcxpresso/tools/bin/../lib/gcc/arm-none-eabi/5.4.1/armv7-m\crti.o
 .ARM.attributes
                0x00000759       0x1d c:/nxp/lpcxpresso_8.2.2_650/lpcxpresso/tools/bin/../lib/gcc/arm-none-eabi/5.4.1/armv7-m\crtn.o
 .ARM.attributes
                0x00000776       0x2d c:/nxp/lpcxpresso_8.2.2_650/lpcxpresso/tools/bin/../lib/gcc/arm-none-eabi/5.4.1/armv7-m\crtbegin.o
 .ARM.attributes
                0x000007a3       0x1d c:/nxp/lpcxpresso_8.2.2_650/lpcxpresso/tools/bin/../lib/gcc/arm-none-eabi/5.4.1/armv7-m\libgcc.a(_arm_addsubdf3.o)
 .ARM.attributes
                0x000007c0       0x1d c:/nxp/lpcxpresso_8.2.2_650/lpcxpresso/tools/bin/../lib/gcc/arm-none-eabi/5.4.1/armv7-m\libgcc.a(_arm_muldivdf3.o)
 .ARM.attributes
                0x000007dd       0x1d c:/nxp/lpcxpresso_8.2.2_650/lpcxpresso/tools/bin/../lib/gcc/arm-none-eabi/5.4.1/armv7-m\libgcc.a(_arm_cmpdf2.o)
 .ARM.attributes
                0x000007fa       0x1d c:/nxp/lpcxpresso_8.2.2_650/lpcxpresso/tools/bin/../lib/gcc/arm-none-eabi/5.4.1/armv7-m\libgcc.a(_arm_unorddf2.o)
 .ARM.attributes
                0x00000817       0x1d c:/nxp/lpcxpresso_8.2.2_650/lpcxpresso/tools/bin/../lib/gcc/arm-none-eabi/5.4.1/armv7-m\libgcc.a(_arm_fixdfsi.o)
 .ARM.attributes
                0x00000834       0x2d c:/nxp/lpcxpresso_8.2.2_650/lpcxpresso/tools/bin/../lib/gcc/arm-none-eabi/5.4.1/../../../../arm-none-eabi/lib/armv7-m\libc.a(lib_a-errno.o)

.debug_frame    0x00000000     0x22b0
 .debug_frame   0x00000000       0x78 ./src/ITM_write.o
 .debug_frame   0x00000078      0x2bc ./src/adc.o
 .debug_frame   0x00000334      0x170 ./src/cr_startup_lpc15xx.o
 .debug_frame   0x000004a4       0x2c ./src/sysinit.o
 .debug_frame   0x000004d0      0x360 C:\Users\Nick\Documents\LPCXpresso_8.2.2_650\workspace\lpc_board_nxp_lpcxpresso_1549\Debug\liblpc_board_nxp_lpcxpresso_1549.a(board.o)
 .debug_frame   0x00000830      0x14c C:\Users\Nick\Documents\LPCXpresso_8.2.2_650\workspace\lpc_board_nxp_lpcxpresso_1549\Debug\liblpc_board_nxp_lpcxpresso_1549.a(board_sysinit.o)
 .debug_frame   0x0000097c      0x290 C:\Users\Nick\Documents\LPCXpresso_8.2.2_650\workspace\lpc_chip_15xx\Debug\liblpc_chip_15xx.a(adc_15xx.o)
 .debug_frame   0x00000c0c      0x104 C:\Users\Nick\Documents\LPCXpresso_8.2.2_650\workspace\lpc_chip_15xx\Debug\liblpc_chip_15xx.a(chip_15xx.o)
 .debug_frame   0x00000d10      0x4b0 C:\Users\Nick\Documents\LPCXpresso_8.2.2_650\workspace\lpc_chip_15xx\Debug\liblpc_chip_15xx.a(clock_15xx.o)
 .debug_frame   0x000011c0      0x1b4 C:\Users\Nick\Documents\LPCXpresso_8.2.2_650\workspace\lpc_chip_15xx\Debug\liblpc_chip_15xx.a(gpio_15xx.o)
 .debug_frame   0x00001374       0x5c C:\Users\Nick\Documents\LPCXpresso_8.2.2_650\workspace\lpc_chip_15xx\Debug\liblpc_chip_15xx.a(iocon_15xx.o)
 .debug_frame   0x000013d0       0xd4 C:\Users\Nick\Documents\LPCXpresso_8.2.2_650\workspace\lpc_chip_15xx\Debug\liblpc_chip_15xx.a(swm_15xx.o)
 .debug_frame   0x000014a4      0x124 C:\Users\Nick\Documents\LPCXpresso_8.2.2_650\workspace\lpc_chip_15xx\Debug\liblpc_chip_15xx.a(sysctl_15xx.o)
 .debug_frame   0x000015c8      0x134 C:\Users\Nick\Documents\LPCXpresso_8.2.2_650\workspace\lpc_chip_15xx\Debug\liblpc_chip_15xx.a(sysinit_15xx.o)
 .debug_frame   0x000016fc      0x340 C:\Users\Nick\Documents\LPCXpresso_8.2.2_650\workspace\lpc_chip_15xx\Debug\liblpc_chip_15xx.a(uart_15xx.o)
 .debug_frame   0x00001a3c       0x2c c:/nxp/lpcxpresso_8.2.2_650/lpcxpresso/tools/bin/../lib/gcc/arm-none-eabi/5.4.1/armv7-m\libgcc.a(_aeabi_uldivmod.o)
 .debug_frame   0x00001a68       0x38 c:/nxp/lpcxpresso_8.2.2_650/lpcxpresso/tools/bin/../lib/gcc/arm-none-eabi/5.4.1/armv7-m\libgcc.a(_udivmoddi4.o)
 .debug_frame   0x00001aa0       0x2c c:/nxp/lpcxpresso_8.2.2_650/lpcxpresso/tools/bin/../lib/gcc/arm-none-eabi/5.4.1/../../../../arm-none-eabi/lib/armv7-m\libc.a(lib_a-init.o)
 .debug_frame   0x00001acc       0x54 c:/nxp/lpcxpresso_8.2.2_650/lpcxpresso/tools/bin/../lib/gcc/arm-none-eabi/5.4.1/../../../../arm-none-eabi/lib/armv7-m\libc.a(lib_a-mallocr.o)
 .debug_frame   0x00001b20       0x30 c:/nxp/lpcxpresso_8.2.2_650/lpcxpresso/tools/bin/../lib/gcc/arm-none-eabi/5.4.1/../../../../arm-none-eabi/lib/armv7-m\libc.a(lib_a-mlock.o)
 .debug_frame   0x00001b50       0x2c c:/nxp/lpcxpresso_8.2.2_650/lpcxpresso/tools/bin/../lib/gcc/arm-none-eabi/5.4.1/../../../../arm-none-eabi/lib/armv7-m\libc.a(lib_a-sbrkr.o)
 .debug_frame   0x00001b7c       0x84 c:/nxp/lpcxpresso_8.2.2_650/lpcxpresso/tools/bin/../lib/gcc/arm-none-eabi/5.4.1/../../../../arm-none-eabi/lib/armv7-m\libc.a(lib_a-sprintf.o)
 .debug_frame   0x00001c00       0x44 c:/nxp/lpcxpresso_8.2.2_650/lpcxpresso/tools/bin/../lib/gcc/arm-none-eabi/5.4.1/../../../../arm-none-eabi/lib/armv7-m\libc.a(lib_a-svfprintf.o)
 .debug_frame   0x00001c44       0x84 c:/nxp/lpcxpresso_8.2.2_650/lpcxpresso/tools/bin/../lib/gcc/arm-none-eabi/5.4.1/../../../../arm-none-eabi/lib/armv7-m\libc.a(lib_a-dtoa.o)
 .debug_frame   0x00001cc8       0x74 c:/nxp/lpcxpresso_8.2.2_650/lpcxpresso/tools/bin/../lib/gcc/arm-none-eabi/5.4.1/../../../../arm-none-eabi/lib/armv7-m\libc.a(lib_a-freer.o)
 .debug_frame   0x00001d3c       0x9c c:/nxp/lpcxpresso_8.2.2_650/lpcxpresso/tools/bin/../lib/gcc/arm-none-eabi/5.4.1/../../../../arm-none-eabi/lib/armv7-m\libc.a(lib_a-locale.o)
 .debug_frame   0x00001dd8       0x34 c:/nxp/lpcxpresso_8.2.2_650/lpcxpresso/tools/bin/../lib/gcc/arm-none-eabi/5.4.1/../../../../arm-none-eabi/lib/armv7-m\libc.a(lib_a-memchr-stub.o)
 .debug_frame   0x00001e0c      0x264 c:/nxp/lpcxpresso_8.2.2_650/lpcxpresso/tools/bin/../lib/gcc/arm-none-eabi/5.4.1/../../../../arm-none-eabi/lib/armv7-m\libc.a(lib_a-mprec.o)
 .debug_frame   0x00002070       0x58 c:/nxp/lpcxpresso_8.2.2_650/lpcxpresso/tools/bin/../lib/gcc/arm-none-eabi/5.4.1/../../../../arm-none-eabi/lib/armv7-m\libc.a(lib_a-reent.o)
 .debug_frame   0x000020c8       0x20 c:/nxp/lpcxpresso_8.2.2_650/lpcxpresso/tools/bin/../lib/gcc/arm-none-eabi/5.4.1/../../../../arm-none-eabi/lib/armv7-m\libc.a(lib_a-strlen-stub.o)
 .debug_frame   0x000020e8       0x78 c:/nxp/lpcxpresso_8.2.2_650/lpcxpresso/tools/bin/../lib/gcc/arm-none-eabi/5.4.1/../../../../arm-none-eabi/lib/armv7-m\libc.a(lib_a-svfiprintf.o)
 .debug_frame   0x00002160       0x28 c:/nxp/lpcxpresso_8.2.2_650/lpcxpresso/tools/bin/../lib/gcc/arm-none-eabi/5.4.1/../../../../arm-none-eabi/lib/armv7-m\libc.a(lib_a-callocr.o)
 .debug_frame   0x00002188       0x30 c:/nxp/lpcxpresso_8.2.2_650/lpcxpresso/tools/bin/../lib/gcc/arm-none-eabi/5.4.1/../../../../arm-none-eabi/lib/armv7-m\libc.a(lib_a-memmove.o)
 .debug_frame   0x000021b8       0x34 c:/nxp/lpcxpresso_8.2.2_650/lpcxpresso/tools/bin/../lib/gcc/arm-none-eabi/5.4.1/../../../../arm-none-eabi/lib/armv7-m\libc.a(lib_a-memset.o)
 .debug_frame   0x000021ec       0x58 c:/nxp/lpcxpresso_8.2.2_650/lpcxpresso/tools/bin/../lib/gcc/arm-none-eabi/5.4.1/../../../../arm-none-eabi/lib/armv7-m\libc.a(lib_a-reallocr.o)
 .debug_frame   0x00002244       0x2c c:/nxp/lpcxpresso_8.2.2_650/lpcxpresso/tools/bin/../lib/gcc/arm-none-eabi/5.4.1/../../../../arm-none-eabi/lib/armv7-m\libcr_newlib_nohost.a(_cr_sbrk.o)
 .debug_frame   0x00002270       0x20 c:/nxp/lpcxpresso_8.2.2_650/lpcxpresso/tools/bin/../lib/gcc/arm-none-eabi/5.4.1/../../../../arm-none-eabi/lib/armv7-m\libcr_newlib_nohost.a(_cr_check_heap.o)
 .debug_frame   0x00002290       0x20 c:/nxp/lpcxpresso_8.2.2_650/lpcxpresso/tools/bin/../lib/gcc/arm-none-eabi/5.4.1/../../../../arm-none-eabi/lib/armv7-m\libc.a(lib_a-errno.o)

.debug_loc      0x00000000       0x81
 .debug_loc     0x00000000       0x47 c:/nxp/lpcxpresso_8.2.2_650/lpcxpresso/tools/bin/../lib/gcc/arm-none-eabi/5.4.1/../../../../arm-none-eabi/lib/armv7-m\libcr_newlib_nohost.a(_cr_sbrk.o)
 .debug_loc     0x00000047       0x3a c:/nxp/lpcxpresso_8.2.2_650/lpcxpresso/tools/bin/../lib/gcc/arm-none-eabi/5.4.1/../../../../arm-none-eabi/lib/armv7-m\libcr_newlib_nohost.a(_cr_check_heap.o)
